interactions:
- request:
    body: '{"location": "westus2", "tags": {}, "properties": {"addressSpace": {"addressPrefixes":
      ["10.0.0.0/16"]}, "dhcpOptions": {}, "subnets": [{"name": "clitestsubnet7",
      "properties": {"addressPrefix": "10.0.0.0/24"}}]}}'
    headers:
      Accept:
      - application/json
      Accept-Encoding:
      - gzip, deflate
      CommandName:
      - network vnet create
      Connection:
      - keep-alive
      Content-Length:
      - '213'
      Content-Type:
      - application/json
      ParameterSetName:
      - -n -g -l --address-prefix --subnet-name --subnet-prefix
      User-Agent:
      - AZURECLI/2.16.0 azsdk-python-azure-mgmt-network/17.0.0 Python/3.7.4 (Windows-10-10.0.19041-SP0)
    method: PUT
    uri: https://management.azure.com/subscriptions/00000000-0000-0000-0000-000000000000/resourceGroups/clitest.rg000001/providers/Microsoft.Network/virtualNetworks/clitestvnet7?api-version=2020-07-01
  response:
    body:
      string: "{\r\n  \"name\": \"clitestvnet7\",\r\n  \"id\": \"/subscriptions/00000000-0000-0000-0000-000000000000/resourceGroups/clitest.rg000001/providers/Microsoft.Network/virtualNetworks/clitestvnet7\",\r\n
        \ \"etag\": \"W/\\\"8b3a4dae-6c6d-4bb7-b7d9-8d2b4ca3a823\\\"\",\r\n  \"type\":
        \"Microsoft.Network/virtualNetworks\",\r\n  \"location\": \"westus2\",\r\n
        \ \"tags\": {},\r\n  \"properties\": {\r\n    \"provisioningState\": \"Updating\",\r\n
        \   \"resourceGuid\": \"85f8eb12-3f84-4b51-a9f2-9b890e4e8c11\",\r\n    \"addressSpace\":
        {\r\n      \"addressPrefixes\": [\r\n        \"10.0.0.0/16\"\r\n      ]\r\n
        \   },\r\n    \"dhcpOptions\": {\r\n      \"dnsServers\": []\r\n    },\r\n
        \   \"subnets\": [\r\n      {\r\n        \"name\": \"clitestsubnet7\",\r\n
        \       \"id\": \"/subscriptions/00000000-0000-0000-0000-000000000000/resourceGroups/clitest.rg000001/providers/Microsoft.Network/virtualNetworks/clitestvnet7/subnets/clitestsubnet7\",\r\n
        \       \"etag\": \"W/\\\"8b3a4dae-6c6d-4bb7-b7d9-8d2b4ca3a823\\\"\",\r\n
        \       \"properties\": {\r\n          \"provisioningState\": \"Updating\",\r\n
        \         \"addressPrefix\": \"10.0.0.0/24\",\r\n          \"delegations\":
        [],\r\n          \"privateEndpointNetworkPolicies\": \"Enabled\",\r\n          \"privateLinkServiceNetworkPolicies\":
        \"Enabled\"\r\n        },\r\n        \"type\": \"Microsoft.Network/virtualNetworks/subnets\"\r\n
        \     }\r\n    ],\r\n    \"virtualNetworkPeerings\": [],\r\n    \"enableDdosProtection\":
        false,\r\n    \"enableVmProtection\": false\r\n  }\r\n}"
    headers:
      azure-asyncnotification:
      - Enabled
      azure-asyncoperation:
      - https://management.azure.com/subscriptions/00000000-0000-0000-0000-000000000000/providers/Microsoft.Network/locations/westus2/operations/56ab0dac-0016-4098-9acd-548036987069?api-version=2020-07-01
      cache-control:
      - no-cache
      content-length:
      - '1473'
      content-type:
      - application/json; charset=utf-8
      date:
      - Wed, 30 Dec 2020 05:48:11 GMT
      expires:
      - '-1'
      pragma:
      - no-cache
      server:
      - Microsoft-HTTPAPI/2.0
      - Microsoft-HTTPAPI/2.0
      strict-transport-security:
      - max-age=31536000; includeSubDomains
      x-content-type-options:
      - nosniff
      x-ms-arm-service-request-id:
      - ce574cea-7289-4b1e-bab2-ef3d186034d2
      x-ms-ratelimit-remaining-subscription-writes:
      - '1199'
    status:
      code: 201
      message: Created
- request:
    body: null
    headers:
      Accept:
      - '*/*'
      Accept-Encoding:
      - gzip, deflate
      CommandName:
      - network vnet create
      Connection:
      - keep-alive
      ParameterSetName:
      - -n -g -l --address-prefix --subnet-name --subnet-prefix
      User-Agent:
      - AZURECLI/2.16.0 azsdk-python-azure-mgmt-network/17.0.0 Python/3.7.4 (Windows-10-10.0.19041-SP0)
    method: GET
    uri: https://management.azure.com/subscriptions/00000000-0000-0000-0000-000000000000/providers/Microsoft.Network/locations/westus2/operations/56ab0dac-0016-4098-9acd-548036987069?api-version=2020-07-01
  response:
    body:
      string: "{\r\n  \"status\": \"Succeeded\"\r\n}"
    headers:
      cache-control:
      - no-cache
      content-length:
      - '29'
      content-type:
      - application/json; charset=utf-8
      date:
      - Wed, 30 Dec 2020 05:48:14 GMT
      expires:
      - '-1'
      pragma:
      - no-cache
      server:
      - Microsoft-HTTPAPI/2.0
      - Microsoft-HTTPAPI/2.0
      strict-transport-security:
      - max-age=31536000; includeSubDomains
      transfer-encoding:
      - chunked
      vary:
      - Accept-Encoding
      x-content-type-options:
      - nosniff
      x-ms-arm-service-request-id:
      - 04001e00-b073-4c24-8d47-a3a91145fe85
    status:
      code: 200
      message: OK
- request:
    body: null
    headers:
      Accept:
      - '*/*'
      Accept-Encoding:
      - gzip, deflate
      CommandName:
      - network vnet create
      Connection:
      - keep-alive
      ParameterSetName:
      - -n -g -l --address-prefix --subnet-name --subnet-prefix
      User-Agent:
      - AZURECLI/2.16.0 azsdk-python-azure-mgmt-network/17.0.0 Python/3.7.4 (Windows-10-10.0.19041-SP0)
    method: GET
    uri: https://management.azure.com/subscriptions/00000000-0000-0000-0000-000000000000/resourceGroups/clitest.rg000001/providers/Microsoft.Network/virtualNetworks/clitestvnet7?api-version=2020-07-01
  response:
    body:
      string: "{\r\n  \"name\": \"clitestvnet7\",\r\n  \"id\": \"/subscriptions/00000000-0000-0000-0000-000000000000/resourceGroups/clitest.rg000001/providers/Microsoft.Network/virtualNetworks/clitestvnet7\",\r\n
        \ \"etag\": \"W/\\\"bc8a914c-b95f-411f-bb99-f84ab06e4dc2\\\"\",\r\n  \"type\":
        \"Microsoft.Network/virtualNetworks\",\r\n  \"location\": \"westus2\",\r\n
        \ \"tags\": {},\r\n  \"properties\": {\r\n    \"provisioningState\": \"Succeeded\",\r\n
        \   \"resourceGuid\": \"85f8eb12-3f84-4b51-a9f2-9b890e4e8c11\",\r\n    \"addressSpace\":
        {\r\n      \"addressPrefixes\": [\r\n        \"10.0.0.0/16\"\r\n      ]\r\n
        \   },\r\n    \"dhcpOptions\": {\r\n      \"dnsServers\": []\r\n    },\r\n
        \   \"subnets\": [\r\n      {\r\n        \"name\": \"clitestsubnet7\",\r\n
        \       \"id\": \"/subscriptions/00000000-0000-0000-0000-000000000000/resourceGroups/clitest.rg000001/providers/Microsoft.Network/virtualNetworks/clitestvnet7/subnets/clitestsubnet7\",\r\n
        \       \"etag\": \"W/\\\"bc8a914c-b95f-411f-bb99-f84ab06e4dc2\\\"\",\r\n
        \       \"properties\": {\r\n          \"provisioningState\": \"Succeeded\",\r\n
        \         \"addressPrefix\": \"10.0.0.0/24\",\r\n          \"delegations\":
        [],\r\n          \"privateEndpointNetworkPolicies\": \"Enabled\",\r\n          \"privateLinkServiceNetworkPolicies\":
        \"Enabled\"\r\n        },\r\n        \"type\": \"Microsoft.Network/virtualNetworks/subnets\"\r\n
        \     }\r\n    ],\r\n    \"virtualNetworkPeerings\": [],\r\n    \"enableDdosProtection\":
        false,\r\n    \"enableVmProtection\": false\r\n  }\r\n}"
    headers:
      cache-control:
      - no-cache
      content-length:
      - '1475'
      content-type:
      - application/json; charset=utf-8
      date:
      - Wed, 30 Dec 2020 05:48:14 GMT
      etag:
      - W/"bc8a914c-b95f-411f-bb99-f84ab06e4dc2"
      expires:
      - '-1'
      pragma:
      - no-cache
      server:
      - Microsoft-HTTPAPI/2.0
      - Microsoft-HTTPAPI/2.0
      strict-transport-security:
      - max-age=31536000; includeSubDomains
      transfer-encoding:
      - chunked
      vary:
      - Accept-Encoding
      x-content-type-options:
      - nosniff
      x-ms-arm-service-request-id:
      - a0d518b0-b3c1-4687-b548-fb2e827b733b
    status:
      code: 200
      message: OK
- request:
    body: null
    headers:
      Accept:
      - application/json
      Accept-Encoding:
      - gzip, deflate
      CommandName:
      - mysql flexible-server create
      Connection:
      - keep-alive
      ParameterSetName:
      - -g -n --subnet -l
      User-Agent:
      - python/3.7.4 (Windows-10-10.0.19041-SP0) msrest/0.6.18 msrest_azure/0.6.3
        azure-mgmt-rdbms/2020-07-01-privatepreview Azure-SDK-For-Python AZURECLI/2.16.0
      accept-language:
      - en-US
    method: GET
    uri: https://management.azure.com/subscriptions/00000000-0000-0000-0000-000000000000/providers/Microsoft.DBForMySql/locations/westus2/capabilities?api-version=2020-07-01-privatepreview
  response:
    body:
      string: '{"value":[{"zone":"none","supportedFlexibleServerEditions":[{"name":"Burstable","supportedStorageEditions":[{"name":"PremiumFileShare","minStorageSize":{"name":"5120","storageSizeMB":5120},"maxStorageSize":{"name":"16777216","storageSizeMB":16777216},"minBackupRetentionDays":7,"maxBackupRetentionDays":35,"supportedStorageMB":[],"status":"Default"}],"supportedServerVersions":[{"name":"5.7","supportedVcores":[{"name":"Standard_B1s","vCores":1,"supportedIOPS":320,"supportedMemoryPerVcoreMB":1024,"status":"Available"},{"name":"Standard_B1ms","vCores":1,"supportedIOPS":640,"supportedMemoryPerVcoreMB":2048,"status":"Available"},{"name":"Standard_B2s","vCores":2,"supportedIOPS":1280,"supportedMemoryPerVcoreMB":2048,"status":"Available"}],"status":"Default"}],"status":"Available"},{"name":"GeneralPurpose","supportedStorageEditions":[{"name":"PremiumFileShare","minStorageSize":{"name":"5120","storageSizeMB":5120},"maxStorageSize":{"name":"16777216","storageSizeMB":16777216},"minBackupRetentionDays":7,"maxBackupRetentionDays":35,"supportedStorageMB":[],"status":"Default"}],"supportedServerVersions":[{"name":"5.7","supportedVcores":[{"name":"Standard_D2ds_v4","vCores":2,"supportedIOPS":3200,"supportedMemoryPerVcoreMB":4096,"status":"Available"},{"name":"Standard_D4ds_v4","vCores":4,"supportedIOPS":6400,"supportedMemoryPerVcoreMB":4096,"status":"Available"},{"name":"Standard_D8ds_v4","vCores":8,"supportedIOPS":12800,"supportedMemoryPerVcoreMB":4096,"status":"Available"},{"name":"Standard_D16ds_v4","vCores":16,"supportedIOPS":20000,"supportedMemoryPerVcoreMB":4096,"status":"Available"},{"name":"Standard_D32ds_v4","vCores":32,"supportedIOPS":20000,"supportedMemoryPerVcoreMB":4096,"status":"Available"},{"name":"Standard_D48ds_v4","vCores":48,"supportedIOPS":20000,"supportedMemoryPerVcoreMB":4096,"status":"Available"},{"name":"Standard_D64ds_v4","vCores":64,"supportedIOPS":20000,"supportedMemoryPerVcoreMB":4096,"status":"Available"}],"status":"Default"}],"status":"Default"},{"name":"MemoryOptimized","supportedStorageEditions":[{"name":"PremiumFileShare","minStorageSize":{"name":"5120","storageSizeMB":5120},"maxStorageSize":{"name":"16777216","storageSizeMB":16777216},"minBackupRetentionDays":7,"maxBackupRetentionDays":35,"supportedStorageMB":[],"status":"Default"}],"supportedServerVersions":[{"name":"5.7","supportedVcores":[{"name":"Standard_E2ds_v4","vCores":2,"supportedIOPS":3200,"supportedMemoryPerVcoreMB":8192,"status":"Available"},{"name":"Standard_E4ds_v4","vCores":4,"supportedIOPS":6400,"supportedMemoryPerVcoreMB":8192,"status":"Available"},{"name":"Standard_E8ds_v4","vCores":8,"supportedIOPS":12800,"supportedMemoryPerVcoreMB":8192,"status":"Available"},{"name":"Standard_E16ds_v4","vCores":16,"supportedIOPS":20000,"supportedMemoryPerVcoreMB":8192,"status":"Available"},{"name":"Standard_E32ds_v4","vCores":32,"supportedIOPS":20000,"supportedMemoryPerVcoreMB":8192,"status":"Available"},{"name":"Standard_E48ds_v4","vCores":48,"supportedIOPS":20000,"supportedMemoryPerVcoreMB":8192,"status":"Available"},{"name":"Standard_E64ds_v4","vCores":64,"supportedIOPS":20000,"supportedMemoryPerVcoreMB":8192,"status":"Available"}],"status":"Default"}],"status":"Available"}],"status":"Default"},{"zone":"1","supportedFlexibleServerEditions":[{"name":"Burstable","supportedStorageEditions":[{"name":"PremiumFileShare","minStorageSize":{"name":"5120","storageSizeMB":5120},"maxStorageSize":{"name":"16777216","storageSizeMB":16777216},"minBackupRetentionDays":7,"maxBackupRetentionDays":35,"supportedStorageMB":[],"status":"Default"}],"supportedServerVersions":[{"name":"5.7","supportedVcores":[{"name":"Standard_B1s","vCores":1,"supportedIOPS":320,"supportedMemoryPerVcoreMB":1024,"status":"Available"},{"name":"Standard_B1ms","vCores":1,"supportedIOPS":640,"supportedMemoryPerVcoreMB":2048,"status":"Available"},{"name":"Standard_B2s","vCores":2,"supportedIOPS":1280,"supportedMemoryPerVcoreMB":2048,"status":"Available"}],"status":"Default"}],"status":"Available"},{"name":"GeneralPurpose","supportedStorageEditions":[{"name":"PremiumFileShare","minStorageSize":{"name":"5120","storageSizeMB":5120},"maxStorageSize":{"name":"16777216","storageSizeMB":16777216},"minBackupRetentionDays":7,"maxBackupRetentionDays":35,"supportedStorageMB":[],"status":"Default"}],"supportedServerVersions":[{"name":"5.7","supportedVcores":[{"name":"Standard_D2ds_v4","vCores":2,"supportedIOPS":3200,"supportedMemoryPerVcoreMB":4096,"status":"Available"},{"name":"Standard_D4ds_v4","vCores":4,"supportedIOPS":6400,"supportedMemoryPerVcoreMB":4096,"status":"Available"},{"name":"Standard_D8ds_v4","vCores":8,"supportedIOPS":12800,"supportedMemoryPerVcoreMB":4096,"status":"Available"},{"name":"Standard_D16ds_v4","vCores":16,"supportedIOPS":20000,"supportedMemoryPerVcoreMB":4096,"status":"Available"},{"name":"Standard_D32ds_v4","vCores":32,"supportedIOPS":20000,"supportedMemoryPerVcoreMB":4096,"status":"Available"},{"name":"Standard_D48ds_v4","vCores":48,"supportedIOPS":20000,"supportedMemoryPerVcoreMB":4096,"status":"Available"},{"name":"Standard_D64ds_v4","vCores":64,"supportedIOPS":20000,"supportedMemoryPerVcoreMB":4096,"status":"Available"}],"status":"Default"}],"status":"Default"},{"name":"MemoryOptimized","supportedStorageEditions":[{"name":"PremiumFileShare","minStorageSize":{"name":"5120","storageSizeMB":5120},"maxStorageSize":{"name":"16777216","storageSizeMB":16777216},"minBackupRetentionDays":7,"maxBackupRetentionDays":35,"supportedStorageMB":[],"status":"Default"}],"supportedServerVersions":[{"name":"5.7","supportedVcores":[{"name":"Standard_E2ds_v4","vCores":2,"supportedIOPS":3200,"supportedMemoryPerVcoreMB":8192,"status":"Available"},{"name":"Standard_E4ds_v4","vCores":4,"supportedIOPS":6400,"supportedMemoryPerVcoreMB":8192,"status":"Available"},{"name":"Standard_E8ds_v4","vCores":8,"supportedIOPS":12800,"supportedMemoryPerVcoreMB":8192,"status":"Available"},{"name":"Standard_E16ds_v4","vCores":16,"supportedIOPS":20000,"supportedMemoryPerVcoreMB":8192,"status":"Available"},{"name":"Standard_E32ds_v4","vCores":32,"supportedIOPS":20000,"supportedMemoryPerVcoreMB":8192,"status":"Available"},{"name":"Standard_E48ds_v4","vCores":48,"supportedIOPS":20000,"supportedMemoryPerVcoreMB":8192,"status":"Available"},{"name":"Standard_E64ds_v4","vCores":64,"supportedIOPS":20000,"supportedMemoryPerVcoreMB":8192,"status":"Available"}],"status":"Default"}],"status":"Available"}],"status":"Available"},{"zone":"2","supportedFlexibleServerEditions":[{"name":"Burstable","supportedStorageEditions":[{"name":"PremiumFileShare","minStorageSize":{"name":"5120","storageSizeMB":5120},"maxStorageSize":{"name":"16777216","storageSizeMB":16777216},"minBackupRetentionDays":7,"maxBackupRetentionDays":35,"supportedStorageMB":[],"status":"Default"}],"supportedServerVersions":[{"name":"5.7","supportedVcores":[{"name":"Standard_B1s","vCores":1,"supportedIOPS":320,"supportedMemoryPerVcoreMB":1024,"status":"Available"},{"name":"Standard_B1ms","vCores":1,"supportedIOPS":640,"supportedMemoryPerVcoreMB":2048,"status":"Available"},{"name":"Standard_B2s","vCores":2,"supportedIOPS":1280,"supportedMemoryPerVcoreMB":2048,"status":"Available"}],"status":"Default"}],"status":"Available"},{"name":"GeneralPurpose","supportedStorageEditions":[{"name":"PremiumFileShare","minStorageSize":{"name":"5120","storageSizeMB":5120},"maxStorageSize":{"name":"16777216","storageSizeMB":16777216},"minBackupRetentionDays":7,"maxBackupRetentionDays":35,"supportedStorageMB":[],"status":"Default"}],"supportedServerVersions":[{"name":"5.7","supportedVcores":[{"name":"Standard_D2ds_v4","vCores":2,"supportedIOPS":3200,"supportedMemoryPerVcoreMB":4096,"status":"Available"},{"name":"Standard_D4ds_v4","vCores":4,"supportedIOPS":6400,"supportedMemoryPerVcoreMB":4096,"status":"Available"},{"name":"Standard_D8ds_v4","vCores":8,"supportedIOPS":12800,"supportedMemoryPerVcoreMB":4096,"status":"Available"},{"name":"Standard_D16ds_v4","vCores":16,"supportedIOPS":20000,"supportedMemoryPerVcoreMB":4096,"status":"Available"},{"name":"Standard_D32ds_v4","vCores":32,"supportedIOPS":20000,"supportedMemoryPerVcoreMB":4096,"status":"Available"},{"name":"Standard_D48ds_v4","vCores":48,"supportedIOPS":20000,"supportedMemoryPerVcoreMB":4096,"status":"Available"},{"name":"Standard_D64ds_v4","vCores":64,"supportedIOPS":20000,"supportedMemoryPerVcoreMB":4096,"status":"Available"}],"status":"Default"}],"status":"Default"},{"name":"MemoryOptimized","supportedStorageEditions":[{"name":"PremiumFileShare","minStorageSize":{"name":"5120","storageSizeMB":5120},"maxStorageSize":{"name":"16777216","storageSizeMB":16777216},"minBackupRetentionDays":7,"maxBackupRetentionDays":35,"supportedStorageMB":[],"status":"Default"}],"supportedServerVersions":[{"name":"5.7","supportedVcores":[{"name":"Standard_E2ds_v4","vCores":2,"supportedIOPS":3200,"supportedMemoryPerVcoreMB":8192,"status":"Available"},{"name":"Standard_E4ds_v4","vCores":4,"supportedIOPS":6400,"supportedMemoryPerVcoreMB":8192,"status":"Available"},{"name":"Standard_E8ds_v4","vCores":8,"supportedIOPS":12800,"supportedMemoryPerVcoreMB":8192,"status":"Available"},{"name":"Standard_E16ds_v4","vCores":16,"supportedIOPS":20000,"supportedMemoryPerVcoreMB":8192,"status":"Available"},{"name":"Standard_E32ds_v4","vCores":32,"supportedIOPS":20000,"supportedMemoryPerVcoreMB":8192,"status":"Available"},{"name":"Standard_E48ds_v4","vCores":48,"supportedIOPS":20000,"supportedMemoryPerVcoreMB":8192,"status":"Available"},{"name":"Standard_E64ds_v4","vCores":64,"supportedIOPS":20000,"supportedMemoryPerVcoreMB":8192,"status":"Available"}],"status":"Default"}],"status":"Available"}],"status":"Available"},{"zone":"3","supportedFlexibleServerEditions":[{"name":"Burstable","supportedStorageEditions":[{"name":"PremiumFileShare","minStorageSize":{"name":"5120","storageSizeMB":5120},"maxStorageSize":{"name":"16777216","storageSizeMB":16777216},"minBackupRetentionDays":7,"maxBackupRetentionDays":35,"supportedStorageMB":[],"status":"Default"}],"supportedServerVersions":[{"name":"5.7","supportedVcores":[{"name":"Standard_B1s","vCores":1,"supportedIOPS":320,"supportedMemoryPerVcoreMB":1024,"status":"Available"},{"name":"Standard_B1ms","vCores":1,"supportedIOPS":640,"supportedMemoryPerVcoreMB":2048,"status":"Available"},{"name":"Standard_B2s","vCores":2,"supportedIOPS":1280,"supportedMemoryPerVcoreMB":2048,"status":"Available"}],"status":"Default"}],"status":"Available"},{"name":"GeneralPurpose","supportedStorageEditions":[{"name":"PremiumFileShare","minStorageSize":{"name":"5120","storageSizeMB":5120},"maxStorageSize":{"name":"16777216","storageSizeMB":16777216},"minBackupRetentionDays":7,"maxBackupRetentionDays":35,"supportedStorageMB":[],"status":"Default"}],"supportedServerVersions":[{"name":"5.7","supportedVcores":[{"name":"Standard_D2ds_v4","vCores":2,"supportedIOPS":3200,"supportedMemoryPerVcoreMB":4096,"status":"Available"},{"name":"Standard_D4ds_v4","vCores":4,"supportedIOPS":6400,"supportedMemoryPerVcoreMB":4096,"status":"Available"},{"name":"Standard_D8ds_v4","vCores":8,"supportedIOPS":12800,"supportedMemoryPerVcoreMB":4096,"status":"Available"},{"name":"Standard_D16ds_v4","vCores":16,"supportedIOPS":20000,"supportedMemoryPerVcoreMB":4096,"status":"Available"},{"name":"Standard_D32ds_v4","vCores":32,"supportedIOPS":20000,"supportedMemoryPerVcoreMB":4096,"status":"Available"},{"name":"Standard_D48ds_v4","vCores":48,"supportedIOPS":20000,"supportedMemoryPerVcoreMB":4096,"status":"Available"},{"name":"Standard_D64ds_v4","vCores":64,"supportedIOPS":20000,"supportedMemoryPerVcoreMB":4096,"status":"Available"}],"status":"Default"}],"status":"Default"},{"name":"MemoryOptimized","supportedStorageEditions":[{"name":"PremiumFileShare","minStorageSize":{"name":"5120","storageSizeMB":5120},"maxStorageSize":{"name":"16777216","storageSizeMB":16777216},"minBackupRetentionDays":7,"maxBackupRetentionDays":35,"supportedStorageMB":[],"status":"Default"}],"supportedServerVersions":[{"name":"5.7","supportedVcores":[{"name":"Standard_E2ds_v4","vCores":2,"supportedIOPS":3200,"supportedMemoryPerVcoreMB":8192,"status":"Available"},{"name":"Standard_E4ds_v4","vCores":4,"supportedIOPS":6400,"supportedMemoryPerVcoreMB":8192,"status":"Available"},{"name":"Standard_E8ds_v4","vCores":8,"supportedIOPS":12800,"supportedMemoryPerVcoreMB":8192,"status":"Available"},{"name":"Standard_E16ds_v4","vCores":16,"supportedIOPS":20000,"supportedMemoryPerVcoreMB":8192,"status":"Available"},{"name":"Standard_E32ds_v4","vCores":32,"supportedIOPS":20000,"supportedMemoryPerVcoreMB":8192,"status":"Available"},{"name":"Standard_E48ds_v4","vCores":48,"supportedIOPS":20000,"supportedMemoryPerVcoreMB":8192,"status":"Available"},{"name":"Standard_E64ds_v4","vCores":64,"supportedIOPS":20000,"supportedMemoryPerVcoreMB":8192,"status":"Available"}],"status":"Default"}],"status":"Available"}],"status":"Available"}]}'
    headers:
      cache-control:
      - no-cache
      content-length:
      - '12872'
      content-type:
      - application/json; charset=utf-8
      date:
      - Wed, 30 Dec 2020 05:48:15 GMT
      expires:
      - '-1'
      pragma:
      - no-cache
      server:
      - Microsoft-HTTPAPI/2.0
      strict-transport-security:
      - max-age=31536000; includeSubDomains
      transfer-encoding:
      - chunked
      vary:
      - Accept-Encoding
      x-content-type-options:
      - nosniff
    status:
      code: 200
      message: OK
- request:
    body: '{"name": "azuredbclitest-000003", "type": "Microsoft.DBforMySQL/flexibleServers"}'
    headers:
      Accept:
      - application/json
      Accept-Encoding:
      - gzip, deflate
      CommandName:
      - mysql flexible-server create
      Connection:
      - keep-alive
      Content-Length:
      - '80'
      Content-Type:
      - application/json; charset=utf-8
      ParameterSetName:
      - -g -n --subnet -l
      User-Agent:
      - python/3.7.4 (Windows-10-10.0.19041-SP0) msrest/0.6.18 msrest_azure/0.6.3
        azure-mgmt-rdbms/2020-07-01-privatepreview Azure-SDK-For-Python AZURECLI/2.16.0
      accept-language:
      - en-US
    method: POST
    uri: https://management.azure.com/subscriptions/00000000-0000-0000-0000-000000000000/providers/Microsoft.DBForMySql/checkNameAvailability?api-version=2020-07-01-privatepreview
  response:
    body:
      string: '{"nameAvailable":true,"message":""}'
    headers:
      cache-control:
      - no-cache
      content-length:
      - '35'
      content-type:
      - application/json; charset=utf-8
      date:
      - Wed, 30 Dec 2020 05:48:16 GMT
      expires:
      - '-1'
      pragma:
      - no-cache
      server:
      - Microsoft-HTTPAPI/2.0
      strict-transport-security:
      - max-age=31536000; includeSubDomains
      transfer-encoding:
      - chunked
      vary:
      - Accept-Encoding
      x-content-type-options:
      - nosniff
      x-ms-ratelimit-remaining-subscription-writes:
      - '1199'
    status:
      code: 200
      message: OK
- request:
    body: null
    headers:
      Accept:
      - application/json
      Accept-Encoding:
      - gzip, deflate
      CommandName:
      - mysql flexible-server create
      Connection:
      - keep-alive
      ParameterSetName:
      - -g -n --subnet -l
      User-Agent:
      - python/3.7.4 (Windows-10-10.0.19041-SP0) msrest/0.6.18 msrest_azure/0.6.3
        azure-mgmt-resource/10.3.0 Azure-SDK-For-Python AZURECLI/2.16.0
      accept-language:
      - en-US
    method: HEAD
    uri: https://management.azure.com/subscriptions/00000000-0000-0000-0000-000000000000/resourcegroups/clitest.rg000002?api-version=2020-06-01
  response:
    body:
      string: ''
    headers:
      cache-control:
      - no-cache
      content-length:
      - '0'
      date:
      - Wed, 30 Dec 2020 05:48:16 GMT
      expires:
      - '-1'
      pragma:
      - no-cache
      strict-transport-security:
      - max-age=31536000; includeSubDomains
      x-content-type-options:
      - nosniff
    status:
      code: 204
      message: No Content
- request:
    body: null
    headers:
      Accept:
      - application/json
      Accept-Encoding:
      - gzip, deflate
      CommandName:
      - mysql flexible-server create
      Connection:
      - keep-alive
      ParameterSetName:
      - -g -n --subnet -l
      User-Agent:
      - python/3.7.4 (Windows-10-10.0.19041-SP0) msrest/0.6.18 msrest_azure/0.6.3
        azure-mgmt-resource/10.3.0 Azure-SDK-For-Python AZURECLI/2.16.0
      accept-language:
      - en-US
    method: GET
    uri: https://management.azure.com/subscriptions/00000000-0000-0000-0000-000000000000/resourcegroups/clitest.rg000001?api-version=2020-06-01
  response:
    body:
      string: '{"id":"/subscriptions/00000000-0000-0000-0000-000000000000/resourceGroups/clitest.rg000001","name":"clitest.rg000001","type":"Microsoft.Resources/resourceGroups","location":"westus2","tags":{"product":"azurecli","cause":"automation","date":"2020-12-30T05:48:08Z"},"properties":{"provisioningState":"Succeeded"}}'
    headers:
      cache-control:
      - no-cache
      content-length:
      - '429'
      content-type:
      - application/json; charset=utf-8
      date:
      - Wed, 30 Dec 2020 05:48:16 GMT
      expires:
      - '-1'
      pragma:
      - no-cache
      strict-transport-security:
      - max-age=31536000; includeSubDomains
      vary:
      - Accept-Encoding
      x-content-type-options:
      - nosniff
    status:
      code: 200
      message: OK
- request:
    body: null
    headers:
      Accept:
      - application/json
      Accept-Encoding:
      - gzip, deflate
      CommandName:
      - mysql flexible-server create
      Connection:
      - keep-alive
      ParameterSetName:
      - -g -n --subnet -l
      User-Agent:
      - AZURECLI/2.16.0 azsdk-python-azure-mgmt-network/17.0.0 Python/3.7.4 (Windows-10-10.0.19041-SP0)
    method: GET
    uri: https://management.azure.com/subscriptions/00000000-0000-0000-0000-000000000000/resourceGroups/clitest.rg000001/providers/Microsoft.Network/virtualNetworks/clitestvnet7/subnets/clitestsubnet7?api-version=2020-07-01
  response:
    body:
      string: "{\r\n  \"name\": \"clitestsubnet7\",\r\n  \"id\": \"/subscriptions/00000000-0000-0000-0000-000000000000/resourceGroups/clitest.rg000001/providers/Microsoft.Network/virtualNetworks/clitestvnet7/subnets/clitestsubnet7\",\r\n
        \ \"etag\": \"W/\\\"bc8a914c-b95f-411f-bb99-f84ab06e4dc2\\\"\",\r\n  \"properties\":
        {\r\n    \"provisioningState\": \"Succeeded\",\r\n    \"addressPrefix\": \"10.0.0.0/24\",\r\n
        \   \"delegations\": [],\r\n    \"privateEndpointNetworkPolicies\": \"Enabled\",\r\n
        \   \"privateLinkServiceNetworkPolicies\": \"Enabled\"\r\n  },\r\n  \"type\":
        \"Microsoft.Network/virtualNetworks/subnets\"\r\n}"
    headers:
      cache-control:
      - no-cache
      content-length:
      - '607'
      content-type:
      - application/json; charset=utf-8
      date:
      - Wed, 30 Dec 2020 05:48:17 GMT
      etag:
      - W/"bc8a914c-b95f-411f-bb99-f84ab06e4dc2"
      expires:
      - '-1'
      pragma:
      - no-cache
      server:
      - Microsoft-HTTPAPI/2.0
      - Microsoft-HTTPAPI/2.0
      strict-transport-security:
      - max-age=31536000; includeSubDomains
      transfer-encoding:
      - chunked
      vary:
      - Accept-Encoding
      x-content-type-options:
      - nosniff
      x-ms-arm-service-request-id:
      - 582715e8-b986-419c-92a5-6c7110bcfbbd
    status:
      code: 200
      message: OK
- request:
    body: '{"id": "/subscriptions/00000000-0000-0000-0000-000000000000/resourceGroups/clitest.rg000001/providers/Microsoft.Network/virtualNetworks/clitestvnet7/subnets/clitestsubnet7",
      "name": "clitestsubnet7", "properties": {"addressPrefix": "10.0.0.0/24", "delegations":
      [{"name": "Microsoft.DBforMySQL/flexibleServers", "properties": {"serviceName":
      "Microsoft.DBforMySQL/flexibleServers"}}], "privateEndpointNetworkPolicies":
      "Enabled", "privateLinkServiceNetworkPolicies": "Enabled"}}'
    headers:
      Accept:
      - application/json
      Accept-Encoding:
      - gzip, deflate
      CommandName:
      - mysql flexible-server create
      Connection:
      - keep-alive
      Content-Length:
      - '537'
      Content-Type:
      - application/json
      ParameterSetName:
      - -g -n --subnet -l
      User-Agent:
      - AZURECLI/2.16.0 azsdk-python-azure-mgmt-network/17.0.0 Python/3.7.4 (Windows-10-10.0.19041-SP0)
    method: PUT
    uri: https://management.azure.com/subscriptions/00000000-0000-0000-0000-000000000000/resourceGroups/clitest.rg000001/providers/Microsoft.Network/virtualNetworks/clitestvnet7/subnets/clitestsubnet7?api-version=2020-07-01
  response:
    body:
      string: "{\r\n  \"name\": \"clitestsubnet7\",\r\n  \"id\": \"/subscriptions/00000000-0000-0000-0000-000000000000/resourceGroups/clitest.rg000001/providers/Microsoft.Network/virtualNetworks/clitestvnet7/subnets/clitestsubnet7\",\r\n
        \ \"etag\": \"W/\\\"0c68a19a-0f99-400c-a722-98df21603162\\\"\",\r\n  \"properties\":
        {\r\n    \"provisioningState\": \"Updating\",\r\n    \"addressPrefix\": \"10.0.0.0/24\",\r\n
        \   \"delegations\": [\r\n      {\r\n        \"name\": \"Microsoft.DBforMySQL/flexibleServers\",\r\n
        \       \"id\": \"/subscriptions/00000000-0000-0000-0000-000000000000/resourceGroups/clitest.rg000001/providers/Microsoft.Network/virtualNetworks/clitestvnet7/subnets/clitestsubnet7/delegations/Microsoft.DBforMySQL/flexibleServers\",\r\n
        \       \"etag\": \"W/\\\"0c68a19a-0f99-400c-a722-98df21603162\\\"\",\r\n
        \       \"properties\": {\r\n          \"provisioningState\": \"Succeeded\",\r\n
        \         \"serviceName\": \"Microsoft.DBforMySQL/flexibleServers\",\r\n          \"actions\":
        [\r\n            \"Microsoft.Network/virtualNetworks/subnets/join/action\"\r\n
        \         ]\r\n        },\r\n        \"type\": \"Microsoft.Network/virtualNetworks/subnets/delegations\"\r\n
        \     }\r\n    ],\r\n    \"privateEndpointNetworkPolicies\": \"Enabled\",\r\n
        \   \"privateLinkServiceNetworkPolicies\": \"Enabled\"\r\n  },\r\n  \"type\":
        \"Microsoft.Network/virtualNetworks/subnets\"\r\n}"
    headers:
      azure-asyncoperation:
      - https://management.azure.com/subscriptions/00000000-0000-0000-0000-000000000000/providers/Microsoft.Network/locations/westus2/operations/293d15b2-4297-4e66-acfa-c0678096da55?api-version=2020-07-01
      cache-control:
      - no-cache
      content-length:
      - '1367'
      content-type:
      - application/json; charset=utf-8
      date:
      - Wed, 30 Dec 2020 05:48:18 GMT
      expires:
      - '-1'
      pragma:
      - no-cache
      server:
      - Microsoft-HTTPAPI/2.0
      - Microsoft-HTTPAPI/2.0
      strict-transport-security:
      - max-age=31536000; includeSubDomains
      transfer-encoding:
      - chunked
      vary:
      - Accept-Encoding
      x-content-type-options:
      - nosniff
      x-ms-arm-service-request-id:
      - f139df68-43a8-4479-8081-f6932066092e
      x-ms-ratelimit-remaining-subscription-writes:
      - '1199'
    status:
      code: 200
      message: OK
- request:
    body: null
    headers:
      Accept:
      - '*/*'
      Accept-Encoding:
      - gzip, deflate
      CommandName:
      - mysql flexible-server create
      Connection:
      - keep-alive
      ParameterSetName:
      - -g -n --subnet -l
      User-Agent:
      - AZURECLI/2.16.0 azsdk-python-azure-mgmt-network/17.0.0 Python/3.7.4 (Windows-10-10.0.19041-SP0)
    method: GET
    uri: https://management.azure.com/subscriptions/00000000-0000-0000-0000-000000000000/providers/Microsoft.Network/locations/westus2/operations/293d15b2-4297-4e66-acfa-c0678096da55?api-version=2020-07-01
  response:
    body:
      string: "{\r\n  \"status\": \"Succeeded\"\r\n}"
    headers:
      cache-control:
      - no-cache
      content-length:
      - '29'
      content-type:
      - application/json; charset=utf-8
      date:
      - Wed, 30 Dec 2020 05:48:21 GMT
      expires:
      - '-1'
      pragma:
      - no-cache
      server:
      - Microsoft-HTTPAPI/2.0
      - Microsoft-HTTPAPI/2.0
      strict-transport-security:
      - max-age=31536000; includeSubDomains
      transfer-encoding:
      - chunked
      vary:
      - Accept-Encoding
      x-content-type-options:
      - nosniff
      x-ms-arm-service-request-id:
      - caea7390-238f-4ee0-902c-0e2f12a81346
    status:
      code: 200
      message: OK
- request:
    body: null
    headers:
      Accept:
      - '*/*'
      Accept-Encoding:
      - gzip, deflate
      CommandName:
      - mysql flexible-server create
      Connection:
      - keep-alive
      ParameterSetName:
      - -g -n --subnet -l
      User-Agent:
      - AZURECLI/2.16.0 azsdk-python-azure-mgmt-network/17.0.0 Python/3.7.4 (Windows-10-10.0.19041-SP0)
    method: GET
    uri: https://management.azure.com/subscriptions/00000000-0000-0000-0000-000000000000/resourceGroups/clitest.rg000001/providers/Microsoft.Network/virtualNetworks/clitestvnet7/subnets/clitestsubnet7?api-version=2020-07-01
  response:
    body:
      string: "{\r\n  \"name\": \"clitestsubnet7\",\r\n  \"id\": \"/subscriptions/00000000-0000-0000-0000-000000000000/resourceGroups/clitest.rg000001/providers/Microsoft.Network/virtualNetworks/clitestvnet7/subnets/clitestsubnet7\",\r\n
        \ \"etag\": \"W/\\\"3eab9a00-9acf-448a-9a61-f65ec93ea6af\\\"\",\r\n  \"properties\":
        {\r\n    \"provisioningState\": \"Succeeded\",\r\n    \"addressPrefix\": \"10.0.0.0/24\",\r\n
        \   \"delegations\": [\r\n      {\r\n        \"name\": \"Microsoft.DBforMySQL/flexibleServers\",\r\n
        \       \"id\": \"/subscriptions/00000000-0000-0000-0000-000000000000/resourceGroups/clitest.rg000001/providers/Microsoft.Network/virtualNetworks/clitestvnet7/subnets/clitestsubnet7/delegations/Microsoft.DBforMySQL/flexibleServers\",\r\n
        \       \"etag\": \"W/\\\"3eab9a00-9acf-448a-9a61-f65ec93ea6af\\\"\",\r\n
        \       \"properties\": {\r\n          \"provisioningState\": \"Succeeded\",\r\n
        \         \"serviceName\": \"Microsoft.DBforMySQL/flexibleServers\",\r\n          \"actions\":
        [\r\n            \"Microsoft.Network/virtualNetworks/subnets/join/action\"\r\n
        \         ]\r\n        },\r\n        \"type\": \"Microsoft.Network/virtualNetworks/subnets/delegations\"\r\n
        \     }\r\n    ],\r\n    \"privateEndpointNetworkPolicies\": \"Enabled\",\r\n
        \   \"privateLinkServiceNetworkPolicies\": \"Enabled\"\r\n  },\r\n  \"type\":
        \"Microsoft.Network/virtualNetworks/subnets\"\r\n}"
    headers:
      cache-control:
      - no-cache
      content-length:
      - '1368'
      content-type:
      - application/json; charset=utf-8
      date:
      - Wed, 30 Dec 2020 05:48:21 GMT
      etag:
      - W/"3eab9a00-9acf-448a-9a61-f65ec93ea6af"
      expires:
      - '-1'
      pragma:
      - no-cache
      server:
      - Microsoft-HTTPAPI/2.0
      - Microsoft-HTTPAPI/2.0
      strict-transport-security:
      - max-age=31536000; includeSubDomains
      transfer-encoding:
      - chunked
      vary:
      - Accept-Encoding
      x-content-type-options:
      - nosniff
      x-ms-arm-service-request-id:
      - 9b9d102f-fb17-47f9-8344-0441892a77db
    status:
      code: 200
      message: OK
- request:
    body: '{"location": "westus2", "sku": {"name": "Standard_B1ms", "tier": "Burstable"},
      "properties": {"administratorLogin": "famousLinnet8", "administratorLoginPassword":
      "FxIQ0AdSGRN8LI_yzWfIFA", "version": "5.7", "haEnabled": "Disabled", "storageProfile":
      {"backupRetentionDays": 7, "storageMB": 10240}, "delegatedSubnetArguments":
      {"subnetArmResourceId": "/subscriptions/00000000-0000-0000-0000-000000000000/resourceGroups/clitest.rg000001/providers/Microsoft.Network/virtualNetworks/clitestvnet7/subnets/clitestsubnet7"},
      "createMode": "Default"}}'
    headers:
      Accept:
      - application/json
      Accept-Encoding:
      - gzip, deflate
      CommandName:
      - mysql flexible-server create
      Connection:
      - keep-alive
      Content-Length:
      - '602'
      Content-Type:
      - application/json; charset=utf-8
      ParameterSetName:
      - -g -n --subnet -l
      User-Agent:
      - python/3.7.4 (Windows-10-10.0.19041-SP0) msrest/0.6.18 msrest_azure/0.6.3
        azure-mgmt-rdbms/2020-07-01-privatepreview Azure-SDK-For-Python AZURECLI/2.16.0
      accept-language:
      - en-US
    method: PUT
    uri: https://management.azure.com/subscriptions/00000000-0000-0000-0000-000000000000/resourceGroups/clitest.rg000002/providers/Microsoft.DBForMySql/flexibleServers/azuredbclitest-000003?api-version=2020-07-01-privatepreview
  response:
    body:
      string: '{"operation":"UpsertServerManagementOperationV2","startTime":"2020-12-30T05:48:23.61Z"}'
    headers:
      azure-asyncoperation:
      - https://management.azure.com/subscriptions/00000000-0000-0000-0000-000000000000/providers/Microsoft.DBforMySQL/locations/westus2/azureAsyncOperation/675eed5b-93c4-4570-b79f-57f5587f4dc9?api-version=2020-07-01-privatepreview
      cache-control:
      - no-cache
      content-length:
      - '87'
      content-type:
      - application/json; charset=utf-8
      date:
      - Wed, 30 Dec 2020 05:48:23 GMT
      expires:
      - '-1'
      location:
      - https://management.azure.com/subscriptions/00000000-0000-0000-0000-000000000000/providers/Microsoft.DBforMySQL/locations/westus2/operationResults/675eed5b-93c4-4570-b79f-57f5587f4dc9?api-version=2020-07-01-privatepreview
      pragma:
      - no-cache
      server:
      - Microsoft-HTTPAPI/2.0
      strict-transport-security:
      - max-age=31536000; includeSubDomains
      x-content-type-options:
      - nosniff
      x-ms-ratelimit-remaining-subscription-writes:
      - '1199'
    status:
      code: 202
      message: Accepted
- request:
    body: null
    headers:
      Accept:
      - application/json
      Accept-Encoding:
      - gzip, deflate
      CommandName:
      - mysql flexible-server create
      Connection:
      - keep-alive
      ParameterSetName:
      - -g -n --subnet -l
      User-Agent:
      - python/3.7.4 (Windows-10-10.0.19041-SP0) msrest/0.6.18 msrest_azure/0.6.3
        azure-mgmt-rdbms/2020-07-01-privatepreview Azure-SDK-For-Python AZURECLI/2.16.0
    method: GET
    uri: https://management.azure.com/subscriptions/00000000-0000-0000-0000-000000000000/providers/Microsoft.DBforMySQL/locations/westus2/azureAsyncOperation/675eed5b-93c4-4570-b79f-57f5587f4dc9?api-version=2020-07-01-privatepreview
  response:
    body:
      string: '{"name":"675eed5b-93c4-4570-b79f-57f5587f4dc9","status":"InProgress","startTime":"2020-12-30T05:48:23.61Z"}'
    headers:
      cache-control:
      - no-cache
      content-length:
      - '107'
      content-type:
      - application/json; charset=utf-8
      date:
      - Wed, 30 Dec 2020 05:49:24 GMT
      expires:
      - '-1'
      pragma:
      - no-cache
      server:
      - Microsoft-HTTPAPI/2.0
      strict-transport-security:
      - max-age=31536000; includeSubDomains
      transfer-encoding:
      - chunked
      vary:
      - Accept-Encoding
      x-content-type-options:
      - nosniff
    status:
      code: 200
      message: OK
- request:
    body: null
    headers:
      Accept:
      - application/json
      Accept-Encoding:
      - gzip, deflate
      CommandName:
      - mysql flexible-server create
      Connection:
      - keep-alive
      ParameterSetName:
      - -g -n --subnet -l
      User-Agent:
      - python/3.7.4 (Windows-10-10.0.19041-SP0) msrest/0.6.18 msrest_azure/0.6.3
        azure-mgmt-rdbms/2020-07-01-privatepreview Azure-SDK-For-Python AZURECLI/2.16.0
    method: GET
    uri: https://management.azure.com/subscriptions/00000000-0000-0000-0000-000000000000/providers/Microsoft.DBforMySQL/locations/westus2/azureAsyncOperation/675eed5b-93c4-4570-b79f-57f5587f4dc9?api-version=2020-07-01-privatepreview
  response:
    body:
      string: '{"name":"675eed5b-93c4-4570-b79f-57f5587f4dc9","status":"InProgress","startTime":"2020-12-30T05:48:23.61Z"}'
    headers:
      cache-control:
      - no-cache
      content-length:
      - '107'
      content-type:
      - application/json; charset=utf-8
      date:
      - Wed, 30 Dec 2020 05:50:23 GMT
      expires:
      - '-1'
      pragma:
      - no-cache
      server:
      - Microsoft-HTTPAPI/2.0
      strict-transport-security:
      - max-age=31536000; includeSubDomains
      transfer-encoding:
      - chunked
      vary:
      - Accept-Encoding
      x-content-type-options:
      - nosniff
    status:
      code: 200
      message: OK
- request:
    body: null
    headers:
      Accept:
      - application/json
      Accept-Encoding:
      - gzip, deflate
      CommandName:
      - mysql flexible-server create
      Connection:
      - keep-alive
      ParameterSetName:
      - -g -n --subnet -l
      User-Agent:
      - python/3.7.4 (Windows-10-10.0.19041-SP0) msrest/0.6.18 msrest_azure/0.6.3
        azure-mgmt-rdbms/2020-07-01-privatepreview Azure-SDK-For-Python AZURECLI/2.16.0
    method: GET
    uri: https://management.azure.com/subscriptions/00000000-0000-0000-0000-000000000000/providers/Microsoft.DBforMySQL/locations/westus2/azureAsyncOperation/675eed5b-93c4-4570-b79f-57f5587f4dc9?api-version=2020-07-01-privatepreview
  response:
    body:
      string: '{"name":"675eed5b-93c4-4570-b79f-57f5587f4dc9","status":"InProgress","startTime":"2020-12-30T05:48:23.61Z"}'
    headers:
      cache-control:
      - no-cache
      content-length:
      - '107'
      content-type:
      - application/json; charset=utf-8
      date:
      - Wed, 30 Dec 2020 05:51:23 GMT
      expires:
      - '-1'
      pragma:
      - no-cache
      server:
      - Microsoft-HTTPAPI/2.0
      strict-transport-security:
      - max-age=31536000; includeSubDomains
      transfer-encoding:
      - chunked
      vary:
      - Accept-Encoding
      x-content-type-options:
      - nosniff
    status:
      code: 200
      message: OK
- request:
    body: null
    headers:
      Accept:
      - application/json
      Accept-Encoding:
      - gzip, deflate
      CommandName:
      - mysql flexible-server create
      Connection:
      - keep-alive
      ParameterSetName:
      - -g -n --subnet -l
      User-Agent:
      - python/3.7.4 (Windows-10-10.0.19041-SP0) msrest/0.6.18 msrest_azure/0.6.3
        azure-mgmt-rdbms/2020-07-01-privatepreview Azure-SDK-For-Python AZURECLI/2.16.0
    method: GET
    uri: https://management.azure.com/subscriptions/00000000-0000-0000-0000-000000000000/providers/Microsoft.DBforMySQL/locations/westus2/azureAsyncOperation/675eed5b-93c4-4570-b79f-57f5587f4dc9?api-version=2020-07-01-privatepreview
  response:
    body:
      string: '{"name":"675eed5b-93c4-4570-b79f-57f5587f4dc9","status":"InProgress","startTime":"2020-12-30T05:48:23.61Z"}'
    headers:
      cache-control:
      - no-cache
      content-length:
      - '107'
      content-type:
      - application/json; charset=utf-8
      date:
      - Wed, 30 Dec 2020 05:52:24 GMT
      expires:
      - '-1'
      pragma:
      - no-cache
      server:
      - Microsoft-HTTPAPI/2.0
      strict-transport-security:
      - max-age=31536000; includeSubDomains
      transfer-encoding:
      - chunked
      vary:
      - Accept-Encoding
      x-content-type-options:
      - nosniff
    status:
      code: 200
      message: OK
- request:
    body: null
    headers:
      Accept:
      - application/json
      Accept-Encoding:
      - gzip, deflate
      CommandName:
      - mysql flexible-server create
      Connection:
      - keep-alive
      ParameterSetName:
      - -g -n --subnet -l
      User-Agent:
      - python/3.7.4 (Windows-10-10.0.19041-SP0) msrest/0.6.18 msrest_azure/0.6.3
        azure-mgmt-rdbms/2020-07-01-privatepreview Azure-SDK-For-Python AZURECLI/2.16.0
    method: GET
    uri: https://management.azure.com/subscriptions/00000000-0000-0000-0000-000000000000/providers/Microsoft.DBforMySQL/locations/westus2/azureAsyncOperation/675eed5b-93c4-4570-b79f-57f5587f4dc9?api-version=2020-07-01-privatepreview
  response:
    body:
      string: '{"name":"675eed5b-93c4-4570-b79f-57f5587f4dc9","status":"InProgress","startTime":"2020-12-30T05:48:23.61Z"}'
    headers:
      cache-control:
      - no-cache
      content-length:
      - '107'
      content-type:
      - application/json; charset=utf-8
      date:
      - Wed, 30 Dec 2020 05:53:24 GMT
      expires:
      - '-1'
      pragma:
      - no-cache
      server:
      - Microsoft-HTTPAPI/2.0
      strict-transport-security:
      - max-age=31536000; includeSubDomains
      transfer-encoding:
      - chunked
      vary:
      - Accept-Encoding
      x-content-type-options:
      - nosniff
    status:
      code: 200
      message: OK
- request:
    body: null
    headers:
      Accept:
      - application/json
      Accept-Encoding:
      - gzip, deflate
      CommandName:
      - mysql flexible-server create
      Connection:
      - keep-alive
      ParameterSetName:
      - -g -n --subnet -l
      User-Agent:
      - python/3.7.4 (Windows-10-10.0.19041-SP0) msrest/0.6.18 msrest_azure/0.6.3
        azure-mgmt-rdbms/2020-07-01-privatepreview Azure-SDK-For-Python AZURECLI/2.16.0
    method: GET
    uri: https://management.azure.com/subscriptions/00000000-0000-0000-0000-000000000000/providers/Microsoft.DBforMySQL/locations/westus2/azureAsyncOperation/675eed5b-93c4-4570-b79f-57f5587f4dc9?api-version=2020-07-01-privatepreview
  response:
    body:
      string: '{"name":"675eed5b-93c4-4570-b79f-57f5587f4dc9","status":"InProgress","startTime":"2020-12-30T05:48:23.61Z"}'
    headers:
      cache-control:
      - no-cache
      content-length:
      - '107'
      content-type:
      - application/json; charset=utf-8
      date:
      - Wed, 30 Dec 2020 05:54:24 GMT
      expires:
      - '-1'
      pragma:
      - no-cache
      server:
      - Microsoft-HTTPAPI/2.0
      strict-transport-security:
      - max-age=31536000; includeSubDomains
      transfer-encoding:
      - chunked
      vary:
      - Accept-Encoding
      x-content-type-options:
      - nosniff
    status:
      code: 200
      message: OK
- request:
    body: null
    headers:
      Accept:
      - application/json
      Accept-Encoding:
      - gzip, deflate
      CommandName:
      - mysql flexible-server create
      Connection:
      - keep-alive
      ParameterSetName:
      - -g -n --subnet -l
      User-Agent:
      - python/3.7.4 (Windows-10-10.0.19041-SP0) msrest/0.6.18 msrest_azure/0.6.3
        azure-mgmt-rdbms/2020-07-01-privatepreview Azure-SDK-For-Python AZURECLI/2.16.0
    method: GET
    uri: https://management.azure.com/subscriptions/00000000-0000-0000-0000-000000000000/providers/Microsoft.DBforMySQL/locations/westus2/azureAsyncOperation/675eed5b-93c4-4570-b79f-57f5587f4dc9?api-version=2020-07-01-privatepreview
  response:
    body:
      string: '{"name":"675eed5b-93c4-4570-b79f-57f5587f4dc9","status":"InProgress","startTime":"2020-12-30T05:48:23.61Z"}'
    headers:
      cache-control:
      - no-cache
      content-length:
      - '107'
      content-type:
      - application/json; charset=utf-8
      date:
      - Wed, 30 Dec 2020 05:55:25 GMT
      expires:
      - '-1'
      pragma:
      - no-cache
      server:
      - Microsoft-HTTPAPI/2.0
      strict-transport-security:
      - max-age=31536000; includeSubDomains
      transfer-encoding:
      - chunked
      vary:
      - Accept-Encoding
      x-content-type-options:
      - nosniff
    status:
      code: 200
      message: OK
- request:
    body: null
    headers:
      Accept:
      - application/json
      Accept-Encoding:
      - gzip, deflate
      CommandName:
      - mysql flexible-server create
      Connection:
      - keep-alive
      ParameterSetName:
      - -g -n --subnet -l
      User-Agent:
      - python/3.7.4 (Windows-10-10.0.19041-SP0) msrest/0.6.18 msrest_azure/0.6.3
        azure-mgmt-rdbms/2020-07-01-privatepreview Azure-SDK-For-Python AZURECLI/2.16.0
    method: GET
    uri: https://management.azure.com/subscriptions/00000000-0000-0000-0000-000000000000/providers/Microsoft.DBforMySQL/locations/westus2/azureAsyncOperation/675eed5b-93c4-4570-b79f-57f5587f4dc9?api-version=2020-07-01-privatepreview
  response:
    body:
      string: '{"name":"675eed5b-93c4-4570-b79f-57f5587f4dc9","status":"InProgress","startTime":"2020-12-30T05:48:23.61Z"}'
    headers:
      cache-control:
      - no-cache
      content-length:
      - '107'
      content-type:
      - application/json; charset=utf-8
      date:
      - Wed, 30 Dec 2020 05:56:25 GMT
      expires:
      - '-1'
      pragma:
      - no-cache
      server:
      - Microsoft-HTTPAPI/2.0
      strict-transport-security:
      - max-age=31536000; includeSubDomains
      transfer-encoding:
      - chunked
      vary:
      - Accept-Encoding
      x-content-type-options:
      - nosniff
    status:
      code: 200
      message: OK
- request:
    body: null
    headers:
      Accept:
      - application/json
      Accept-Encoding:
      - gzip, deflate
      CommandName:
      - mysql flexible-server create
      Connection:
      - keep-alive
      ParameterSetName:
      - -g -n --subnet -l
      User-Agent:
      - python/3.7.4 (Windows-10-10.0.19041-SP0) msrest/0.6.18 msrest_azure/0.6.3
        azure-mgmt-rdbms/2020-07-01-privatepreview Azure-SDK-For-Python AZURECLI/2.16.0
    method: GET
    uri: https://management.azure.com/subscriptions/00000000-0000-0000-0000-000000000000/providers/Microsoft.DBforMySQL/locations/westus2/azureAsyncOperation/675eed5b-93c4-4570-b79f-57f5587f4dc9?api-version=2020-07-01-privatepreview
  response:
    body:
      string: '{"name":"675eed5b-93c4-4570-b79f-57f5587f4dc9","status":"InProgress","startTime":"2020-12-30T05:48:23.61Z"}'
    headers:
      cache-control:
      - no-cache
      content-length:
      - '107'
      content-type:
      - application/json; charset=utf-8
      date:
      - Wed, 30 Dec 2020 05:57:24 GMT
      expires:
      - '-1'
      pragma:
      - no-cache
      server:
      - Microsoft-HTTPAPI/2.0
      strict-transport-security:
      - max-age=31536000; includeSubDomains
      transfer-encoding:
      - chunked
      vary:
      - Accept-Encoding
      x-content-type-options:
      - nosniff
    status:
      code: 200
      message: OK
- request:
    body: null
    headers:
      Accept:
      - application/json
      Accept-Encoding:
      - gzip, deflate
      CommandName:
      - mysql flexible-server create
      Connection:
      - keep-alive
      ParameterSetName:
      - -g -n --subnet -l
      User-Agent:
      - python/3.7.4 (Windows-10-10.0.19041-SP0) msrest/0.6.18 msrest_azure/0.6.3
        azure-mgmt-rdbms/2020-07-01-privatepreview Azure-SDK-For-Python AZURECLI/2.16.0
    method: GET
    uri: https://management.azure.com/subscriptions/00000000-0000-0000-0000-000000000000/providers/Microsoft.DBforMySQL/locations/westus2/azureAsyncOperation/675eed5b-93c4-4570-b79f-57f5587f4dc9?api-version=2020-07-01-privatepreview
  response:
    body:
      string: '{"name":"675eed5b-93c4-4570-b79f-57f5587f4dc9","status":"InProgress","startTime":"2020-12-30T05:48:23.61Z"}'
    headers:
      cache-control:
      - no-cache
      content-length:
      - '107'
      content-type:
      - application/json; charset=utf-8
      date:
      - Wed, 30 Dec 2020 05:58:25 GMT
      expires:
      - '-1'
      pragma:
      - no-cache
      server:
      - Microsoft-HTTPAPI/2.0
      strict-transport-security:
      - max-age=31536000; includeSubDomains
      transfer-encoding:
      - chunked
      vary:
      - Accept-Encoding
      x-content-type-options:
      - nosniff
    status:
      code: 200
      message: OK
- request:
    body: null
    headers:
      Accept:
      - application/json
      Accept-Encoding:
      - gzip, deflate
      CommandName:
      - mysql flexible-server create
      Connection:
      - keep-alive
      ParameterSetName:
      - -g -n --subnet -l
      User-Agent:
      - python/3.7.4 (Windows-10-10.0.19041-SP0) msrest/0.6.18 msrest_azure/0.6.3
        azure-mgmt-rdbms/2020-07-01-privatepreview Azure-SDK-For-Python AZURECLI/2.16.0
    method: GET
    uri: https://management.azure.com/subscriptions/00000000-0000-0000-0000-000000000000/providers/Microsoft.DBforMySQL/locations/westus2/azureAsyncOperation/675eed5b-93c4-4570-b79f-57f5587f4dc9?api-version=2020-07-01-privatepreview
  response:
    body:
      string: '{"name":"675eed5b-93c4-4570-b79f-57f5587f4dc9","status":"InProgress","startTime":"2020-12-30T05:48:23.61Z"}'
    headers:
      cache-control:
      - no-cache
      content-length:
      - '107'
      content-type:
      - application/json; charset=utf-8
      date:
      - Wed, 30 Dec 2020 05:59:25 GMT
      expires:
      - '-1'
      pragma:
      - no-cache
      server:
      - Microsoft-HTTPAPI/2.0
      strict-transport-security:
      - max-age=31536000; includeSubDomains
      transfer-encoding:
      - chunked
      vary:
      - Accept-Encoding
      x-content-type-options:
      - nosniff
    status:
      code: 200
      message: OK
- request:
    body: null
    headers:
      Accept:
      - application/json
      Accept-Encoding:
      - gzip, deflate
      CommandName:
      - mysql flexible-server create
      Connection:
      - keep-alive
      ParameterSetName:
      - -g -n --subnet -l
      User-Agent:
      - python/3.7.4 (Windows-10-10.0.19041-SP0) msrest/0.6.18 msrest_azure/0.6.3
        azure-mgmt-rdbms/2020-07-01-privatepreview Azure-SDK-For-Python AZURECLI/2.16.0
    method: GET
    uri: https://management.azure.com/subscriptions/00000000-0000-0000-0000-000000000000/providers/Microsoft.DBforMySQL/locations/westus2/azureAsyncOperation/675eed5b-93c4-4570-b79f-57f5587f4dc9?api-version=2020-07-01-privatepreview
  response:
    body:
      string: '{"name":"675eed5b-93c4-4570-b79f-57f5587f4dc9","status":"Succeeded","startTime":"2020-12-30T05:48:23.61Z"}'
    headers:
      cache-control:
      - no-cache
      content-length:
      - '106'
      content-type:
      - application/json; charset=utf-8
      date:
      - Wed, 30 Dec 2020 06:00:26 GMT
      expires:
      - '-1'
      pragma:
      - no-cache
      server:
      - Microsoft-HTTPAPI/2.0
      strict-transport-security:
      - max-age=31536000; includeSubDomains
      transfer-encoding:
      - chunked
      vary:
      - Accept-Encoding
      x-content-type-options:
      - nosniff
    status:
      code: 200
      message: OK
- request:
    body: null
    headers:
      Accept:
      - application/json
      Accept-Encoding:
      - gzip, deflate
      CommandName:
      - mysql flexible-server create
      Connection:
      - keep-alive
      ParameterSetName:
      - -g -n --subnet -l
      User-Agent:
      - python/3.7.4 (Windows-10-10.0.19041-SP0) msrest/0.6.18 msrest_azure/0.6.3
        azure-mgmt-rdbms/2020-07-01-privatepreview Azure-SDK-For-Python AZURECLI/2.16.0
    method: GET
    uri: https://management.azure.com/subscriptions/00000000-0000-0000-0000-000000000000/resourceGroups/clitest.rg000002/providers/Microsoft.DBForMySql/flexibleServers/azuredbclitest-000003?api-version=2020-07-01-privatepreview
  response:
    body:
      string: '{"sku":{"name":"Standard_B1ms","tier":"Burstable","capacity":0},"properties":{"administratorLogin":"famousLinnet8","storageProfile":{"storageMB":10240,"storageIops":0,"backupRetentionDays":7,"storageAutogrow":"Disabled","fileStorageSkuName":"Premium_LRS"},"version":"5.7","state":"Ready","haState":"NotEnabled","fullyQualifiedDomainName":"azuredbclitest-000003.mysql.database.azure.com","sourceServerId":"","publicNetworkAccess":"Disabled","sslEnforcement":"Disabled","haEnabled":"Disabled","earliestRestoreDate":"2020-12-30T06:00:26.6724916+00:00","maintenanceWindow":{"customWindow":"Disabled","dayOfWeek":0,"startHour":0,"startMinute":0},"replicationRole":"None","replicaCapacity":10,"delegatedSubnetArguments":{"subnetArmResourceId":"/subscriptions/00000000-0000-0000-0000-000000000000/resourceGroups/clitest.rg000001/providers/Microsoft.Network/virtualNetworks/clitestvnet7/subnets/clitestsubnet7"},"byokEnforcement":"Disabled"},"location":"West
        US 2","id":"/subscriptions/00000000-0000-0000-0000-000000000000/resourceGroups/clitest.rg000002/providers/Microsoft.DBforMySQL/flexibleServers/azuredbclitest-000003","name":"azuredbclitest-000003","type":"Microsoft.DBforMySQL/flexibleServers"}'
    headers:
      cache-control:
      - no-cache
      content-length:
      - '1309'
      content-type:
      - application/json; charset=utf-8
      date:
      - Wed, 30 Dec 2020 06:00:26 GMT
      expires:
      - '-1'
      pragma:
      - no-cache
      server:
      - Microsoft-HTTPAPI/2.0
      strict-transport-security:
      - max-age=31536000; includeSubDomains
      transfer-encoding:
      - chunked
      vary:
      - Accept-Encoding
      x-content-type-options:
      - nosniff
    status:
      code: 200
      message: OK
- request:
    body: null
    headers:
      Accept:
      - application/json
      Accept-Encoding:
      - gzip, deflate
      CommandName:
      - mysql flexible-server create
      Connection:
      - keep-alive
      ParameterSetName:
      - -g -n --subnet -l
      User-Agent:
      - python/3.7.4 (Windows-10-10.0.19041-SP0) msrest/0.6.18 msrest_azure/0.6.3
        azure-mgmt-rdbms/2020-07-01-privatepreview Azure-SDK-For-Python AZURECLI/2.16.0
      accept-language:
      - en-US
    method: GET
    uri: https://management.azure.com/subscriptions/00000000-0000-0000-0000-000000000000/resourceGroups/clitest.rg000002/providers/Microsoft.DBForMySql/flexibleServers/azuredbclitest-000003/databases/flexibleserverdb?api-version=2020-07-01-privatepreview
  response:
    body:
      string: '{"error":{"code":"ResourceNotFound","message":"The requested resource
        of type ''Microsoft.DBforMySQL/flexibleServers/databases'' with name ''flexibleserverdb''
        was not found."}}'
    headers:
      cache-control:
      - no-cache
      content-length:
      - '173'
      content-type:
      - application/json; charset=utf-8
      date:
      - Wed, 30 Dec 2020 06:00:27 GMT
      expires:
      - '-1'
      pragma:
      - no-cache
      server:
      - Microsoft-HTTPAPI/2.0
      strict-transport-security:
      - max-age=31536000; includeSubDomains
      x-content-type-options:
      - nosniff
    status:
      code: 404
      message: Not Found
- request:
    body: '{"properties": {"charset": "utf8"}}'
    headers:
      Accept:
      - application/json
      Accept-Encoding:
      - gzip, deflate
      CommandName:
      - mysql flexible-server create
      Connection:
      - keep-alive
      Content-Length:
      - '35'
      Content-Type:
      - application/json; charset=utf-8
      ParameterSetName:
      - -g -n --subnet -l
      User-Agent:
      - python/3.7.4 (Windows-10-10.0.19041-SP0) msrest/0.6.18 msrest_azure/0.6.3
        azure-mgmt-rdbms/2020-07-01-privatepreview Azure-SDK-For-Python AZURECLI/2.16.0
      accept-language:
      - en-US
    method: PUT
    uri: https://management.azure.com/subscriptions/00000000-0000-0000-0000-000000000000/resourceGroups/clitest.rg000002/providers/Microsoft.DBForMySql/flexibleServers/azuredbclitest-000003/databases/flexibleserverdb?api-version=2020-07-01-privatepreview
  response:
    body:
      string: '{"operation":"UpsertServerDatabaseManagementOperation","startTime":"2020-12-30T06:00:28.377Z"}'
    headers:
      azure-asyncoperation:
      - https://management.azure.com/subscriptions/00000000-0000-0000-0000-000000000000/providers/Microsoft.DBforMySQL/locations/westus2/azureAsyncOperation/c19e5ca8-c45d-41a5-b485-b303409ed61c?api-version=2020-07-01-privatepreview
      cache-control:
      - no-cache
      content-length:
      - '94'
      content-type:
      - application/json; charset=utf-8
      date:
      - Wed, 30 Dec 2020 06:00:27 GMT
      expires:
      - '-1'
      location:
      - https://management.azure.com/subscriptions/00000000-0000-0000-0000-000000000000/providers/Microsoft.DBforMySQL/locations/westus2/operationResults/c19e5ca8-c45d-41a5-b485-b303409ed61c?api-version=2020-07-01-privatepreview
      pragma:
      - no-cache
      server:
      - Microsoft-HTTPAPI/2.0
      strict-transport-security:
      - max-age=31536000; includeSubDomains
      x-content-type-options:
      - nosniff
      x-ms-ratelimit-remaining-subscription-writes:
      - '1199'
    status:
      code: 202
      message: Accepted
- request:
    body: null
    headers:
      Accept:
      - application/json
      Accept-Encoding:
      - gzip, deflate
      CommandName:
      - mysql flexible-server create
      Connection:
      - keep-alive
      ParameterSetName:
      - -g -n --subnet -l
      User-Agent:
      - python/3.7.4 (Windows-10-10.0.19041-SP0) msrest/0.6.18 msrest_azure/0.6.3
        azure-mgmt-rdbms/2020-07-01-privatepreview Azure-SDK-For-Python AZURECLI/2.16.0
    method: GET
    uri: https://management.azure.com/subscriptions/00000000-0000-0000-0000-000000000000/providers/Microsoft.DBforMySQL/locations/westus2/azureAsyncOperation/c19e5ca8-c45d-41a5-b485-b303409ed61c?api-version=2020-07-01-privatepreview
  response:
    body:
      string: '{"name":"c19e5ca8-c45d-41a5-b485-b303409ed61c","status":"Succeeded","startTime":"2020-12-30T06:00:28.377Z"}'
    headers:
      cache-control:
      - no-cache
      content-length:
      - '107'
      content-type:
      - application/json; charset=utf-8
      date:
      - Wed, 30 Dec 2020 06:00:43 GMT
      expires:
      - '-1'
      pragma:
      - no-cache
      server:
      - Microsoft-HTTPAPI/2.0
      strict-transport-security:
      - max-age=31536000; includeSubDomains
      transfer-encoding:
      - chunked
      vary:
      - Accept-Encoding
      x-content-type-options:
      - nosniff
    status:
      code: 200
      message: OK
- request:
    body: null
    headers:
      Accept:
      - application/json
      Accept-Encoding:
      - gzip, deflate
      CommandName:
      - mysql flexible-server create
      Connection:
      - keep-alive
      ParameterSetName:
      - -g -n --subnet -l
      User-Agent:
      - python/3.7.4 (Windows-10-10.0.19041-SP0) msrest/0.6.18 msrest_azure/0.6.3
        azure-mgmt-rdbms/2020-07-01-privatepreview Azure-SDK-For-Python AZURECLI/2.16.0
    method: GET
    uri: https://management.azure.com/subscriptions/00000000-0000-0000-0000-000000000000/resourceGroups/clitest.rg000002/providers/Microsoft.DBForMySql/flexibleServers/azuredbclitest-000003/databases/flexibleserverdb?api-version=2020-07-01-privatepreview
  response:
    body:
      string: '{"properties":{"charset":"latin1","collation":"latin1_swedish_ci"},"id":"/subscriptions/00000000-0000-0000-0000-000000000000/resourceGroups/clitest.rg000002/providers/Microsoft.DBforMySQL/flexibleServers/azuredbclitest-000003/databases/flexibleserverdb","name":"flexibleserverdb","type":"Microsoft.DBforMySQL/flexibleServers/databases"}'
    headers:
      cache-control:
      - no-cache
      content-length:
      - '394'
      content-type:
      - application/json; charset=utf-8
      date:
      - Wed, 30 Dec 2020 06:00:43 GMT
      expires:
      - '-1'
      pragma:
      - no-cache
      server:
      - Microsoft-HTTPAPI/2.0
      strict-transport-security:
      - max-age=31536000; includeSubDomains
      transfer-encoding:
      - chunked
      vary:
      - Accept-Encoding
      x-content-type-options:
      - nosniff
    status:
      code: 200
      message: OK
- request:
    body: null
    headers:
      Accept:
      - application/json
      Accept-Encoding:
      - gzip, deflate
      CommandName:
      - mysql flexible-server create
      Connection:
      - keep-alive
      ParameterSetName:
      - -g -n -l --subnet
      User-Agent:
      - python/3.7.4 (Windows-10-10.0.19041-SP0) msrest/0.6.18 msrest_azure/0.6.3
        azure-mgmt-rdbms/2020-07-01-privatepreview Azure-SDK-For-Python AZURECLI/2.16.0
      accept-language:
      - en-US
    method: GET
    uri: https://management.azure.com/subscriptions/00000000-0000-0000-0000-000000000000/providers/Microsoft.DBForMySql/locations/westus2/capabilities?api-version=2020-07-01-privatepreview
  response:
    body:
      string: '{"value":[{"zone":"none","supportedFlexibleServerEditions":[{"name":"Burstable","supportedStorageEditions":[{"name":"PremiumFileShare","minStorageSize":{"name":"5120","storageSizeMB":5120},"maxStorageSize":{"name":"16777216","storageSizeMB":16777216},"minBackupRetentionDays":7,"maxBackupRetentionDays":35,"supportedStorageMB":[],"status":"Default"}],"supportedServerVersions":[{"name":"5.7","supportedVcores":[{"name":"Standard_B1s","vCores":1,"supportedIOPS":320,"supportedMemoryPerVcoreMB":1024,"status":"Available"},{"name":"Standard_B1ms","vCores":1,"supportedIOPS":640,"supportedMemoryPerVcoreMB":2048,"status":"Available"},{"name":"Standard_B2s","vCores":2,"supportedIOPS":1280,"supportedMemoryPerVcoreMB":2048,"status":"Available"}],"status":"Default"}],"status":"Available"},{"name":"GeneralPurpose","supportedStorageEditions":[{"name":"PremiumFileShare","minStorageSize":{"name":"5120","storageSizeMB":5120},"maxStorageSize":{"name":"16777216","storageSizeMB":16777216},"minBackupRetentionDays":7,"maxBackupRetentionDays":35,"supportedStorageMB":[],"status":"Default"}],"supportedServerVersions":[{"name":"5.7","supportedVcores":[{"name":"Standard_D2ds_v4","vCores":2,"supportedIOPS":3200,"supportedMemoryPerVcoreMB":4096,"status":"Available"},{"name":"Standard_D4ds_v4","vCores":4,"supportedIOPS":6400,"supportedMemoryPerVcoreMB":4096,"status":"Available"},{"name":"Standard_D8ds_v4","vCores":8,"supportedIOPS":12800,"supportedMemoryPerVcoreMB":4096,"status":"Available"},{"name":"Standard_D16ds_v4","vCores":16,"supportedIOPS":20000,"supportedMemoryPerVcoreMB":4096,"status":"Available"},{"name":"Standard_D32ds_v4","vCores":32,"supportedIOPS":20000,"supportedMemoryPerVcoreMB":4096,"status":"Available"},{"name":"Standard_D48ds_v4","vCores":48,"supportedIOPS":20000,"supportedMemoryPerVcoreMB":4096,"status":"Available"},{"name":"Standard_D64ds_v4","vCores":64,"supportedIOPS":20000,"supportedMemoryPerVcoreMB":4096,"status":"Available"}],"status":"Default"}],"status":"Default"},{"name":"MemoryOptimized","supportedStorageEditions":[{"name":"PremiumFileShare","minStorageSize":{"name":"5120","storageSizeMB":5120},"maxStorageSize":{"name":"16777216","storageSizeMB":16777216},"minBackupRetentionDays":7,"maxBackupRetentionDays":35,"supportedStorageMB":[],"status":"Default"}],"supportedServerVersions":[{"name":"5.7","supportedVcores":[{"name":"Standard_E2ds_v4","vCores":2,"supportedIOPS":3200,"supportedMemoryPerVcoreMB":8192,"status":"Available"},{"name":"Standard_E4ds_v4","vCores":4,"supportedIOPS":6400,"supportedMemoryPerVcoreMB":8192,"status":"Available"},{"name":"Standard_E8ds_v4","vCores":8,"supportedIOPS":12800,"supportedMemoryPerVcoreMB":8192,"status":"Available"},{"name":"Standard_E16ds_v4","vCores":16,"supportedIOPS":20000,"supportedMemoryPerVcoreMB":8192,"status":"Available"},{"name":"Standard_E32ds_v4","vCores":32,"supportedIOPS":20000,"supportedMemoryPerVcoreMB":8192,"status":"Available"},{"name":"Standard_E48ds_v4","vCores":48,"supportedIOPS":20000,"supportedMemoryPerVcoreMB":8192,"status":"Available"},{"name":"Standard_E64ds_v4","vCores":64,"supportedIOPS":20000,"supportedMemoryPerVcoreMB":8192,"status":"Available"}],"status":"Default"}],"status":"Available"}],"status":"Default"},{"zone":"1","supportedFlexibleServerEditions":[{"name":"Burstable","supportedStorageEditions":[{"name":"PremiumFileShare","minStorageSize":{"name":"5120","storageSizeMB":5120},"maxStorageSize":{"name":"16777216","storageSizeMB":16777216},"minBackupRetentionDays":7,"maxBackupRetentionDays":35,"supportedStorageMB":[],"status":"Default"}],"supportedServerVersions":[{"name":"5.7","supportedVcores":[{"name":"Standard_B1s","vCores":1,"supportedIOPS":320,"supportedMemoryPerVcoreMB":1024,"status":"Available"},{"name":"Standard_B1ms","vCores":1,"supportedIOPS":640,"supportedMemoryPerVcoreMB":2048,"status":"Available"},{"name":"Standard_B2s","vCores":2,"supportedIOPS":1280,"supportedMemoryPerVcoreMB":2048,"status":"Available"}],"status":"Default"}],"status":"Available"},{"name":"GeneralPurpose","supportedStorageEditions":[{"name":"PremiumFileShare","minStorageSize":{"name":"5120","storageSizeMB":5120},"maxStorageSize":{"name":"16777216","storageSizeMB":16777216},"minBackupRetentionDays":7,"maxBackupRetentionDays":35,"supportedStorageMB":[],"status":"Default"}],"supportedServerVersions":[{"name":"5.7","supportedVcores":[{"name":"Standard_D2ds_v4","vCores":2,"supportedIOPS":3200,"supportedMemoryPerVcoreMB":4096,"status":"Available"},{"name":"Standard_D4ds_v4","vCores":4,"supportedIOPS":6400,"supportedMemoryPerVcoreMB":4096,"status":"Available"},{"name":"Standard_D8ds_v4","vCores":8,"supportedIOPS":12800,"supportedMemoryPerVcoreMB":4096,"status":"Available"},{"name":"Standard_D16ds_v4","vCores":16,"supportedIOPS":20000,"supportedMemoryPerVcoreMB":4096,"status":"Available"},{"name":"Standard_D32ds_v4","vCores":32,"supportedIOPS":20000,"supportedMemoryPerVcoreMB":4096,"status":"Available"},{"name":"Standard_D48ds_v4","vCores":48,"supportedIOPS":20000,"supportedMemoryPerVcoreMB":4096,"status":"Available"},{"name":"Standard_D64ds_v4","vCores":64,"supportedIOPS":20000,"supportedMemoryPerVcoreMB":4096,"status":"Available"}],"status":"Default"}],"status":"Default"},{"name":"MemoryOptimized","supportedStorageEditions":[{"name":"PremiumFileShare","minStorageSize":{"name":"5120","storageSizeMB":5120},"maxStorageSize":{"name":"16777216","storageSizeMB":16777216},"minBackupRetentionDays":7,"maxBackupRetentionDays":35,"supportedStorageMB":[],"status":"Default"}],"supportedServerVersions":[{"name":"5.7","supportedVcores":[{"name":"Standard_E2ds_v4","vCores":2,"supportedIOPS":3200,"supportedMemoryPerVcoreMB":8192,"status":"Available"},{"name":"Standard_E4ds_v4","vCores":4,"supportedIOPS":6400,"supportedMemoryPerVcoreMB":8192,"status":"Available"},{"name":"Standard_E8ds_v4","vCores":8,"supportedIOPS":12800,"supportedMemoryPerVcoreMB":8192,"status":"Available"},{"name":"Standard_E16ds_v4","vCores":16,"supportedIOPS":20000,"supportedMemoryPerVcoreMB":8192,"status":"Available"},{"name":"Standard_E32ds_v4","vCores":32,"supportedIOPS":20000,"supportedMemoryPerVcoreMB":8192,"status":"Available"},{"name":"Standard_E48ds_v4","vCores":48,"supportedIOPS":20000,"supportedMemoryPerVcoreMB":8192,"status":"Available"},{"name":"Standard_E64ds_v4","vCores":64,"supportedIOPS":20000,"supportedMemoryPerVcoreMB":8192,"status":"Available"}],"status":"Default"}],"status":"Available"}],"status":"Available"},{"zone":"2","supportedFlexibleServerEditions":[{"name":"Burstable","supportedStorageEditions":[{"name":"PremiumFileShare","minStorageSize":{"name":"5120","storageSizeMB":5120},"maxStorageSize":{"name":"16777216","storageSizeMB":16777216},"minBackupRetentionDays":7,"maxBackupRetentionDays":35,"supportedStorageMB":[],"status":"Default"}],"supportedServerVersions":[{"name":"5.7","supportedVcores":[{"name":"Standard_B1s","vCores":1,"supportedIOPS":320,"supportedMemoryPerVcoreMB":1024,"status":"Available"},{"name":"Standard_B1ms","vCores":1,"supportedIOPS":640,"supportedMemoryPerVcoreMB":2048,"status":"Available"},{"name":"Standard_B2s","vCores":2,"supportedIOPS":1280,"supportedMemoryPerVcoreMB":2048,"status":"Available"}],"status":"Default"}],"status":"Available"},{"name":"GeneralPurpose","supportedStorageEditions":[{"name":"PremiumFileShare","minStorageSize":{"name":"5120","storageSizeMB":5120},"maxStorageSize":{"name":"16777216","storageSizeMB":16777216},"minBackupRetentionDays":7,"maxBackupRetentionDays":35,"supportedStorageMB":[],"status":"Default"}],"supportedServerVersions":[{"name":"5.7","supportedVcores":[{"name":"Standard_D2ds_v4","vCores":2,"supportedIOPS":3200,"supportedMemoryPerVcoreMB":4096,"status":"Available"},{"name":"Standard_D4ds_v4","vCores":4,"supportedIOPS":6400,"supportedMemoryPerVcoreMB":4096,"status":"Available"},{"name":"Standard_D8ds_v4","vCores":8,"supportedIOPS":12800,"supportedMemoryPerVcoreMB":4096,"status":"Available"},{"name":"Standard_D16ds_v4","vCores":16,"supportedIOPS":20000,"supportedMemoryPerVcoreMB":4096,"status":"Available"},{"name":"Standard_D32ds_v4","vCores":32,"supportedIOPS":20000,"supportedMemoryPerVcoreMB":4096,"status":"Available"},{"name":"Standard_D48ds_v4","vCores":48,"supportedIOPS":20000,"supportedMemoryPerVcoreMB":4096,"status":"Available"},{"name":"Standard_D64ds_v4","vCores":64,"supportedIOPS":20000,"supportedMemoryPerVcoreMB":4096,"status":"Available"}],"status":"Default"}],"status":"Default"},{"name":"MemoryOptimized","supportedStorageEditions":[{"name":"PremiumFileShare","minStorageSize":{"name":"5120","storageSizeMB":5120},"maxStorageSize":{"name":"16777216","storageSizeMB":16777216},"minBackupRetentionDays":7,"maxBackupRetentionDays":35,"supportedStorageMB":[],"status":"Default"}],"supportedServerVersions":[{"name":"5.7","supportedVcores":[{"name":"Standard_E2ds_v4","vCores":2,"supportedIOPS":3200,"supportedMemoryPerVcoreMB":8192,"status":"Available"},{"name":"Standard_E4ds_v4","vCores":4,"supportedIOPS":6400,"supportedMemoryPerVcoreMB":8192,"status":"Available"},{"name":"Standard_E8ds_v4","vCores":8,"supportedIOPS":12800,"supportedMemoryPerVcoreMB":8192,"status":"Available"},{"name":"Standard_E16ds_v4","vCores":16,"supportedIOPS":20000,"supportedMemoryPerVcoreMB":8192,"status":"Available"},{"name":"Standard_E32ds_v4","vCores":32,"supportedIOPS":20000,"supportedMemoryPerVcoreMB":8192,"status":"Available"},{"name":"Standard_E48ds_v4","vCores":48,"supportedIOPS":20000,"supportedMemoryPerVcoreMB":8192,"status":"Available"},{"name":"Standard_E64ds_v4","vCores":64,"supportedIOPS":20000,"supportedMemoryPerVcoreMB":8192,"status":"Available"}],"status":"Default"}],"status":"Available"}],"status":"Available"},{"zone":"3","supportedFlexibleServerEditions":[{"name":"Burstable","supportedStorageEditions":[{"name":"PremiumFileShare","minStorageSize":{"name":"5120","storageSizeMB":5120},"maxStorageSize":{"name":"16777216","storageSizeMB":16777216},"minBackupRetentionDays":7,"maxBackupRetentionDays":35,"supportedStorageMB":[],"status":"Default"}],"supportedServerVersions":[{"name":"5.7","supportedVcores":[{"name":"Standard_B1s","vCores":1,"supportedIOPS":320,"supportedMemoryPerVcoreMB":1024,"status":"Available"},{"name":"Standard_B1ms","vCores":1,"supportedIOPS":640,"supportedMemoryPerVcoreMB":2048,"status":"Available"},{"name":"Standard_B2s","vCores":2,"supportedIOPS":1280,"supportedMemoryPerVcoreMB":2048,"status":"Available"}],"status":"Default"}],"status":"Available"},{"name":"GeneralPurpose","supportedStorageEditions":[{"name":"PremiumFileShare","minStorageSize":{"name":"5120","storageSizeMB":5120},"maxStorageSize":{"name":"16777216","storageSizeMB":16777216},"minBackupRetentionDays":7,"maxBackupRetentionDays":35,"supportedStorageMB":[],"status":"Default"}],"supportedServerVersions":[{"name":"5.7","supportedVcores":[{"name":"Standard_D2ds_v4","vCores":2,"supportedIOPS":3200,"supportedMemoryPerVcoreMB":4096,"status":"Available"},{"name":"Standard_D4ds_v4","vCores":4,"supportedIOPS":6400,"supportedMemoryPerVcoreMB":4096,"status":"Available"},{"name":"Standard_D8ds_v4","vCores":8,"supportedIOPS":12800,"supportedMemoryPerVcoreMB":4096,"status":"Available"},{"name":"Standard_D16ds_v4","vCores":16,"supportedIOPS":20000,"supportedMemoryPerVcoreMB":4096,"status":"Available"},{"name":"Standard_D32ds_v4","vCores":32,"supportedIOPS":20000,"supportedMemoryPerVcoreMB":4096,"status":"Available"},{"name":"Standard_D48ds_v4","vCores":48,"supportedIOPS":20000,"supportedMemoryPerVcoreMB":4096,"status":"Available"},{"name":"Standard_D64ds_v4","vCores":64,"supportedIOPS":20000,"supportedMemoryPerVcoreMB":4096,"status":"Available"}],"status":"Default"}],"status":"Default"},{"name":"MemoryOptimized","supportedStorageEditions":[{"name":"PremiumFileShare","minStorageSize":{"name":"5120","storageSizeMB":5120},"maxStorageSize":{"name":"16777216","storageSizeMB":16777216},"minBackupRetentionDays":7,"maxBackupRetentionDays":35,"supportedStorageMB":[],"status":"Default"}],"supportedServerVersions":[{"name":"5.7","supportedVcores":[{"name":"Standard_E2ds_v4","vCores":2,"supportedIOPS":3200,"supportedMemoryPerVcoreMB":8192,"status":"Available"},{"name":"Standard_E4ds_v4","vCores":4,"supportedIOPS":6400,"supportedMemoryPerVcoreMB":8192,"status":"Available"},{"name":"Standard_E8ds_v4","vCores":8,"supportedIOPS":12800,"supportedMemoryPerVcoreMB":8192,"status":"Available"},{"name":"Standard_E16ds_v4","vCores":16,"supportedIOPS":20000,"supportedMemoryPerVcoreMB":8192,"status":"Available"},{"name":"Standard_E32ds_v4","vCores":32,"supportedIOPS":20000,"supportedMemoryPerVcoreMB":8192,"status":"Available"},{"name":"Standard_E48ds_v4","vCores":48,"supportedIOPS":20000,"supportedMemoryPerVcoreMB":8192,"status":"Available"},{"name":"Standard_E64ds_v4","vCores":64,"supportedIOPS":20000,"supportedMemoryPerVcoreMB":8192,"status":"Available"}],"status":"Default"}],"status":"Available"}],"status":"Available"}]}'
    headers:
      cache-control:
      - no-cache
      content-length:
      - '12872'
      content-type:
      - application/json; charset=utf-8
      date:
      - Wed, 30 Dec 2020 06:00:44 GMT
      expires:
      - '-1'
      pragma:
      - no-cache
      server:
      - Microsoft-HTTPAPI/2.0
      strict-transport-security:
      - max-age=31536000; includeSubDomains
      transfer-encoding:
      - chunked
      vary:
      - Accept-Encoding
      x-content-type-options:
      - nosniff
    status:
      code: 200
      message: OK
- request:
    body: '{"name": "azuredbclitest-000004", "type": "Microsoft.DBforMySQL/flexibleServers"}'
    headers:
      Accept:
      - application/json
      Accept-Encoding:
      - gzip, deflate
      CommandName:
      - mysql flexible-server create
      Connection:
      - keep-alive
      Content-Length:
      - '80'
      Content-Type:
      - application/json; charset=utf-8
      ParameterSetName:
      - -g -n -l --subnet
      User-Agent:
      - python/3.7.4 (Windows-10-10.0.19041-SP0) msrest/0.6.18 msrest_azure/0.6.3
        azure-mgmt-rdbms/2020-07-01-privatepreview Azure-SDK-For-Python AZURECLI/2.16.0
      accept-language:
      - en-US
    method: POST
    uri: https://management.azure.com/subscriptions/00000000-0000-0000-0000-000000000000/providers/Microsoft.DBForMySql/checkNameAvailability?api-version=2020-07-01-privatepreview
  response:
    body:
      string: '{"error":{"code":"InternalServerError","message":"An unexpected error
        occured while processing the request. Tracking ID: ''75507155-1fb0-460a-aaf4-f4211303c8fc''"}}'
    headers:
      cache-control:
      - no-cache
      connection:
      - close
      content-length:
      - '162'
      content-type:
      - application/json; charset=utf-8
      date:
      - Wed, 30 Dec 2020 06:00:48 GMT
      expires:
      - '-1'
      pragma:
      - no-cache
      server:
      - Microsoft-HTTPAPI/2.0
      strict-transport-security:
      - max-age=31536000; includeSubDomains
      x-content-type-options:
      - nosniff
      x-ms-failure-cause:
      - service
      x-ms-ratelimit-remaining-subscription-writes:
      - '1199'
    status:
      code: 500
      message: Internal Server Error
- request:
    body: '{"name": "azuredbclitest-000004", "type": "Microsoft.DBforMySQL/flexibleServers"}'
    headers:
      Accept:
      - application/json
      Accept-Encoding:
      - gzip, deflate
      CommandName:
      - mysql flexible-server create
      Connection:
      - keep-alive
      Content-Length:
      - '80'
      Content-Type:
      - application/json; charset=utf-8
      ParameterSetName:
      - -g -n -l --subnet
      User-Agent:
      - python/3.7.4 (Windows-10-10.0.19041-SP0) msrest/0.6.18 msrest_azure/0.6.3
        azure-mgmt-rdbms/2020-07-01-privatepreview Azure-SDK-For-Python AZURECLI/2.16.0
      accept-language:
      - en-US
    method: POST
    uri: https://management.azure.com/subscriptions/00000000-0000-0000-0000-000000000000/providers/Microsoft.DBForMySql/checkNameAvailability?api-version=2020-07-01-privatepreview
  response:
    body:
      string: '{"nameAvailable":true,"message":""}'
    headers:
      cache-control:
      - no-cache
      content-length:
      - '35'
      content-type:
      - application/json; charset=utf-8
      date:
      - Wed, 30 Dec 2020 06:00:50 GMT
      expires:
      - '-1'
      pragma:
      - no-cache
      server:
      - Microsoft-HTTPAPI/2.0
      strict-transport-security:
      - max-age=31536000; includeSubDomains
      transfer-encoding:
      - chunked
      vary:
      - Accept-Encoding
      x-content-type-options:
      - nosniff
      x-ms-ratelimit-remaining-subscription-writes:
      - '1199'
    status:
      code: 200
      message: OK
- request:
    body: null
    headers:
      Accept:
      - application/json
      Accept-Encoding:
      - gzip, deflate
      CommandName:
      - mysql flexible-server create
      Connection:
      - keep-alive
      ParameterSetName:
      - -g -n -l --subnet
      User-Agent:
      - python/3.7.4 (Windows-10-10.0.19041-SP0) msrest/0.6.18 msrest_azure/0.6.3
        azure-mgmt-resource/10.3.0 Azure-SDK-For-Python AZURECLI/2.16.0
      accept-language:
      - en-US
    method: HEAD
    uri: https://management.azure.com/subscriptions/00000000-0000-0000-0000-000000000000/resourcegroups/clitest.rg000002?api-version=2020-06-01
  response:
    body:
      string: ''
    headers:
      cache-control:
      - no-cache
      content-length:
      - '0'
      date:
      - Wed, 30 Dec 2020 06:00:50 GMT
      expires:
      - '-1'
      pragma:
      - no-cache
      strict-transport-security:
      - max-age=31536000; includeSubDomains
      x-content-type-options:
      - nosniff
    status:
      code: 204
      message: No Content
- request:
    body: null
    headers:
      Accept:
      - application/json
      Accept-Encoding:
      - gzip, deflate
      CommandName:
      - mysql flexible-server create
      Connection:
      - keep-alive
      ParameterSetName:
      - -g -n -l --subnet
      User-Agent:
      - python/3.7.4 (Windows-10-10.0.19041-SP0) msrest/0.6.18 msrest_azure/0.6.3
        azure-mgmt-resource/10.3.0 Azure-SDK-For-Python AZURECLI/2.16.0
      accept-language:
      - en-US
    method: GET
    uri: https://management.azure.com/subscriptions/00000000-0000-0000-0000-000000000000/resourcegroups/clitest.rg000001?api-version=2020-06-01
  response:
    body:
      string: '{"id":"/subscriptions/00000000-0000-0000-0000-000000000000/resourceGroups/clitest.rg000001","name":"clitest.rg000001","type":"Microsoft.Resources/resourceGroups","location":"westus2","tags":{"product":"azurecli","cause":"automation","date":"2020-12-30T05:48:08Z"},"properties":{"provisioningState":"Succeeded"}}'
    headers:
      cache-control:
      - no-cache
      content-length:
      - '429'
      content-type:
      - application/json; charset=utf-8
      date:
      - Wed, 30 Dec 2020 06:00:51 GMT
      expires:
      - '-1'
      pragma:
      - no-cache
      strict-transport-security:
      - max-age=31536000; includeSubDomains
      vary:
      - Accept-Encoding
      x-content-type-options:
      - nosniff
    status:
      code: 200
      message: OK
- request:
    body: null
    headers:
      Accept:
      - application/json
      Accept-Encoding:
      - gzip, deflate
      CommandName:
      - mysql flexible-server create
      Connection:
      - keep-alive
      ParameterSetName:
      - -g -n -l --subnet
      User-Agent:
      - AZURECLI/2.16.0 azsdk-python-azure-mgmt-network/17.0.0 Python/3.7.4 (Windows-10-10.0.19041-SP0)
    method: GET
    uri: https://management.azure.com/subscriptions/00000000-0000-0000-0000-000000000000/resourceGroups/clitest.rg000001/providers/Microsoft.Network/virtualNetworks/clitestvnet8/subnets/clitestsubnet8?api-version=2020-07-01
  response:
    body:
      string: '{"error":{"code":"ResourceNotFound","message":"The Resource ''Microsoft.Network/virtualNetworks/clitestvnet8''
        under resource group ''clitest.rg000001'' was not found. For more details
        please go to https://aka.ms/ARMResourceNotFoundFix"}}'
    headers:
      cache-control:
      - no-cache
      content-length:
      - '293'
      content-type:
      - application/json; charset=utf-8
      date:
      - Wed, 30 Dec 2020 06:00:50 GMT
      expires:
      - '-1'
      pragma:
      - no-cache
      strict-transport-security:
      - max-age=31536000; includeSubDomains
      x-content-type-options:
      - nosniff
      x-ms-failure-cause:
      - gateway
    status:
      code: 404
      message: Not Found
- request:
    body: null
    headers:
      Accept:
      - application/json
      Accept-Encoding:
      - gzip, deflate
      CommandName:
      - mysql flexible-server create
      Connection:
      - keep-alive
      ParameterSetName:
      - -g -n -l --subnet
      User-Agent:
      - AZURECLI/2.16.0 azsdk-python-azure-mgmt-network/17.0.0 Python/3.7.4 (Windows-10-10.0.19041-SP0)
    method: GET
    uri: https://management.azure.com/subscriptions/00000000-0000-0000-0000-000000000000/resourceGroups/clitest.rg000002/providers/Microsoft.Network/virtualNetworks/clitestvnet8?api-version=2020-07-01
  response:
    body:
      string: '{"error":{"code":"ResourceNotFound","message":"The Resource ''Microsoft.Network/virtualNetworks/clitestvnet8''
        under resource group ''clitest.rg000002'' was not found. For more details
        please go to https://aka.ms/ARMResourceNotFoundFix"}}'
    headers:
      cache-control:
      - no-cache
      content-length:
      - '293'
      content-type:
      - application/json; charset=utf-8
      date:
      - Wed, 30 Dec 2020 06:00:50 GMT
      expires:
      - '-1'
      pragma:
      - no-cache
      strict-transport-security:
      - max-age=31536000; includeSubDomains
      x-content-type-options:
      - nosniff
      x-ms-failure-cause:
      - gateway
    status:
      code: 404
      message: Not Found
- request:
    body: '{"location": "westus2", "properties": {"addressSpace": {"addressPrefixes":
      ["10.0.0.0/16"]}, "enableDdosProtection": false, "enableVmProtection": false}}'
    headers:
      Accept:
      - application/json
      Accept-Encoding:
      - gzip, deflate
      CommandName:
      - mysql flexible-server create
      Connection:
      - keep-alive
      Content-Length:
      - '153'
      Content-Type:
      - application/json
      ParameterSetName:
      - -g -n -l --subnet
      User-Agent:
      - AZURECLI/2.16.0 azsdk-python-azure-mgmt-network/17.0.0 Python/3.7.4 (Windows-10-10.0.19041-SP0)
    method: PUT
    uri: https://management.azure.com/subscriptions/00000000-0000-0000-0000-000000000000/resourceGroups/clitest.rg000002/providers/Microsoft.Network/virtualNetworks/clitestvnet8?api-version=2020-07-01
  response:
    body:
      string: "{\r\n  \"name\": \"clitestvnet8\",\r\n  \"id\": \"/subscriptions/00000000-0000-0000-0000-000000000000/resourceGroups/clitest.rg000002/providers/Microsoft.Network/virtualNetworks/clitestvnet8\",\r\n
        \ \"etag\": \"W/\\\"5758c96f-1880-41e8-8fc3-24f27be22b39\\\"\",\r\n  \"type\":
        \"Microsoft.Network/virtualNetworks\",\r\n  \"location\": \"westus2\",\r\n
        \ \"properties\": {\r\n    \"provisioningState\": \"Updating\",\r\n    \"resourceGuid\":
        \"9f9dcc55-fc3e-416a-a58a-ed15d94f95d1\",\r\n    \"addressSpace\": {\r\n      \"addressPrefixes\":
        [\r\n        \"10.0.0.0/16\"\r\n      ]\r\n    },\r\n    \"subnets\": [],\r\n
        \   \"virtualNetworkPeerings\": [],\r\n    \"enableDdosProtection\": false,\r\n
        \   \"enableVmProtection\": false\r\n  }\r\n}"
    headers:
      azure-asyncnotification:
      - Enabled
      azure-asyncoperation:
      - https://management.azure.com/subscriptions/00000000-0000-0000-0000-000000000000/providers/Microsoft.Network/locations/westus2/operations/dbf5e6d6-75ea-4628-922f-9836968e5b40?api-version=2020-07-01
      cache-control:
      - no-cache
      content-length:
      - '712'
      content-type:
      - application/json; charset=utf-8
      date:
      - Wed, 30 Dec 2020 06:00:52 GMT
      expires:
      - '-1'
      pragma:
      - no-cache
      server:
      - Microsoft-HTTPAPI/2.0
      - Microsoft-HTTPAPI/2.0
      strict-transport-security:
      - max-age=31536000; includeSubDomains
      x-content-type-options:
      - nosniff
      x-ms-arm-service-request-id:
      - 8c7f83c7-c85f-402b-8410-40bd62287260
      x-ms-ratelimit-remaining-subscription-writes:
      - '1199'
    status:
      code: 201
      message: Created
- request:
    body: '{"name": "Subnetbclitest-j5fj3", "properties": {"addressPrefix": "10.0.0.0/24",
      "delegations": [{"name": "Microsoft.DBforMySQL/flexibleServers", "properties":
      {"serviceName": "Microsoft.DBforMySQL/flexibleServers"}}]}}'
    headers:
      Accept:
      - application/json
      Accept-Encoding:
      - gzip, deflate
      CommandName:
      - mysql flexible-server create
      Connection:
      - keep-alive
      Content-Length:
      - '218'
      Content-Type:
      - application/json
      ParameterSetName:
      - -g -n -l --subnet
      User-Agent:
      - AZURECLI/2.16.0 azsdk-python-azure-mgmt-network/17.0.0 Python/3.7.4 (Windows-10-10.0.19041-SP0)
    method: PUT
    uri: https://management.azure.com/subscriptions/00000000-0000-0000-0000-000000000000/resourceGroups/clitest.rg000002/providers/Microsoft.Network/virtualNetworks/clitestvnet8/subnets/Subnetbclitest-j5fj3?api-version=2020-07-01
  response:
    body:
      string: "{\r\n  \"name\": \"Subnetbclitest-j5fj3\",\r\n  \"id\": \"/subscriptions/00000000-0000-0000-0000-000000000000/resourceGroups/clitest.rg000002/providers/Microsoft.Network/virtualNetworks/clitestvnet8/subnets/Subnetbclitest-j5fj3\",\r\n
        \ \"etag\": \"W/\\\"bac94cdc-637c-40f2-a6da-5fcd400b1922\\\"\",\r\n  \"properties\":
        {\r\n    \"provisioningState\": \"Updating\",\r\n    \"addressPrefix\": \"10.0.0.0/24\",\r\n
        \   \"delegations\": [\r\n      {\r\n        \"name\": \"Microsoft.DBforMySQL/flexibleServers\",\r\n
        \       \"id\": \"/subscriptions/00000000-0000-0000-0000-000000000000/resourceGroups/clitest.rg000002/providers/Microsoft.Network/virtualNetworks/clitestvnet8/subnets/Subnetbclitest-j5fj3/delegations/Microsoft.DBforMySQL/flexibleServers\",\r\n
        \       \"etag\": \"W/\\\"bac94cdc-637c-40f2-a6da-5fcd400b1922\\\"\",\r\n
        \       \"properties\": {\r\n          \"provisioningState\": \"Succeeded\",\r\n
        \         \"serviceName\": \"Microsoft.DBforMySQL/flexibleServers\",\r\n          \"actions\":
        [\r\n            \"Microsoft.Network/virtualNetworks/subnets/join/action\"\r\n
        \         ]\r\n        },\r\n        \"type\": \"Microsoft.Network/virtualNetworks/subnets/delegations\"\r\n
        \     }\r\n    ],\r\n    \"privateEndpointNetworkPolicies\": \"Enabled\",\r\n
        \   \"privateLinkServiceNetworkPolicies\": \"Enabled\"\r\n  },\r\n  \"type\":
        \"Microsoft.Network/virtualNetworks/subnets\"\r\n}"
    headers:
      azure-asyncoperation:
      - https://management.azure.com/subscriptions/00000000-0000-0000-0000-000000000000/providers/Microsoft.Network/locations/westus2/operations/b93f9c07-e1bd-4bf2-9462-981d203a1f3c?api-version=2020-07-01
      cache-control:
      - no-cache
      content-length:
      - '1385'
      content-type:
      - application/json; charset=utf-8
      date:
      - Wed, 30 Dec 2020 06:00:52 GMT
      expires:
      - '-1'
      pragma:
      - no-cache
      server:
      - Microsoft-HTTPAPI/2.0
      - Microsoft-HTTPAPI/2.0
      strict-transport-security:
      - max-age=31536000; includeSubDomains
      x-content-type-options:
      - nosniff
      x-ms-arm-service-request-id:
      - ec93b35a-ce67-4400-b855-eb77c1e85894
      x-ms-ratelimit-remaining-subscription-writes:
      - '1198'
    status:
      code: 201
      message: Created
- request:
    body: null
    headers:
      Accept:
      - '*/*'
      Accept-Encoding:
      - gzip, deflate
      CommandName:
      - mysql flexible-server create
      Connection:
      - keep-alive
      ParameterSetName:
      - -g -n -l --subnet
      User-Agent:
      - AZURECLI/2.16.0 azsdk-python-azure-mgmt-network/17.0.0 Python/3.7.4 (Windows-10-10.0.19041-SP0)
    method: GET
    uri: https://management.azure.com/subscriptions/00000000-0000-0000-0000-000000000000/providers/Microsoft.Network/locations/westus2/operations/dbf5e6d6-75ea-4628-922f-9836968e5b40?api-version=2020-07-01
  response:
    body:
      string: "{\r\n  \"status\": \"Canceled\",\r\n  \"error\": {\r\n    \"code\":
        \"Canceled\",\r\n    \"message\": \"Operation was canceled.\",\r\n    \"details\":
        [\r\n      {\r\n        \"code\": \"CanceledAndSupersededDueToAnotherOperation\",\r\n
        \       \"message\": \"Operation PutVirtualNetworkOperation (dbf5e6d6-75ea-4628-922f-9836968e5b40)
        was canceled and superseded by operation PutSubnetOperation (b93f9c07-e1bd-4bf2-9462-981d203a1f3c).\"\r\n
        \     }\r\n    ]\r\n  }\r\n}"
    headers:
      cache-control:
      - no-cache
      canceled-by-azure-asyncoperation:
      - https://management.azure.com/subscriptions/7fec3109-5b78-4a24-b834-5d47d63e2596/providers/Microsoft.Network/locations/westus2/operations/b93f9c07-e1bd-4bf2-9462-981d203a1f3c?api-version=2020-07-01
      content-length:
      - '420'
      content-type:
      - application/json; charset=utf-8
      date:
      - Wed, 30 Dec 2020 06:00:55 GMT
      expires:
      - '-1'
      pragma:
      - no-cache
      server:
      - Microsoft-HTTPAPI/2.0
      - Microsoft-HTTPAPI/2.0
      strict-transport-security:
      - max-age=31536000; includeSubDomains
      transfer-encoding:
      - chunked
      vary:
      - Accept-Encoding
      x-content-type-options:
      - nosniff
      x-ms-arm-service-request-id:
      - acfbae43-7c0d-4d61-b3ba-d9aceb6df15b
    status:
      code: 200
      message: OK
- request:
    body: null
    headers:
      Accept:
      - '*/*'
      Accept-Encoding:
      - gzip, deflate
      CommandName:
      - mysql flexible-server create
      Connection:
      - keep-alive
      ParameterSetName:
      - -g -n -l --subnet
      User-Agent:
      - AZURECLI/2.16.0 azsdk-python-azure-mgmt-network/17.0.0 Python/3.7.4 (Windows-10-10.0.19041-SP0)
    method: GET
    uri: https://management.azure.com/subscriptions/00000000-0000-0000-0000-000000000000/providers/Microsoft.Network/locations/westus2/operations/b93f9c07-e1bd-4bf2-9462-981d203a1f3c?api-version=2020-07-01
  response:
    body:
      string: "{\r\n  \"status\": \"Succeeded\"\r\n}"
    headers:
      cache-control:
      - no-cache
      content-length:
      - '29'
      content-type:
      - application/json; charset=utf-8
      date:
      - Wed, 30 Dec 2020 06:00:55 GMT
      expires:
      - '-1'
      pragma:
      - no-cache
      server:
      - Microsoft-HTTPAPI/2.0
      - Microsoft-HTTPAPI/2.0
      strict-transport-security:
      - max-age=31536000; includeSubDomains
      transfer-encoding:
      - chunked
      vary:
      - Accept-Encoding
      x-content-type-options:
      - nosniff
      x-ms-arm-service-request-id:
      - 6db41b6d-8d03-414e-adb1-86a0ea98ecaa
    status:
      code: 200
      message: OK
- request:
    body: null
    headers:
      Accept:
      - '*/*'
      Accept-Encoding:
      - gzip, deflate
      CommandName:
      - mysql flexible-server create
      Connection:
      - keep-alive
      ParameterSetName:
      - -g -n -l --subnet
      User-Agent:
      - AZURECLI/2.16.0 azsdk-python-azure-mgmt-network/17.0.0 Python/3.7.4 (Windows-10-10.0.19041-SP0)
    method: GET
    uri: https://management.azure.com/subscriptions/00000000-0000-0000-0000-000000000000/resourceGroups/clitest.rg000002/providers/Microsoft.Network/virtualNetworks/clitestvnet8/subnets/Subnetbclitest-j5fj3?api-version=2020-07-01
  response:
    body:
      string: "{\r\n  \"name\": \"Subnetbclitest-j5fj3\",\r\n  \"id\": \"/subscriptions/00000000-0000-0000-0000-000000000000/resourceGroups/clitest.rg000002/providers/Microsoft.Network/virtualNetworks/clitestvnet8/subnets/Subnetbclitest-j5fj3\",\r\n
        \ \"etag\": \"W/\\\"17c23c93-7cfe-41b6-ac90-37bc6d310850\\\"\",\r\n  \"properties\":
        {\r\n    \"provisioningState\": \"Succeeded\",\r\n    \"addressPrefix\": \"10.0.0.0/24\",\r\n
        \   \"delegations\": [\r\n      {\r\n        \"name\": \"Microsoft.DBforMySQL/flexibleServers\",\r\n
        \       \"id\": \"/subscriptions/00000000-0000-0000-0000-000000000000/resourceGroups/clitest.rg000002/providers/Microsoft.Network/virtualNetworks/clitestvnet8/subnets/Subnetbclitest-j5fj3/delegations/Microsoft.DBforMySQL/flexibleServers\",\r\n
        \       \"etag\": \"W/\\\"17c23c93-7cfe-41b6-ac90-37bc6d310850\\\"\",\r\n
        \       \"properties\": {\r\n          \"provisioningState\": \"Succeeded\",\r\n
        \         \"serviceName\": \"Microsoft.DBforMySQL/flexibleServers\",\r\n          \"actions\":
        [\r\n            \"Microsoft.Network/virtualNetworks/subnets/join/action\"\r\n
        \         ]\r\n        },\r\n        \"type\": \"Microsoft.Network/virtualNetworks/subnets/delegations\"\r\n
        \     }\r\n    ],\r\n    \"privateEndpointNetworkPolicies\": \"Enabled\",\r\n
        \   \"privateLinkServiceNetworkPolicies\": \"Enabled\"\r\n  },\r\n  \"type\":
        \"Microsoft.Network/virtualNetworks/subnets\"\r\n}"
    headers:
      cache-control:
      - no-cache
      content-length:
      - '1386'
      content-type:
      - application/json; charset=utf-8
      date:
      - Wed, 30 Dec 2020 06:00:55 GMT
      etag:
      - W/"17c23c93-7cfe-41b6-ac90-37bc6d310850"
      expires:
      - '-1'
      pragma:
      - no-cache
      server:
      - Microsoft-HTTPAPI/2.0
      - Microsoft-HTTPAPI/2.0
      strict-transport-security:
      - max-age=31536000; includeSubDomains
      transfer-encoding:
      - chunked
      vary:
      - Accept-Encoding
      x-content-type-options:
      - nosniff
      x-ms-arm-service-request-id:
      - ccb387df-dbd9-4b08-ba45-e8e01b9c8af2
    status:
      code: 200
      message: OK
- request:
    body: '{"location": "westus2", "sku": {"name": "Standard_B1ms", "tier": "Burstable"},
      "properties": {"administratorLogin": "rabidSnail5", "administratorLoginPassword":
      "7EXspiw5TzZ3onFSnV1Mtg", "version": "5.7", "haEnabled": "Disabled", "storageProfile":
      {"backupRetentionDays": 7, "storageMB": 10240}, "delegatedSubnetArguments":
      {"subnetArmResourceId": "/subscriptions/00000000-0000-0000-0000-000000000000/resourceGroups/clitest.rg000002/providers/Microsoft.Network/virtualNetworks/clitestvnet8/subnets/Subnetbclitest-j5fj3"},
      "createMode": "Default"}}'
    headers:
      Accept:
      - application/json
      Accept-Encoding:
      - gzip, deflate
      CommandName:
      - mysql flexible-server create
      Connection:
      - keep-alive
      Content-Length:
      - '606'
      Content-Type:
      - application/json; charset=utf-8
      ParameterSetName:
      - -g -n -l --subnet
      User-Agent:
      - python/3.7.4 (Windows-10-10.0.19041-SP0) msrest/0.6.18 msrest_azure/0.6.3
        azure-mgmt-rdbms/2020-07-01-privatepreview Azure-SDK-For-Python AZURECLI/2.16.0
      accept-language:
      - en-US
    method: PUT
    uri: https://management.azure.com/subscriptions/00000000-0000-0000-0000-000000000000/resourceGroups/clitest.rg000002/providers/Microsoft.DBForMySql/flexibleServers/azuredbclitest-000004?api-version=2020-07-01-privatepreview
  response:
    body:
      string: '{"operation":"UpsertServerManagementOperationV2","startTime":"2020-12-30T06:00:58.943Z"}'
    headers:
      azure-asyncoperation:
      - https://management.azure.com/subscriptions/00000000-0000-0000-0000-000000000000/providers/Microsoft.DBforMySQL/locations/westus2/azureAsyncOperation/147fbb84-06be-41c2-b8f2-6c06d54e3b12?api-version=2020-07-01-privatepreview
      cache-control:
      - no-cache
      content-length:
      - '88'
      content-type:
      - application/json; charset=utf-8
      date:
      - Wed, 30 Dec 2020 06:00:58 GMT
      expires:
      - '-1'
      location:
      - https://management.azure.com/subscriptions/00000000-0000-0000-0000-000000000000/providers/Microsoft.DBforMySQL/locations/westus2/operationResults/147fbb84-06be-41c2-b8f2-6c06d54e3b12?api-version=2020-07-01-privatepreview
      pragma:
      - no-cache
      server:
      - Microsoft-HTTPAPI/2.0
      strict-transport-security:
      - max-age=31536000; includeSubDomains
      x-content-type-options:
      - nosniff
      x-ms-ratelimit-remaining-subscription-writes:
      - '1199'
    status:
      code: 202
      message: Accepted
- request:
    body: null
    headers:
      Accept:
      - application/json
      Accept-Encoding:
      - gzip, deflate
      CommandName:
      - mysql flexible-server create
      Connection:
      - keep-alive
      ParameterSetName:
      - -g -n -l --subnet
      User-Agent:
      - python/3.7.4 (Windows-10-10.0.19041-SP0) msrest/0.6.18 msrest_azure/0.6.3
        azure-mgmt-rdbms/2020-07-01-privatepreview Azure-SDK-For-Python AZURECLI/2.16.0
    method: GET
    uri: https://management.azure.com/subscriptions/00000000-0000-0000-0000-000000000000/providers/Microsoft.DBforMySQL/locations/westus2/azureAsyncOperation/147fbb84-06be-41c2-b8f2-6c06d54e3b12?api-version=2020-07-01-privatepreview
  response:
    body:
      string: '{"name":"147fbb84-06be-41c2-b8f2-6c06d54e3b12","status":"InProgress","startTime":"2020-12-30T06:00:58.943Z"}'
    headers:
      cache-control:
      - no-cache
      content-length:
      - '108'
      content-type:
      - application/json; charset=utf-8
      date:
      - Wed, 30 Dec 2020 06:01:59 GMT
      expires:
      - '-1'
      pragma:
      - no-cache
      server:
      - Microsoft-HTTPAPI/2.0
      strict-transport-security:
      - max-age=31536000; includeSubDomains
      transfer-encoding:
      - chunked
      vary:
      - Accept-Encoding
      x-content-type-options:
      - nosniff
    status:
      code: 200
      message: OK
- request:
    body: null
    headers:
      Accept:
      - application/json
      Accept-Encoding:
      - gzip, deflate
      CommandName:
      - mysql flexible-server create
      Connection:
      - keep-alive
      ParameterSetName:
      - -g -n -l --subnet
      User-Agent:
      - python/3.7.4 (Windows-10-10.0.19041-SP0) msrest/0.6.18 msrest_azure/0.6.3
        azure-mgmt-rdbms/2020-07-01-privatepreview Azure-SDK-For-Python AZURECLI/2.16.0
    method: GET
    uri: https://management.azure.com/subscriptions/00000000-0000-0000-0000-000000000000/providers/Microsoft.DBforMySQL/locations/westus2/azureAsyncOperation/147fbb84-06be-41c2-b8f2-6c06d54e3b12?api-version=2020-07-01-privatepreview
  response:
    body:
      string: '{"name":"147fbb84-06be-41c2-b8f2-6c06d54e3b12","status":"InProgress","startTime":"2020-12-30T06:00:58.943Z"}'
    headers:
      cache-control:
      - no-cache
      content-length:
      - '108'
      content-type:
      - application/json; charset=utf-8
      date:
      - Wed, 30 Dec 2020 06:02:59 GMT
      expires:
      - '-1'
      pragma:
      - no-cache
      server:
      - Microsoft-HTTPAPI/2.0
      strict-transport-security:
      - max-age=31536000; includeSubDomains
      transfer-encoding:
      - chunked
      vary:
      - Accept-Encoding
      x-content-type-options:
      - nosniff
    status:
      code: 200
      message: OK
- request:
    body: null
    headers:
      Accept:
      - application/json
      Accept-Encoding:
      - gzip, deflate
      CommandName:
      - mysql flexible-server create
      Connection:
      - keep-alive
      ParameterSetName:
      - -g -n -l --subnet
      User-Agent:
      - python/3.7.4 (Windows-10-10.0.19041-SP0) msrest/0.6.18 msrest_azure/0.6.3
        azure-mgmt-rdbms/2020-07-01-privatepreview Azure-SDK-For-Python AZURECLI/2.16.0
    method: GET
    uri: https://management.azure.com/subscriptions/00000000-0000-0000-0000-000000000000/providers/Microsoft.DBforMySQL/locations/westus2/azureAsyncOperation/147fbb84-06be-41c2-b8f2-6c06d54e3b12?api-version=2020-07-01-privatepreview
  response:
    body:
      string: '{"name":"147fbb84-06be-41c2-b8f2-6c06d54e3b12","status":"InProgress","startTime":"2020-12-30T06:00:58.943Z"}'
    headers:
      cache-control:
      - no-cache
      content-length:
      - '108'
      content-type:
      - application/json; charset=utf-8
      date:
      - Wed, 30 Dec 2020 06:03:59 GMT
      expires:
      - '-1'
      pragma:
      - no-cache
      server:
      - Microsoft-HTTPAPI/2.0
      strict-transport-security:
      - max-age=31536000; includeSubDomains
      transfer-encoding:
      - chunked
      vary:
      - Accept-Encoding
      x-content-type-options:
      - nosniff
    status:
      code: 200
      message: OK
- request:
    body: null
    headers:
      Accept:
      - application/json
      Accept-Encoding:
      - gzip, deflate
      CommandName:
      - mysql flexible-server create
      Connection:
      - keep-alive
      ParameterSetName:
      - -g -n -l --subnet
      User-Agent:
      - python/3.7.4 (Windows-10-10.0.19041-SP0) msrest/0.6.18 msrest_azure/0.6.3
        azure-mgmt-rdbms/2020-07-01-privatepreview Azure-SDK-For-Python AZURECLI/2.16.0
    method: GET
    uri: https://management.azure.com/subscriptions/00000000-0000-0000-0000-000000000000/providers/Microsoft.DBforMySQL/locations/westus2/azureAsyncOperation/147fbb84-06be-41c2-b8f2-6c06d54e3b12?api-version=2020-07-01-privatepreview
  response:
    body:
      string: '{"name":"147fbb84-06be-41c2-b8f2-6c06d54e3b12","status":"InProgress","startTime":"2020-12-30T06:00:58.943Z"}'
    headers:
      cache-control:
      - no-cache
      content-length:
      - '108'
      content-type:
      - application/json; charset=utf-8
      date:
      - Wed, 30 Dec 2020 06:04:59 GMT
      expires:
      - '-1'
      pragma:
      - no-cache
      server:
      - Microsoft-HTTPAPI/2.0
      strict-transport-security:
      - max-age=31536000; includeSubDomains
      transfer-encoding:
      - chunked
      vary:
      - Accept-Encoding
      x-content-type-options:
      - nosniff
    status:
      code: 200
      message: OK
- request:
    body: null
    headers:
      Accept:
      - application/json
      Accept-Encoding:
      - gzip, deflate
      CommandName:
      - mysql flexible-server create
      Connection:
      - keep-alive
      ParameterSetName:
      - -g -n -l --subnet
      User-Agent:
      - python/3.7.4 (Windows-10-10.0.19041-SP0) msrest/0.6.18 msrest_azure/0.6.3
        azure-mgmt-rdbms/2020-07-01-privatepreview Azure-SDK-For-Python AZURECLI/2.16.0
    method: GET
    uri: https://management.azure.com/subscriptions/00000000-0000-0000-0000-000000000000/providers/Microsoft.DBforMySQL/locations/westus2/azureAsyncOperation/147fbb84-06be-41c2-b8f2-6c06d54e3b12?api-version=2020-07-01-privatepreview
  response:
    body:
      string: '{"name":"147fbb84-06be-41c2-b8f2-6c06d54e3b12","status":"InProgress","startTime":"2020-12-30T06:00:58.943Z"}'
    headers:
      cache-control:
      - no-cache
      content-length:
      - '108'
      content-type:
      - application/json; charset=utf-8
      date:
      - Wed, 30 Dec 2020 06:05:59 GMT
      expires:
      - '-1'
      pragma:
      - no-cache
      server:
      - Microsoft-HTTPAPI/2.0
      strict-transport-security:
      - max-age=31536000; includeSubDomains
      transfer-encoding:
      - chunked
      vary:
      - Accept-Encoding
      x-content-type-options:
      - nosniff
    status:
      code: 200
      message: OK
- request:
    body: null
    headers:
      Accept:
      - application/json
      Accept-Encoding:
      - gzip, deflate
      CommandName:
      - mysql flexible-server create
      Connection:
      - keep-alive
      ParameterSetName:
      - -g -n -l --subnet
      User-Agent:
      - python/3.7.4 (Windows-10-10.0.19041-SP0) msrest/0.6.18 msrest_azure/0.6.3
        azure-mgmt-rdbms/2020-07-01-privatepreview Azure-SDK-For-Python AZURECLI/2.16.0
    method: GET
    uri: https://management.azure.com/subscriptions/00000000-0000-0000-0000-000000000000/providers/Microsoft.DBforMySQL/locations/westus2/azureAsyncOperation/147fbb84-06be-41c2-b8f2-6c06d54e3b12?api-version=2020-07-01-privatepreview
  response:
    body:
      string: '{"name":"147fbb84-06be-41c2-b8f2-6c06d54e3b12","status":"InProgress","startTime":"2020-12-30T06:00:58.943Z"}'
    headers:
      cache-control:
      - no-cache
      content-length:
      - '108'
      content-type:
      - application/json; charset=utf-8
      date:
      - Wed, 30 Dec 2020 06:07:00 GMT
      expires:
      - '-1'
      pragma:
      - no-cache
      server:
      - Microsoft-HTTPAPI/2.0
      strict-transport-security:
      - max-age=31536000; includeSubDomains
      transfer-encoding:
      - chunked
      vary:
      - Accept-Encoding
      x-content-type-options:
      - nosniff
    status:
      code: 200
      message: OK
- request:
    body: null
    headers:
      Accept:
      - application/json
      Accept-Encoding:
      - gzip, deflate
      CommandName:
      - mysql flexible-server create
      Connection:
      - keep-alive
      ParameterSetName:
      - -g -n -l --subnet
      User-Agent:
      - python/3.7.4 (Windows-10-10.0.19041-SP0) msrest/0.6.18 msrest_azure/0.6.3
        azure-mgmt-rdbms/2020-07-01-privatepreview Azure-SDK-For-Python AZURECLI/2.16.0
    method: GET
    uri: https://management.azure.com/subscriptions/00000000-0000-0000-0000-000000000000/providers/Microsoft.DBforMySQL/locations/westus2/azureAsyncOperation/147fbb84-06be-41c2-b8f2-6c06d54e3b12?api-version=2020-07-01-privatepreview
  response:
    body:
      string: '{"name":"147fbb84-06be-41c2-b8f2-6c06d54e3b12","status":"InProgress","startTime":"2020-12-30T06:00:58.943Z"}'
    headers:
      cache-control:
      - no-cache
      content-length:
      - '108'
      content-type:
      - application/json; charset=utf-8
      date:
      - Wed, 30 Dec 2020 06:08:00 GMT
      expires:
      - '-1'
      pragma:
      - no-cache
      server:
      - Microsoft-HTTPAPI/2.0
      strict-transport-security:
      - max-age=31536000; includeSubDomains
      transfer-encoding:
      - chunked
      vary:
      - Accept-Encoding
      x-content-type-options:
      - nosniff
    status:
      code: 200
      message: OK
- request:
    body: null
    headers:
      Accept:
      - application/json
      Accept-Encoding:
      - gzip, deflate
      CommandName:
      - mysql flexible-server create
      Connection:
      - keep-alive
      ParameterSetName:
      - -g -n -l --subnet
      User-Agent:
      - python/3.7.4 (Windows-10-10.0.19041-SP0) msrest/0.6.18 msrest_azure/0.6.3
        azure-mgmt-rdbms/2020-07-01-privatepreview Azure-SDK-For-Python AZURECLI/2.16.0
    method: GET
    uri: https://management.azure.com/subscriptions/00000000-0000-0000-0000-000000000000/providers/Microsoft.DBforMySQL/locations/westus2/azureAsyncOperation/147fbb84-06be-41c2-b8f2-6c06d54e3b12?api-version=2020-07-01-privatepreview
  response:
    body:
      string: '{"name":"147fbb84-06be-41c2-b8f2-6c06d54e3b12","status":"InProgress","startTime":"2020-12-30T06:00:58.943Z"}'
    headers:
      cache-control:
      - no-cache
      content-length:
      - '108'
      content-type:
      - application/json; charset=utf-8
      date:
      - Wed, 30 Dec 2020 06:08:59 GMT
      expires:
      - '-1'
      pragma:
      - no-cache
      server:
      - Microsoft-HTTPAPI/2.0
      strict-transport-security:
      - max-age=31536000; includeSubDomains
      transfer-encoding:
      - chunked
      vary:
      - Accept-Encoding
      x-content-type-options:
      - nosniff
    status:
      code: 200
      message: OK
- request:
    body: null
    headers:
      Accept:
      - application/json
      Accept-Encoding:
      - gzip, deflate
      CommandName:
      - mysql flexible-server create
      Connection:
      - keep-alive
      ParameterSetName:
      - -g -n -l --subnet
      User-Agent:
      - python/3.7.4 (Windows-10-10.0.19041-SP0) msrest/0.6.18 msrest_azure/0.6.3
        azure-mgmt-rdbms/2020-07-01-privatepreview Azure-SDK-For-Python AZURECLI/2.16.0
    method: GET
    uri: https://management.azure.com/subscriptions/00000000-0000-0000-0000-000000000000/providers/Microsoft.DBforMySQL/locations/westus2/azureAsyncOperation/147fbb84-06be-41c2-b8f2-6c06d54e3b12?api-version=2020-07-01-privatepreview
  response:
    body:
      string: '{"name":"147fbb84-06be-41c2-b8f2-6c06d54e3b12","status":"InProgress","startTime":"2020-12-30T06:00:58.943Z"}'
    headers:
      cache-control:
      - no-cache
      content-length:
      - '108'
      content-type:
      - application/json; charset=utf-8
      date:
      - Wed, 30 Dec 2020 06:10:00 GMT
      expires:
      - '-1'
      pragma:
      - no-cache
      server:
      - Microsoft-HTTPAPI/2.0
      strict-transport-security:
      - max-age=31536000; includeSubDomains
      transfer-encoding:
      - chunked
      vary:
      - Accept-Encoding
      x-content-type-options:
      - nosniff
    status:
      code: 200
      message: OK
- request:
    body: null
    headers:
      Accept:
      - application/json
      Accept-Encoding:
      - gzip, deflate
      CommandName:
      - mysql flexible-server create
      Connection:
      - keep-alive
      ParameterSetName:
      - -g -n -l --subnet
      User-Agent:
      - python/3.7.4 (Windows-10-10.0.19041-SP0) msrest/0.6.18 msrest_azure/0.6.3
        azure-mgmt-rdbms/2020-07-01-privatepreview Azure-SDK-For-Python AZURECLI/2.16.0
    method: GET
    uri: https://management.azure.com/subscriptions/00000000-0000-0000-0000-000000000000/providers/Microsoft.DBforMySQL/locations/westus2/azureAsyncOperation/147fbb84-06be-41c2-b8f2-6c06d54e3b12?api-version=2020-07-01-privatepreview
  response:
    body:
      string: '{"name":"147fbb84-06be-41c2-b8f2-6c06d54e3b12","status":"Succeeded","startTime":"2020-12-30T06:00:58.943Z"}'
    headers:
      cache-control:
      - no-cache
      content-length:
      - '107'
      content-type:
      - application/json; charset=utf-8
      date:
      - Wed, 30 Dec 2020 06:11:00 GMT
      expires:
      - '-1'
      pragma:
      - no-cache
      server:
      - Microsoft-HTTPAPI/2.0
      strict-transport-security:
      - max-age=31536000; includeSubDomains
      transfer-encoding:
      - chunked
      vary:
      - Accept-Encoding
      x-content-type-options:
      - nosniff
    status:
      code: 200
      message: OK
- request:
    body: null
    headers:
      Accept:
      - application/json
      Accept-Encoding:
      - gzip, deflate
      CommandName:
      - mysql flexible-server create
      Connection:
      - keep-alive
      ParameterSetName:
      - -g -n -l --subnet
      User-Agent:
      - python/3.7.4 (Windows-10-10.0.19041-SP0) msrest/0.6.18 msrest_azure/0.6.3
        azure-mgmt-rdbms/2020-07-01-privatepreview Azure-SDK-For-Python AZURECLI/2.16.0
    method: GET
    uri: https://management.azure.com/subscriptions/00000000-0000-0000-0000-000000000000/resourceGroups/clitest.rg000002/providers/Microsoft.DBForMySql/flexibleServers/azuredbclitest-000004?api-version=2020-07-01-privatepreview
  response:
    body:
      string: '{"sku":{"name":"Standard_B1ms","tier":"Burstable","capacity":0},"properties":{"administratorLogin":"rabidSnail5","storageProfile":{"storageMB":10240,"storageIops":0,"backupRetentionDays":7,"storageAutogrow":"Disabled","fileStorageSkuName":"Premium_LRS"},"version":"5.7","state":"Ready","haState":"NotEnabled","fullyQualifiedDomainName":"azuredbclitest-000004.mysql.database.azure.com","sourceServerId":"","publicNetworkAccess":"Disabled","sslEnforcement":"Disabled","haEnabled":"Disabled","earliestRestoreDate":"2020-12-30T06:11:01.3873676+00:00","maintenanceWindow":{"customWindow":"Disabled","dayOfWeek":0,"startHour":0,"startMinute":0},"replicationRole":"None","replicaCapacity":10,"delegatedSubnetArguments":{"subnetArmResourceId":"/subscriptions/00000000-0000-0000-0000-000000000000/resourceGroups/clitest.rg000002/providers/Microsoft.Network/virtualNetworks/clitestvnet8/subnets/Subnetbclitest-j5fj3"},"byokEnforcement":"Disabled"},"location":"West
        US 2","id":"/subscriptions/00000000-0000-0000-0000-000000000000/resourceGroups/clitest.rg000002/providers/Microsoft.DBforMySQL/flexibleServers/azuredbclitest-000004","name":"azuredbclitest-000004","type":"Microsoft.DBforMySQL/flexibleServers"}'
    headers:
      cache-control:
      - no-cache
      content-length:
      - '1313'
      content-type:
      - application/json; charset=utf-8
      date:
      - Wed, 30 Dec 2020 06:11:00 GMT
      expires:
      - '-1'
      pragma:
      - no-cache
      server:
      - Microsoft-HTTPAPI/2.0
      strict-transport-security:
      - max-age=31536000; includeSubDomains
      transfer-encoding:
      - chunked
      vary:
      - Accept-Encoding
      x-content-type-options:
      - nosniff
    status:
      code: 200
      message: OK
- request:
    body: null
    headers:
      Accept:
      - application/json
      Accept-Encoding:
      - gzip, deflate
      CommandName:
      - mysql flexible-server create
      Connection:
      - keep-alive
      ParameterSetName:
      - -g -n -l --subnet
      User-Agent:
      - python/3.7.4 (Windows-10-10.0.19041-SP0) msrest/0.6.18 msrest_azure/0.6.3
        azure-mgmt-rdbms/2020-07-01-privatepreview Azure-SDK-For-Python AZURECLI/2.16.0
      accept-language:
      - en-US
    method: GET
    uri: https://management.azure.com/subscriptions/00000000-0000-0000-0000-000000000000/resourceGroups/clitest.rg000002/providers/Microsoft.DBForMySql/flexibleServers/azuredbclitest-000004/databases/flexibleserverdb?api-version=2020-07-01-privatepreview
  response:
    body:
      string: '{"error":{"code":"ResourceNotFound","message":"The requested resource
        of type ''Microsoft.DBforMySQL/flexibleServers/databases'' with name ''flexibleserverdb''
        was not found."}}'
    headers:
      cache-control:
      - no-cache
      content-length:
      - '173'
      content-type:
      - application/json; charset=utf-8
      date:
      - Wed, 30 Dec 2020 06:11:01 GMT
      expires:
      - '-1'
      pragma:
      - no-cache
      server:
      - Microsoft-HTTPAPI/2.0
      strict-transport-security:
      - max-age=31536000; includeSubDomains
      x-content-type-options:
      - nosniff
    status:
      code: 404
      message: Not Found
- request:
    body: '{"properties": {"charset": "utf8"}}'
    headers:
      Accept:
      - application/json
      Accept-Encoding:
      - gzip, deflate
      CommandName:
      - mysql flexible-server create
      Connection:
      - keep-alive
      Content-Length:
      - '35'
      Content-Type:
      - application/json; charset=utf-8
      ParameterSetName:
      - -g -n -l --subnet
      User-Agent:
      - python/3.7.4 (Windows-10-10.0.19041-SP0) msrest/0.6.18 msrest_azure/0.6.3
        azure-mgmt-rdbms/2020-07-01-privatepreview Azure-SDK-For-Python AZURECLI/2.16.0
      accept-language:
      - en-US
    method: PUT
    uri: https://management.azure.com/subscriptions/00000000-0000-0000-0000-000000000000/resourceGroups/clitest.rg000002/providers/Microsoft.DBForMySql/flexibleServers/azuredbclitest-000004/databases/flexibleserverdb?api-version=2020-07-01-privatepreview
  response:
    body:
      string: '{"operation":"UpsertServerDatabaseManagementOperation","startTime":"2020-12-30T06:11:02.23Z"}'
    headers:
      azure-asyncoperation:
      - https://management.azure.com/subscriptions/00000000-0000-0000-0000-000000000000/providers/Microsoft.DBforMySQL/locations/westus2/azureAsyncOperation/66836aaa-3ad3-42ee-a8c8-eeab3c8b66c9?api-version=2020-07-01-privatepreview
      cache-control:
      - no-cache
      content-length:
      - '93'
      content-type:
      - application/json; charset=utf-8
      date:
      - Wed, 30 Dec 2020 06:11:01 GMT
      expires:
      - '-1'
      location:
      - https://management.azure.com/subscriptions/00000000-0000-0000-0000-000000000000/providers/Microsoft.DBforMySQL/locations/westus2/operationResults/66836aaa-3ad3-42ee-a8c8-eeab3c8b66c9?api-version=2020-07-01-privatepreview
      pragma:
      - no-cache
      server:
      - Microsoft-HTTPAPI/2.0
      strict-transport-security:
      - max-age=31536000; includeSubDomains
      x-content-type-options:
      - nosniff
      x-ms-ratelimit-remaining-subscription-writes:
      - '1199'
    status:
      code: 202
      message: Accepted
- request:
    body: null
    headers:
      Accept:
      - application/json
      Accept-Encoding:
      - gzip, deflate
      CommandName:
      - mysql flexible-server create
      Connection:
      - keep-alive
      ParameterSetName:
      - -g -n -l --subnet
      User-Agent:
      - python/3.7.4 (Windows-10-10.0.19041-SP0) msrest/0.6.18 msrest_azure/0.6.3
        azure-mgmt-rdbms/2020-07-01-privatepreview Azure-SDK-For-Python AZURECLI/2.16.0
    method: GET
    uri: https://management.azure.com/subscriptions/00000000-0000-0000-0000-000000000000/providers/Microsoft.DBforMySQL/locations/westus2/azureAsyncOperation/66836aaa-3ad3-42ee-a8c8-eeab3c8b66c9?api-version=2020-07-01-privatepreview
  response:
    body:
      string: '{"name":"66836aaa-3ad3-42ee-a8c8-eeab3c8b66c9","status":"Succeeded","startTime":"2020-12-30T06:11:02.23Z"}'
    headers:
      cache-control:
      - no-cache
      content-length:
      - '106'
      content-type:
      - application/json; charset=utf-8
      date:
      - Wed, 30 Dec 2020 06:11:17 GMT
      expires:
      - '-1'
      pragma:
      - no-cache
      server:
      - Microsoft-HTTPAPI/2.0
      strict-transport-security:
      - max-age=31536000; includeSubDomains
      transfer-encoding:
      - chunked
      vary:
      - Accept-Encoding
      x-content-type-options:
      - nosniff
    status:
      code: 200
      message: OK
- request:
    body: null
    headers:
      Accept:
      - application/json
      Accept-Encoding:
      - gzip, deflate
      CommandName:
      - mysql flexible-server create
      Connection:
      - keep-alive
      ParameterSetName:
      - -g -n -l --subnet
      User-Agent:
      - python/3.7.4 (Windows-10-10.0.19041-SP0) msrest/0.6.18 msrest_azure/0.6.3
        azure-mgmt-rdbms/2020-07-01-privatepreview Azure-SDK-For-Python AZURECLI/2.16.0
    method: GET
    uri: https://management.azure.com/subscriptions/00000000-0000-0000-0000-000000000000/resourceGroups/clitest.rg000002/providers/Microsoft.DBForMySql/flexibleServers/azuredbclitest-000004/databases/flexibleserverdb?api-version=2020-07-01-privatepreview
  response:
    body:
      string: '{"properties":{"charset":"latin1","collation":"latin1_swedish_ci"},"id":"/subscriptions/00000000-0000-0000-0000-000000000000/resourceGroups/clitest.rg000002/providers/Microsoft.DBforMySQL/flexibleServers/azuredbclitest-000004/databases/flexibleserverdb","name":"flexibleserverdb","type":"Microsoft.DBforMySQL/flexibleServers/databases"}'
    headers:
      cache-control:
      - no-cache
      content-length:
      - '394'
      content-type:
      - application/json; charset=utf-8
      date:
      - Wed, 30 Dec 2020 06:11:17 GMT
      expires:
      - '-1'
      pragma:
      - no-cache
      server:
      - Microsoft-HTTPAPI/2.0
      strict-transport-security:
      - max-age=31536000; includeSubDomains
      transfer-encoding:
      - chunked
      vary:
      - Accept-Encoding
      x-content-type-options:
      - nosniff
    status:
      code: 200
      message: OK
- request:
    body: null
    headers:
      Accept:
      - application/json
      Accept-Encoding:
      - gzip, deflate
      CommandName:
      - mysql flexible-server show
      Connection:
      - keep-alive
      ParameterSetName:
      - -g -n
      User-Agent:
      - python/3.7.4 (Windows-10-10.0.19041-SP0) msrest/0.6.18 msrest_azure/0.6.3
        azure-mgmt-rdbms/2020-07-01-privatepreview Azure-SDK-For-Python AZURECLI/2.16.0
      accept-language:
      - en-US
    method: GET
    uri: https://management.azure.com/subscriptions/00000000-0000-0000-0000-000000000000/resourceGroups/clitest.rg000002/providers/Microsoft.DBForMySql/flexibleServers/azuredbclitest-000003?api-version=2020-07-01-privatepreview
  response:
    body:
      string: '{"sku":{"name":"Standard_B1ms","tier":"Burstable","capacity":0},"properties":{"administratorLogin":"famousLinnet8","storageProfile":{"storageMB":10240,"storageIops":0,"backupRetentionDays":7,"storageAutogrow":"Disabled","fileStorageSkuName":"Premium_LRS"},"version":"5.7","state":"Ready","haState":"NotEnabled","fullyQualifiedDomainName":"azuredbclitest-000003.mysql.database.azure.com","sourceServerId":"","publicNetworkAccess":"Disabled","sslEnforcement":"Disabled","haEnabled":"Disabled","earliestRestoreDate":"2020-12-30T06:03:26.5306666+00:00","maintenanceWindow":{"customWindow":"Disabled","dayOfWeek":0,"startHour":0,"startMinute":0},"replicationRole":"None","replicaCapacity":10,"delegatedSubnetArguments":{"subnetArmResourceId":"/subscriptions/00000000-0000-0000-0000-000000000000/resourceGroups/clitest.rg000001/providers/Microsoft.Network/virtualNetworks/clitestvnet7/subnets/clitestsubnet7"},"byokEnforcement":"Disabled"},"location":"West
        US 2","id":"/subscriptions/00000000-0000-0000-0000-000000000000/resourceGroups/clitest.rg000002/providers/Microsoft.DBforMySQL/flexibleServers/azuredbclitest-000003","name":"azuredbclitest-000003","type":"Microsoft.DBforMySQL/flexibleServers"}'
    headers:
      cache-control:
      - no-cache
      content-length:
      - '1309'
      content-type:
      - application/json; charset=utf-8
      date:
      - Wed, 30 Dec 2020 06:11:18 GMT
      expires:
      - '-1'
      pragma:
      - no-cache
      server:
      - Microsoft-HTTPAPI/2.0
      strict-transport-security:
      - max-age=31536000; includeSubDomains
      transfer-encoding:
      - chunked
      vary:
      - Accept-Encoding
      x-content-type-options:
      - nosniff
    status:
      code: 200
      message: OK
- request:
    body: null
    headers:
      Accept:
      - application/json
      Accept-Encoding:
      - gzip, deflate
      CommandName:
      - mysql flexible-server show
      Connection:
      - keep-alive
      ParameterSetName:
      - -g -n
      User-Agent:
      - python/3.7.4 (Windows-10-10.0.19041-SP0) msrest/0.6.18 msrest_azure/0.6.3
        azure-mgmt-rdbms/2020-07-01-privatepreview Azure-SDK-For-Python AZURECLI/2.16.0
      accept-language:
      - en-US
    method: GET
    uri: https://management.azure.com/subscriptions/00000000-0000-0000-0000-000000000000/resourceGroups/clitest.rg000002/providers/Microsoft.DBForMySql/flexibleServers/azuredbclitest-000004?api-version=2020-07-01-privatepreview
  response:
    body:
      string: '{"sku":{"name":"Standard_B1ms","tier":"Burstable","capacity":0},"properties":{"administratorLogin":"rabidSnail5","storageProfile":{"storageMB":10240,"storageIops":0,"backupRetentionDays":7,"storageAutogrow":"Disabled","fileStorageSkuName":"Premium_LRS"},"version":"5.7","state":"Ready","haState":"NotEnabled","fullyQualifiedDomainName":"azuredbclitest-000004.mysql.database.azure.com","sourceServerId":"","publicNetworkAccess":"Disabled","sslEnforcement":"Disabled","haEnabled":"Disabled","earliestRestoreDate":"2020-12-30T06:11:19.4184123+00:00","maintenanceWindow":{"customWindow":"Disabled","dayOfWeek":0,"startHour":0,"startMinute":0},"replicationRole":"None","replicaCapacity":10,"delegatedSubnetArguments":{"subnetArmResourceId":"/subscriptions/00000000-0000-0000-0000-000000000000/resourceGroups/clitest.rg000002/providers/Microsoft.Network/virtualNetworks/clitestvnet8/subnets/Subnetbclitest-j5fj3"},"byokEnforcement":"Disabled"},"location":"West
        US 2","id":"/subscriptions/00000000-0000-0000-0000-000000000000/resourceGroups/clitest.rg000002/providers/Microsoft.DBforMySQL/flexibleServers/azuredbclitest-000004","name":"azuredbclitest-000004","type":"Microsoft.DBforMySQL/flexibleServers"}'
    headers:
      cache-control:
      - no-cache
      content-length:
      - '1313'
      content-type:
      - application/json; charset=utf-8
      date:
      - Wed, 30 Dec 2020 06:11:19 GMT
      expires:
      - '-1'
      pragma:
      - no-cache
      server:
      - Microsoft-HTTPAPI/2.0
      strict-transport-security:
      - max-age=31536000; includeSubDomains
      transfer-encoding:
      - chunked
      vary:
      - Accept-Encoding
      x-content-type-options:
      - nosniff
    status:
      code: 200
      message: OK
- request:
    body: null
    headers:
      Accept:
      - application/json
      Accept-Encoding:
      - gzip, deflate
      CommandName:
      - mysql flexible-server delete
      Connection:
      - keep-alive
      Content-Length:
      - '0'
      ParameterSetName:
      - -g -n --yes
      User-Agent:
      - python/3.7.4 (Windows-10-10.0.19041-SP0) msrest/0.6.18 msrest_azure/0.6.3
        azure-mgmt-rdbms/2020-07-01-privatepreview Azure-SDK-For-Python AZURECLI/2.16.0
      accept-language:
      - en-US
    method: DELETE
    uri: https://management.azure.com/subscriptions/00000000-0000-0000-0000-000000000000/resourceGroups/clitest.rg000002/providers/Microsoft.DBForMySql/flexibleServers/azuredbclitest-000003?api-version=2020-07-01-privatepreview
  response:
    body:
      string: '{"operation":"DropServerManagementOperation","startTime":"2020-12-30T06:11:19.977Z"}'
    headers:
      azure-asyncoperation:
      - https://management.azure.com/subscriptions/00000000-0000-0000-0000-000000000000/providers/Microsoft.DBforMySQL/locations/West%20US%202/azureAsyncOperation/45cf079e-7b4a-43b5-bbae-5d0c93b601ad?api-version=2020-07-01-privatepreview
      cache-control:
      - no-cache
      content-length:
      - '84'
      content-type:
      - application/json; charset=utf-8
      date:
      - Wed, 30 Dec 2020 06:11:19 GMT
      expires:
      - '-1'
      location:
      - https://management.azure.com/subscriptions/00000000-0000-0000-0000-000000000000/providers/Microsoft.DBforMySQL/locations/West%20US%202/operationResults/45cf079e-7b4a-43b5-bbae-5d0c93b601ad?api-version=2020-07-01-privatepreview
      pragma:
      - no-cache
      server:
      - Microsoft-HTTPAPI/2.0
      strict-transport-security:
      - max-age=31536000; includeSubDomains
      x-content-type-options:
      - nosniff
      x-ms-ratelimit-remaining-subscription-deletes:
      - '14999'
    status:
      code: 202
      message: Accepted
- request:
    body: null
    headers:
      Accept:
      - application/json
      Accept-Encoding:
      - gzip, deflate
      CommandName:
      - mysql flexible-server delete
      Connection:
      - keep-alive
      ParameterSetName:
      - -g -n --yes
      User-Agent:
      - python/3.7.4 (Windows-10-10.0.19041-SP0) msrest/0.6.18 msrest_azure/0.6.3
        azure-mgmt-rdbms/2020-07-01-privatepreview Azure-SDK-For-Python AZURECLI/2.16.0
    method: GET
    uri: https://management.azure.com/subscriptions/00000000-0000-0000-0000-000000000000/providers/Microsoft.DBforMySQL/locations/West%20US%202/azureAsyncOperation/45cf079e-7b4a-43b5-bbae-5d0c93b601ad?api-version=2020-07-01-privatepreview
  response:
    body:
      string: '{"name":"45cf079e-7b4a-43b5-bbae-5d0c93b601ad","status":"InProgress","startTime":"2020-12-30T06:11:19.977Z"}'
    headers:
      cache-control:
      - no-cache
      content-length:
      - '108'
      content-type:
      - application/json; charset=utf-8
      date:
      - Wed, 30 Dec 2020 06:11:34 GMT
      expires:
      - '-1'
      pragma:
      - no-cache
      server:
      - Microsoft-HTTPAPI/2.0
      strict-transport-security:
      - max-age=31536000; includeSubDomains
      transfer-encoding:
      - chunked
      vary:
      - Accept-Encoding
      x-content-type-options:
      - nosniff
    status:
      code: 200
      message: OK
- request:
    body: null
    headers:
      Accept:
      - application/json
      Accept-Encoding:
      - gzip, deflate
      CommandName:
      - mysql flexible-server delete
      Connection:
      - keep-alive
      ParameterSetName:
      - -g -n --yes
      User-Agent:
      - python/3.7.4 (Windows-10-10.0.19041-SP0) msrest/0.6.18 msrest_azure/0.6.3
        azure-mgmt-rdbms/2020-07-01-privatepreview Azure-SDK-For-Python AZURECLI/2.16.0
    method: GET
    uri: https://management.azure.com/subscriptions/00000000-0000-0000-0000-000000000000/providers/Microsoft.DBforMySQL/locations/West%20US%202/azureAsyncOperation/45cf079e-7b4a-43b5-bbae-5d0c93b601ad?api-version=2020-07-01-privatepreview
  response:
    body:
      string: '{"name":"45cf079e-7b4a-43b5-bbae-5d0c93b601ad","status":"InProgress","startTime":"2020-12-30T06:11:19.977Z"}'
    headers:
      cache-control:
      - no-cache
      content-length:
      - '108'
      content-type:
      - application/json; charset=utf-8
      date:
      - Wed, 30 Dec 2020 06:11:49 GMT
      expires:
      - '-1'
      pragma:
      - no-cache
      server:
      - Microsoft-HTTPAPI/2.0
      strict-transport-security:
      - max-age=31536000; includeSubDomains
      transfer-encoding:
      - chunked
      vary:
      - Accept-Encoding
      x-content-type-options:
      - nosniff
    status:
      code: 200
      message: OK
- request:
    body: null
    headers:
      Accept:
      - application/json
      Accept-Encoding:
      - gzip, deflate
      CommandName:
      - mysql flexible-server delete
      Connection:
      - keep-alive
      ParameterSetName:
      - -g -n --yes
      User-Agent:
      - python/3.7.4 (Windows-10-10.0.19041-SP0) msrest/0.6.18 msrest_azure/0.6.3
        azure-mgmt-rdbms/2020-07-01-privatepreview Azure-SDK-For-Python AZURECLI/2.16.0
    method: GET
    uri: https://management.azure.com/subscriptions/00000000-0000-0000-0000-000000000000/providers/Microsoft.DBforMySQL/locations/West%20US%202/azureAsyncOperation/45cf079e-7b4a-43b5-bbae-5d0c93b601ad?api-version=2020-07-01-privatepreview
  response:
    body:
      string: '{"name":"45cf079e-7b4a-43b5-bbae-5d0c93b601ad","status":"Succeeded","startTime":"2020-12-30T06:11:19.977Z"}'
    headers:
      cache-control:
      - no-cache
      content-length:
      - '107'
      content-type:
      - application/json; charset=utf-8
      date:
      - Wed, 30 Dec 2020 06:12:05 GMT
      expires:
      - '-1'
      pragma:
      - no-cache
      server:
      - Microsoft-HTTPAPI/2.0
      strict-transport-security:
      - max-age=31536000; includeSubDomains
      transfer-encoding:
      - chunked
      vary:
      - Accept-Encoding
      x-content-type-options:
      - nosniff
    status:
      code: 200
      message: OK
- request:
    body: null
    headers:
      Accept:
      - application/json
      Accept-Encoding:
      - gzip, deflate
      CommandName:
      - mysql flexible-server delete
      Connection:
      - keep-alive
      Content-Length:
      - '0'
      ParameterSetName:
      - -g -n --yes
      User-Agent:
      - python/3.7.4 (Windows-10-10.0.19041-SP0) msrest/0.6.18 msrest_azure/0.6.3
        azure-mgmt-rdbms/2020-07-01-privatepreview Azure-SDK-For-Python AZURECLI/2.16.0
      accept-language:
      - en-US
    method: DELETE
    uri: https://management.azure.com/subscriptions/00000000-0000-0000-0000-000000000000/resourceGroups/clitest.rg000002/providers/Microsoft.DBForMySql/flexibleServers/azuredbclitest-000004?api-version=2020-07-01-privatepreview
  response:
    body:
      string: '{"operation":"DropServerManagementOperation","startTime":"2020-12-30T06:12:06.98Z"}'
    headers:
      azure-asyncoperation:
      - https://management.azure.com/subscriptions/00000000-0000-0000-0000-000000000000/providers/Microsoft.DBforMySQL/locations/West%20US%202/azureAsyncOperation/285d1d2f-f3cc-42f2-80fd-ae439dc8a360?api-version=2020-07-01-privatepreview
      cache-control:
      - no-cache
      content-length:
      - '83'
      content-type:
      - application/json; charset=utf-8
      date:
      - Wed, 30 Dec 2020 06:12:06 GMT
      expires:
      - '-1'
      location:
      - https://management.azure.com/subscriptions/00000000-0000-0000-0000-000000000000/providers/Microsoft.DBforMySQL/locations/West%20US%202/operationResults/285d1d2f-f3cc-42f2-80fd-ae439dc8a360?api-version=2020-07-01-privatepreview
      pragma:
      - no-cache
      server:
      - Microsoft-HTTPAPI/2.0
      strict-transport-security:
      - max-age=31536000; includeSubDomains
      x-content-type-options:
      - nosniff
      x-ms-ratelimit-remaining-subscription-deletes:
      - '14999'
    status:
      code: 202
      message: Accepted
- request:
    body: null
    headers:
      Accept:
      - application/json
      Accept-Encoding:
      - gzip, deflate
      CommandName:
      - mysql flexible-server delete
      Connection:
      - keep-alive
      ParameterSetName:
      - -g -n --yes
      User-Agent:
      - python/3.7.4 (Windows-10-10.0.19041-SP0) msrest/0.6.18 msrest_azure/0.6.3
        azure-mgmt-rdbms/2020-07-01-privatepreview Azure-SDK-For-Python AZURECLI/2.16.0
    method: GET
    uri: https://management.azure.com/subscriptions/00000000-0000-0000-0000-000000000000/providers/Microsoft.DBforMySQL/locations/West%20US%202/azureAsyncOperation/285d1d2f-f3cc-42f2-80fd-ae439dc8a360?api-version=2020-07-01-privatepreview
  response:
    body:
      string: '{"name":"285d1d2f-f3cc-42f2-80fd-ae439dc8a360","status":"InProgress","startTime":"2020-12-30T06:12:06.98Z"}'
    headers:
      cache-control:
      - no-cache
      content-length:
      - '107'
      content-type:
      - application/json; charset=utf-8
      date:
      - Wed, 30 Dec 2020 06:12:22 GMT
      expires:
      - '-1'
      pragma:
      - no-cache
      server:
      - Microsoft-HTTPAPI/2.0
      strict-transport-security:
      - max-age=31536000; includeSubDomains
      transfer-encoding:
      - chunked
      vary:
      - Accept-Encoding
      x-content-type-options:
      - nosniff
    status:
      code: 200
      message: OK
- request:
    body: null
    headers:
      Accept:
      - application/json
      Accept-Encoding:
      - gzip, deflate
      CommandName:
      - mysql flexible-server delete
      Connection:
      - keep-alive
      ParameterSetName:
      - -g -n --yes
      User-Agent:
      - python/3.7.4 (Windows-10-10.0.19041-SP0) msrest/0.6.18 msrest_azure/0.6.3
        azure-mgmt-rdbms/2020-07-01-privatepreview Azure-SDK-For-Python AZURECLI/2.16.0
    method: GET
    uri: https://management.azure.com/subscriptions/00000000-0000-0000-0000-000000000000/providers/Microsoft.DBforMySQL/locations/West%20US%202/azureAsyncOperation/285d1d2f-f3cc-42f2-80fd-ae439dc8a360?api-version=2020-07-01-privatepreview
  response:
    body:
      string: '{"name":"285d1d2f-f3cc-42f2-80fd-ae439dc8a360","status":"InProgress","startTime":"2020-12-30T06:12:06.98Z"}'
    headers:
      cache-control:
      - no-cache
      content-length:
      - '107'
      content-type:
      - application/json; charset=utf-8
      date:
      - Wed, 30 Dec 2020 06:12:37 GMT
      expires:
      - '-1'
      pragma:
      - no-cache
      server:
      - Microsoft-HTTPAPI/2.0
      strict-transport-security:
      - max-age=31536000; includeSubDomains
      transfer-encoding:
      - chunked
      vary:
      - Accept-Encoding
      x-content-type-options:
      - nosniff
    status:
      code: 200
      message: OK
- request:
    body: null
    headers:
      Accept:
      - application/json
      Accept-Encoding:
      - gzip, deflate
      CommandName:
      - mysql flexible-server delete
      Connection:
      - keep-alive
      ParameterSetName:
      - -g -n --yes
      User-Agent:
      - python/3.7.4 (Windows-10-10.0.19041-SP0) msrest/0.6.18 msrest_azure/0.6.3
        azure-mgmt-rdbms/2020-07-01-privatepreview Azure-SDK-For-Python AZURECLI/2.16.0
    method: GET
    uri: https://management.azure.com/subscriptions/00000000-0000-0000-0000-000000000000/providers/Microsoft.DBforMySQL/locations/West%20US%202/azureAsyncOperation/285d1d2f-f3cc-42f2-80fd-ae439dc8a360?api-version=2020-07-01-privatepreview
  response:
    body:
      string: '{"name":"285d1d2f-f3cc-42f2-80fd-ae439dc8a360","status":"Succeeded","startTime":"2020-12-30T06:12:06.98Z"}'
    headers:
      cache-control:
      - no-cache
      content-length:
      - '106'
      content-type:
      - application/json; charset=utf-8
      date:
      - Wed, 30 Dec 2020 06:12:51 GMT
      expires:
      - '-1'
      pragma:
      - no-cache
      server:
      - Microsoft-HTTPAPI/2.0
      strict-transport-security:
      - max-age=31536000; includeSubDomains
      transfer-encoding:
      - chunked
      vary:
      - Accept-Encoding
      x-content-type-options:
      - nosniff
    status:
      code: 200
      message: OK
- request:
    body: null
    headers:
      Accept:
      - application/json
      Accept-Encoding:
      - gzip, deflate
      CommandName:
      - network vnet subnet update
      Connection:
      - keep-alive
      ParameterSetName:
      - -g --name --vnet-name --remove
      User-Agent:
      - AZURECLI/2.16.0 azsdk-python-azure-mgmt-network/17.0.0 Python/3.7.4 (Windows-10-10.0.19041-SP0)
    method: GET
    uri: https://management.azure.com/subscriptions/00000000-0000-0000-0000-000000000000/resourceGroups/clitest.rg000001/providers/Microsoft.Network/virtualNetworks/clitestvnet7/subnets/clitestsubnet7?api-version=2020-07-01
  response:
    body:
      string: "{\r\n  \"name\": \"clitestsubnet7\",\r\n  \"id\": \"/subscriptions/00000000-0000-0000-0000-000000000000/resourceGroups/clitest.rg000001/providers/Microsoft.Network/virtualNetworks/clitestvnet7/subnets/clitestsubnet7\",\r\n
        \ \"etag\": \"W/\\\"a8c41248-7e84-4188-9aae-9fb6452f46d0\\\"\",\r\n  \"properties\":
        {\r\n    \"provisioningState\": \"Succeeded\",\r\n    \"addressPrefix\": \"10.0.0.0/24\",\r\n
        \   \"networkSecurityGroup\": {\r\n      \"id\": \"/subscriptions/00000000-0000-0000-0000-000000000000/resourceGroups/clitest.rg000001/providers/Microsoft.Network/networkSecurityGroups/clitestvnet7-clitestsubnet7-NRMS\"\r\n
        \   },\r\n    \"delegations\": [\r\n      {\r\n        \"name\": \"Microsoft.DBforMySQL/flexibleServers\",\r\n
        \       \"id\": \"/subscriptions/00000000-0000-0000-0000-000000000000/resourceGroups/clitest.rg000001/providers/Microsoft.Network/virtualNetworks/clitestvnet7/subnets/clitestsubnet7/delegations/Microsoft.DBforMySQL/flexibleServers\",\r\n
        \       \"etag\": \"W/\\\"a8c41248-7e84-4188-9aae-9fb6452f46d0\\\"\",\r\n
        \       \"properties\": {\r\n          \"provisioningState\": \"Succeeded\",\r\n
        \         \"serviceName\": \"Microsoft.DBforMySQL/flexibleServers\",\r\n          \"actions\":
        [\r\n            \"Microsoft.Network/virtualNetworks/subnets/join/action\"\r\n
        \         ]\r\n        },\r\n        \"type\": \"Microsoft.Network/virtualNetworks/subnets/delegations\"\r\n
        \     }\r\n    ],\r\n    \"privateEndpointNetworkPolicies\": \"Enabled\",\r\n
        \   \"privateLinkServiceNetworkPolicies\": \"Enabled\"\r\n  },\r\n  \"type\":
        \"Microsoft.Network/virtualNetworks/subnets\"\r\n}"
    headers:
      cache-control:
      - no-cache
      content-length:
      - '1648'
      content-type:
      - application/json; charset=utf-8
      date:
      - Wed, 30 Dec 2020 06:27:53 GMT
      etag:
      - W/"a8c41248-7e84-4188-9aae-9fb6452f46d0"
      expires:
      - '-1'
      pragma:
      - no-cache
      server:
      - Microsoft-HTTPAPI/2.0
      - Microsoft-HTTPAPI/2.0
      strict-transport-security:
      - max-age=31536000; includeSubDomains
      transfer-encoding:
      - chunked
      vary:
      - Accept-Encoding
      x-content-type-options:
      - nosniff
      x-ms-arm-service-request-id:
      - 727cd16e-e27b-4a23-9ca5-9bf59ecba5e6
    status:
      code: 200
      message: OK
- request:
    body: '{"id": "/subscriptions/00000000-0000-0000-0000-000000000000/resourceGroups/clitest.rg000001/providers/Microsoft.Network/virtualNetworks/clitestvnet7/subnets/clitestsubnet7",
      "name": "clitestsubnet7", "properties": {"addressPrefix": "10.0.0.0/24", "networkSecurityGroup":
      {"id": "/subscriptions/00000000-0000-0000-0000-000000000000/resourceGroups/clitest.rg000001/providers/Microsoft.Network/networkSecurityGroups/clitestvnet7-clitestsubnet7-NRMS"},
      "delegations": [], "privateEndpointNetworkPolicies": "Enabled", "privateLinkServiceNetworkPolicies":
      "Enabled"}}'
    headers:
      Accept:
      - application/json
      Accept-Encoding:
      - gzip, deflate
      CommandName:
      - network vnet subnet update
      Connection:
      - keep-alive
      Content-Length:
      - '679'
      Content-Type:
      - application/json
      ParameterSetName:
      - -g --name --vnet-name --remove
      User-Agent:
      - AZURECLI/2.16.0 azsdk-python-azure-mgmt-network/17.0.0 Python/3.7.4 (Windows-10-10.0.19041-SP0)
    method: PUT
    uri: https://management.azure.com/subscriptions/00000000-0000-0000-0000-000000000000/resourceGroups/clitest.rg000001/providers/Microsoft.Network/virtualNetworks/clitestvnet7/subnets/clitestsubnet7?api-version=2020-07-01
  response:
    body:
      string: "{\r\n  \"name\": \"clitestsubnet7\",\r\n  \"id\": \"/subscriptions/00000000-0000-0000-0000-000000000000/resourceGroups/clitest.rg000001/providers/Microsoft.Network/virtualNetworks/clitestvnet7/subnets/clitestsubnet7\",\r\n
        \ \"etag\": \"W/\\\"83346200-16fc-4212-9cd6-c0628af81a91\\\"\",\r\n  \"properties\":
        {\r\n    \"provisioningState\": \"Updating\",\r\n    \"addressPrefix\": \"10.0.0.0/24\",\r\n
        \   \"networkSecurityGroup\": {\r\n      \"id\": \"/subscriptions/00000000-0000-0000-0000-000000000000/resourceGroups/clitest.rg000001/providers/Microsoft.Network/networkSecurityGroups/clitestvnet7-clitestsubnet7-NRMS\"\r\n
        \   },\r\n    \"delegations\": [],\r\n    \"privateEndpointNetworkPolicies\":
        \"Enabled\",\r\n    \"privateLinkServiceNetworkPolicies\": \"Enabled\"\r\n
        \ },\r\n  \"type\": \"Microsoft.Network/virtualNetworks/subnets\"\r\n}"
    headers:
      azure-asyncoperation:
      - https://management.azure.com/subscriptions/00000000-0000-0000-0000-000000000000/providers/Microsoft.Network/locations/westus2/operations/7e769c87-73eb-4a54-9620-1ee8a3f1769b?api-version=2020-07-01
      cache-control:
      - no-cache
      content-length:
      - '886'
      content-type:
      - application/json; charset=utf-8
      date:
      - Wed, 30 Dec 2020 06:27:53 GMT
      expires:
      - '-1'
      pragma:
      - no-cache
      server:
      - Microsoft-HTTPAPI/2.0
      - Microsoft-HTTPAPI/2.0
      strict-transport-security:
      - max-age=31536000; includeSubDomains
      transfer-encoding:
      - chunked
      vary:
      - Accept-Encoding
      x-content-type-options:
      - nosniff
      x-ms-arm-service-request-id:
      - 88e1e707-c8eb-4c9a-92d2-32f28533d5e4
      x-ms-ratelimit-remaining-subscription-writes:
      - '1198'
    status:
      code: 200
      message: OK
- request:
    body: null
    headers:
      Accept:
      - '*/*'
      Accept-Encoding:
      - gzip, deflate
      CommandName:
      - network vnet subnet update
      Connection:
      - keep-alive
      ParameterSetName:
      - -g --name --vnet-name --remove
      User-Agent:
      - AZURECLI/2.16.0 azsdk-python-azure-mgmt-network/17.0.0 Python/3.7.4 (Windows-10-10.0.19041-SP0)
    method: GET
    uri: https://management.azure.com/subscriptions/00000000-0000-0000-0000-000000000000/providers/Microsoft.Network/locations/westus2/operations/7e769c87-73eb-4a54-9620-1ee8a3f1769b?api-version=2020-07-01
  response:
    body:
      string: "{\r\n  \"status\": \"Succeeded\"\r\n}"
    headers:
      cache-control:
      - no-cache
      content-length:
      - '29'
      content-type:
      - application/json; charset=utf-8
      date:
      - Wed, 30 Dec 2020 06:27:56 GMT
      expires:
      - '-1'
      pragma:
      - no-cache
      server:
      - Microsoft-HTTPAPI/2.0
      - Microsoft-HTTPAPI/2.0
      strict-transport-security:
      - max-age=31536000; includeSubDomains
      transfer-encoding:
      - chunked
      vary:
      - Accept-Encoding
      x-content-type-options:
      - nosniff
      x-ms-arm-service-request-id:
      - 482e01f1-1a13-4d74-a15e-5c2919e3136e
    status:
      code: 200
      message: OK
- request:
    body: null
    headers:
      Accept:
      - '*/*'
      Accept-Encoding:
      - gzip, deflate
      CommandName:
      - network vnet subnet update
      Connection:
      - keep-alive
      ParameterSetName:
      - -g --name --vnet-name --remove
      User-Agent:
      - AZURECLI/2.16.0 azsdk-python-azure-mgmt-network/17.0.0 Python/3.7.4 (Windows-10-10.0.19041-SP0)
    method: GET
    uri: https://management.azure.com/subscriptions/00000000-0000-0000-0000-000000000000/resourceGroups/clitest.rg000001/providers/Microsoft.Network/virtualNetworks/clitestvnet7/subnets/clitestsubnet7?api-version=2020-07-01
  response:
    body:
      string: "{\r\n  \"name\": \"clitestsubnet7\",\r\n  \"id\": \"/subscriptions/00000000-0000-0000-0000-000000000000/resourceGroups/clitest.rg000001/providers/Microsoft.Network/virtualNetworks/clitestvnet7/subnets/clitestsubnet7\",\r\n
        \ \"etag\": \"W/\\\"652538e9-4141-4cca-b5cf-fd03b082cc5b\\\"\",\r\n  \"properties\":
        {\r\n    \"provisioningState\": \"Succeeded\",\r\n    \"addressPrefix\": \"10.0.0.0/24\",\r\n
        \   \"networkSecurityGroup\": {\r\n      \"id\": \"/subscriptions/00000000-0000-0000-0000-000000000000/resourceGroups/clitest.rg000001/providers/Microsoft.Network/networkSecurityGroups/clitestvnet7-clitestsubnet7-NRMS\"\r\n
        \   },\r\n    \"delegations\": [],\r\n    \"privateEndpointNetworkPolicies\":
        \"Enabled\",\r\n    \"privateLinkServiceNetworkPolicies\": \"Enabled\"\r\n
        \ },\r\n  \"type\": \"Microsoft.Network/virtualNetworks/subnets\"\r\n}"
    headers:
      cache-control:
      - no-cache
      content-length:
      - '887'
      content-type:
      - application/json; charset=utf-8
      date:
      - Wed, 30 Dec 2020 06:27:56 GMT
      etag:
      - W/"652538e9-4141-4cca-b5cf-fd03b082cc5b"
      expires:
      - '-1'
      pragma:
      - no-cache
      server:
      - Microsoft-HTTPAPI/2.0
      - Microsoft-HTTPAPI/2.0
      strict-transport-security:
      - max-age=31536000; includeSubDomains
      transfer-encoding:
      - chunked
      vary:
      - Accept-Encoding
      x-content-type-options:
      - nosniff
      x-ms-arm-service-request-id:
      - c7994bc2-a9b4-4639-8f35-1279e04bcdee
    status:
      code: 200
      message: OK
- request:
    body: null
    headers:
      Accept:
      - application/json
      Accept-Encoding:
      - gzip, deflate
      CommandName:
      - network vnet subnet update
      Connection:
      - keep-alive
      ParameterSetName:
      - -g --name --vnet-name --remove
      User-Agent:
      - AZURECLI/2.16.0 azsdk-python-azure-mgmt-network/17.0.0 Python/3.7.4 (Windows-10-10.0.19041-SP0)
    method: GET
    uri: https://management.azure.com/subscriptions/00000000-0000-0000-0000-000000000000/resourceGroups/clitest.rg000002/providers/Microsoft.Network/virtualNetworks/clitestvnet8/subnets/Subnetbclitest-j5fj3?api-version=2020-07-01
  response:
    body:
      string: "{\r\n  \"name\": \"Subnetbclitest-j5fj3\",\r\n  \"id\": \"/subscriptions/00000000-0000-0000-0000-000000000000/resourceGroups/clitest.rg000002/providers/Microsoft.Network/virtualNetworks/clitestvnet8/subnets/Subnetbclitest-j5fj3\",\r\n
        \ \"etag\": \"W/\\\"9ca173f9-39a5-4aaf-9aac-c966d6c55e29\\\"\",\r\n  \"properties\":
        {\r\n    \"provisioningState\": \"Succeeded\",\r\n    \"addressPrefix\": \"10.0.0.0/24\",\r\n
        \   \"networkSecurityGroup\": {\r\n      \"id\": \"/subscriptions/00000000-0000-0000-0000-000000000000/resourceGroups/clitest.rg000002/providers/Microsoft.Network/networkSecurityGroups/clitestvnet8-Subnetbclitest-j5fj3-NRMS\"\r\n
        \   },\r\n    \"delegations\": [\r\n      {\r\n        \"name\": \"Microsoft.DBforMySQL/flexibleServers\",\r\n
        \       \"id\": \"/subscriptions/00000000-0000-0000-0000-000000000000/resourceGroups/clitest.rg000002/providers/Microsoft.Network/virtualNetworks/clitestvnet8/subnets/Subnetbclitest-j5fj3/delegations/Microsoft.DBforMySQL/flexibleServers\",\r\n
        \       \"etag\": \"W/\\\"9ca173f9-39a5-4aaf-9aac-c966d6c55e29\\\"\",\r\n
        \       \"properties\": {\r\n          \"provisioningState\": \"Succeeded\",\r\n
        \         \"serviceName\": \"Microsoft.DBforMySQL/flexibleServers\",\r\n          \"actions\":
        [\r\n            \"Microsoft.Network/virtualNetworks/subnets/join/action\"\r\n
        \         ]\r\n        },\r\n        \"type\": \"Microsoft.Network/virtualNetworks/subnets/delegations\"\r\n
        \     }\r\n    ],\r\n    \"privateEndpointNetworkPolicies\": \"Enabled\",\r\n
        \   \"privateLinkServiceNetworkPolicies\": \"Enabled\"\r\n  },\r\n  \"type\":
        \"Microsoft.Network/virtualNetworks/subnets\"\r\n}"
    headers:
      cache-control:
      - no-cache
      content-length:
      - '1672'
      content-type:
      - application/json; charset=utf-8
      date:
      - Wed, 30 Dec 2020 06:27:56 GMT
      etag:
      - W/"9ca173f9-39a5-4aaf-9aac-c966d6c55e29"
      expires:
      - '-1'
      pragma:
      - no-cache
      server:
      - Microsoft-HTTPAPI/2.0
      - Microsoft-HTTPAPI/2.0
      strict-transport-security:
      - max-age=31536000; includeSubDomains
      transfer-encoding:
      - chunked
      vary:
      - Accept-Encoding
      x-content-type-options:
      - nosniff
      x-ms-arm-service-request-id:
      - b57e25f7-a331-40b8-a921-73aac671e184
    status:
      code: 200
      message: OK
- request:
    body: '{"id": "/subscriptions/00000000-0000-0000-0000-000000000000/resourceGroups/clitest.rg000002/providers/Microsoft.Network/virtualNetworks/clitestvnet8/subnets/Subnetbclitest-j5fj3",
      "name": "Subnetbclitest-j5fj3", "properties": {"addressPrefix": "10.0.0.0/24",
      "networkSecurityGroup": {"id": "/subscriptions/00000000-0000-0000-0000-000000000000/resourceGroups/clitest.rg000002/providers/Microsoft.Network/networkSecurityGroups/clitestvnet8-Subnetbclitest-j5fj3-NRMS"},
      "delegations": [], "privateEndpointNetworkPolicies": "Enabled", "privateLinkServiceNetworkPolicies":
      "Enabled"}}'
    headers:
      Accept:
      - application/json
      Accept-Encoding:
      - gzip, deflate
      CommandName:
      - network vnet subnet update
      Connection:
      - keep-alive
      Content-Length:
      - '697'
      Content-Type:
      - application/json
      ParameterSetName:
      - -g --name --vnet-name --remove
      User-Agent:
      - AZURECLI/2.16.0 azsdk-python-azure-mgmt-network/17.0.0 Python/3.7.4 (Windows-10-10.0.19041-SP0)
    method: PUT
    uri: https://management.azure.com/subscriptions/00000000-0000-0000-0000-000000000000/resourceGroups/clitest.rg000002/providers/Microsoft.Network/virtualNetworks/clitestvnet8/subnets/Subnetbclitest-j5fj3?api-version=2020-07-01
  response:
    body:
      string: "{\r\n  \"name\": \"Subnetbclitest-j5fj3\",\r\n  \"id\": \"/subscriptions/00000000-0000-0000-0000-000000000000/resourceGroups/clitest.rg000002/providers/Microsoft.Network/virtualNetworks/clitestvnet8/subnets/Subnetbclitest-j5fj3\",\r\n
        \ \"etag\": \"W/\\\"585ba9a1-eaca-4429-acf9-d0281c0d3427\\\"\",\r\n  \"properties\":
        {\r\n    \"provisioningState\": \"Updating\",\r\n    \"addressPrefix\": \"10.0.0.0/24\",\r\n
        \   \"networkSecurityGroup\": {\r\n      \"id\": \"/subscriptions/00000000-0000-0000-0000-000000000000/resourceGroups/clitest.rg000002/providers/Microsoft.Network/networkSecurityGroups/clitestvnet8-Subnetbclitest-j5fj3-NRMS\"\r\n
        \   },\r\n    \"delegations\": [],\r\n    \"privateEndpointNetworkPolicies\":
        \"Enabled\",\r\n    \"privateLinkServiceNetworkPolicies\": \"Enabled\"\r\n
        \ },\r\n  \"type\": \"Microsoft.Network/virtualNetworks/subnets\"\r\n}"
    headers:
      azure-asyncoperation:
      - https://management.azure.com/subscriptions/00000000-0000-0000-0000-000000000000/providers/Microsoft.Network/locations/westus2/operations/4a3e0a7d-ce39-40c4-a91a-60231ef83cb8?api-version=2020-07-01
      cache-control:
      - no-cache
      content-length:
      - '904'
      content-type:
      - application/json; charset=utf-8
      date:
      - Wed, 30 Dec 2020 06:27:58 GMT
      expires:
      - '-1'
      pragma:
      - no-cache
      server:
      - Microsoft-HTTPAPI/2.0
      - Microsoft-HTTPAPI/2.0
      strict-transport-security:
      - max-age=31536000; includeSubDomains
      transfer-encoding:
      - chunked
      vary:
      - Accept-Encoding
      x-content-type-options:
      - nosniff
      x-ms-arm-service-request-id:
      - e380df09-734a-4132-8057-59ebbb31979b
      x-ms-ratelimit-remaining-subscription-writes:
      - '1199'
    status:
      code: 200
      message: OK
- request:
    body: null
    headers:
      Accept:
      - '*/*'
      Accept-Encoding:
      - gzip, deflate
      CommandName:
      - network vnet subnet update
      Connection:
      - keep-alive
      ParameterSetName:
      - -g --name --vnet-name --remove
      User-Agent:
      - AZURECLI/2.16.0 azsdk-python-azure-mgmt-network/17.0.0 Python/3.7.4 (Windows-10-10.0.19041-SP0)
    method: GET
    uri: https://management.azure.com/subscriptions/00000000-0000-0000-0000-000000000000/providers/Microsoft.Network/locations/westus2/operations/4a3e0a7d-ce39-40c4-a91a-60231ef83cb8?api-version=2020-07-01
  response:
    body:
      string: "{\r\n  \"status\": \"Succeeded\"\r\n}"
    headers:
      cache-control:
      - no-cache
      content-length:
      - '29'
      content-type:
      - application/json; charset=utf-8
      date:
      - Wed, 30 Dec 2020 06:28:01 GMT
      expires:
      - '-1'
      pragma:
      - no-cache
      server:
      - Microsoft-HTTPAPI/2.0
      - Microsoft-HTTPAPI/2.0
      strict-transport-security:
      - max-age=31536000; includeSubDomains
      transfer-encoding:
      - chunked
      vary:
      - Accept-Encoding
      x-content-type-options:
      - nosniff
      x-ms-arm-service-request-id:
      - 35427978-7d42-4531-b4c2-5c1821fe350a
    status:
      code: 200
      message: OK
- request:
    body: null
    headers:
      Accept:
      - '*/*'
      Accept-Encoding:
      - gzip, deflate
      CommandName:
      - network vnet subnet update
      Connection:
      - keep-alive
      ParameterSetName:
      - -g --name --vnet-name --remove
      User-Agent:
      - AZURECLI/2.16.0 azsdk-python-azure-mgmt-network/17.0.0 Python/3.7.4 (Windows-10-10.0.19041-SP0)
    method: GET
    uri: https://management.azure.com/subscriptions/00000000-0000-0000-0000-000000000000/resourceGroups/clitest.rg000002/providers/Microsoft.Network/virtualNetworks/clitestvnet8/subnets/Subnetbclitest-j5fj3?api-version=2020-07-01
  response:
    body:
      string: "{\r\n  \"name\": \"Subnetbclitest-j5fj3\",\r\n  \"id\": \"/subscriptions/00000000-0000-0000-0000-000000000000/resourceGroups/clitest.rg000002/providers/Microsoft.Network/virtualNetworks/clitestvnet8/subnets/Subnetbclitest-j5fj3\",\r\n
        \ \"etag\": \"W/\\\"9c336819-cd7c-4f38-bf57-36c6a194e9ae\\\"\",\r\n  \"properties\":
        {\r\n    \"provisioningState\": \"Succeeded\",\r\n    \"addressPrefix\": \"10.0.0.0/24\",\r\n
        \   \"networkSecurityGroup\": {\r\n      \"id\": \"/subscriptions/00000000-0000-0000-0000-000000000000/resourceGroups/clitest.rg000002/providers/Microsoft.Network/networkSecurityGroups/clitestvnet8-Subnetbclitest-j5fj3-NRMS\"\r\n
        \   },\r\n    \"delegations\": [],\r\n    \"privateEndpointNetworkPolicies\":
        \"Enabled\",\r\n    \"privateLinkServiceNetworkPolicies\": \"Enabled\"\r\n
        \ },\r\n  \"type\": \"Microsoft.Network/virtualNetworks/subnets\"\r\n}"
    headers:
      cache-control:
      - no-cache
      content-length:
      - '905'
      content-type:
      - application/json; charset=utf-8
      date:
      - Wed, 30 Dec 2020 06:28:01 GMT
      etag:
      - W/"9c336819-cd7c-4f38-bf57-36c6a194e9ae"
      expires:
      - '-1'
      pragma:
      - no-cache
      server:
      - Microsoft-HTTPAPI/2.0
      - Microsoft-HTTPAPI/2.0
      strict-transport-security:
      - max-age=31536000; includeSubDomains
      transfer-encoding:
      - chunked
      vary:
      - Accept-Encoding
      x-content-type-options:
      - nosniff
      x-ms-arm-service-request-id:
      - 0533ed96-5728-487d-8f94-e61368a09667
    status:
      code: 200
      message: OK
- request:
    body: null
    headers:
      Accept:
      - application/json
      Accept-Encoding:
      - gzip, deflate
      CommandName:
      - network vnet delete
      Connection:
      - keep-alive
      Content-Length:
      - '0'
      ParameterSetName:
      - -g -n
      User-Agent:
      - AZURECLI/2.16.0 azsdk-python-azure-mgmt-network/17.0.0 Python/3.7.4 (Windows-10-10.0.19041-SP0)
    method: DELETE
    uri: https://management.azure.com/subscriptions/00000000-0000-0000-0000-000000000000/resourceGroups/clitest.rg000001/providers/Microsoft.Network/virtualNetworks/clitestvnet7?api-version=2020-07-01
  response:
    body:
      string: ''
    headers:
      azure-asyncnotification:
      - Enabled
      azure-asyncoperation:
      - https://management.azure.com/subscriptions/00000000-0000-0000-0000-000000000000/providers/Microsoft.Network/locations/westus2/operations/afb5aced-52e5-43cd-aca6-a5dfba54afc8?api-version=2020-07-01
      cache-control:
      - no-cache
      content-length:
      - '0'
      date:
      - Wed, 30 Dec 2020 06:28:02 GMT
      expires:
      - '-1'
      location:
      - https://management.azure.com/subscriptions/00000000-0000-0000-0000-000000000000/providers/Microsoft.Network/locations/westus2/operationResults/afb5aced-52e5-43cd-aca6-a5dfba54afc8?api-version=2020-07-01
      pragma:
      - no-cache
      server:
      - Microsoft-HTTPAPI/2.0
      - Microsoft-HTTPAPI/2.0
      strict-transport-security:
      - max-age=31536000; includeSubDomains
      x-content-type-options:
      - nosniff
      x-ms-arm-service-request-id:
      - 59e01d14-f006-404b-a09d-d9b1474b080d
      x-ms-ratelimit-remaining-subscription-deletes:
      - '14999'
    status:
      code: 202
      message: Accepted
- request:
    body: null
    headers:
      Accept:
      - '*/*'
      Accept-Encoding:
      - gzip, deflate
      CommandName:
      - network vnet delete
      Connection:
      - keep-alive
      ParameterSetName:
      - -g -n
      User-Agent:
      - AZURECLI/2.16.0 azsdk-python-azure-mgmt-network/17.0.0 Python/3.7.4 (Windows-10-10.0.19041-SP0)
    method: GET
    uri: https://management.azure.com/subscriptions/00000000-0000-0000-0000-000000000000/providers/Microsoft.Network/locations/westus2/operations/afb5aced-52e5-43cd-aca6-a5dfba54afc8?api-version=2020-07-01
  response:
    body:
      string: "{\r\n  \"status\": \"Succeeded\"\r\n}"
    headers:
      cache-control:
      - no-cache
      content-length:
      - '29'
      content-type:
      - application/json; charset=utf-8
      date:
      - Wed, 30 Dec 2020 06:28:12 GMT
      expires:
      - '-1'
      pragma:
      - no-cache
      server:
      - Microsoft-HTTPAPI/2.0
      - Microsoft-HTTPAPI/2.0
      strict-transport-security:
      - max-age=31536000; includeSubDomains
      transfer-encoding:
      - chunked
      vary:
      - Accept-Encoding
      x-content-type-options:
      - nosniff
      x-ms-arm-service-request-id:
      - 8bda1d65-d205-4532-8c95-ec402b2e0b5c
    status:
      code: 200
      message: OK
- request:
    body: null
    headers:
      Accept:
      - application/json
      Accept-Encoding:
      - gzip, deflate
      CommandName:
      - network vnet delete
      Connection:
      - keep-alive
      Content-Length:
      - '0'
      ParameterSetName:
      - -g -n
      User-Agent:
      - AZURECLI/2.16.0 azsdk-python-azure-mgmt-network/17.0.0 Python/3.7.4 (Windows-10-10.0.19041-SP0)
    method: DELETE
    uri: https://management.azure.com/subscriptions/00000000-0000-0000-0000-000000000000/resourceGroups/clitest.rg000002/providers/Microsoft.Network/virtualNetworks/clitestvnet8?api-version=2020-07-01
  response:
    body:
      string: ''
    headers:
      azure-asyncnotification:
      - Enabled
      azure-asyncoperation:
      - https://management.azure.com/subscriptions/00000000-0000-0000-0000-000000000000/providers/Microsoft.Network/locations/westus2/operations/3936e25e-0cf2-4d3b-ac53-521d4c15f823?api-version=2020-07-01
      cache-control:
      - no-cache
      content-length:
      - '0'
      date:
      - Wed, 30 Dec 2020 06:28:13 GMT
      expires:
      - '-1'
      location:
      - https://management.azure.com/subscriptions/00000000-0000-0000-0000-000000000000/providers/Microsoft.Network/locations/westus2/operationResults/3936e25e-0cf2-4d3b-ac53-521d4c15f823?api-version=2020-07-01
      pragma:
      - no-cache
      server:
      - Microsoft-HTTPAPI/2.0
      - Microsoft-HTTPAPI/2.0
      strict-transport-security:
      - max-age=31536000; includeSubDomains
      x-content-type-options:
      - nosniff
      x-ms-arm-service-request-id:
      - 1e54d842-36d3-428b-8259-fb8615f3e6f4
      x-ms-ratelimit-remaining-subscription-deletes:
      - '14999'
    status:
      code: 202
      message: Accepted
- request:
    body: null
    headers:
      Accept:
      - '*/*'
      Accept-Encoding:
      - gzip, deflate
      CommandName:
      - network vnet delete
      Connection:
      - keep-alive
      ParameterSetName:
      - -g -n
      User-Agent:
      - AZURECLI/2.16.0 azsdk-python-azure-mgmt-network/17.0.0 Python/3.7.4 (Windows-10-10.0.19041-SP0)
    method: GET
    uri: https://management.azure.com/subscriptions/00000000-0000-0000-0000-000000000000/providers/Microsoft.Network/locations/westus2/operations/3936e25e-0cf2-4d3b-ac53-521d4c15f823?api-version=2020-07-01
  response:
    body:
      string: "{\r\n  \"status\": \"Succeeded\"\r\n}"
    headers:
      cache-control:
      - no-cache
      content-length:
      - '29'
      content-type:
      - application/json; charset=utf-8
      date:
      - Wed, 30 Dec 2020 06:28:23 GMT
      expires:
      - '-1'
      pragma:
      - no-cache
      server:
      - Microsoft-HTTPAPI/2.0
      - Microsoft-HTTPAPI/2.0
      strict-transport-security:
      - max-age=31536000; includeSubDomains
      transfer-encoding:
      - chunked
      vary:
      - Accept-Encoding
      x-content-type-options:
      - nosniff
      x-ms-arm-service-request-id:
      - e75cde86-e800-47a3-97b5-55e4c5469367
    status:
      code: 200
      message: OK
version: 1
