interactions:
- request:
    body: null
    headers:
      Accept:
      - application/json
      Accept-Encoding:
      - gzip, deflate
      CommandName:
      - network vnet subnet show
      Connection:
      - keep-alive
      ParameterSetName:
      - -g -n --vnet-name
      User-Agent:
      - AZURECLI/2.16.0 azsdk-python-azure-mgmt-network/17.0.0 Python/3.7.4 (Windows-10-10.0.19041-SP0)
    method: GET
    uri: https://management.azure.com/subscriptions/00000000-0000-0000-0000-000000000000/resourceGroups/clitest.rg000001/providers/Microsoft.Network/virtualNetworks/clitest.vn000002/subnets/default?api-version=2020-07-01
  response:
    body:
      string: "{\r\n  \"name\": \"default\",\r\n  \"id\": \"/subscriptions/00000000-0000-0000-0000-000000000000/resourceGroups/clitest.rg000001/providers/Microsoft.Network/virtualNetworks/clitest.vn000002/subnets/default\",\r\n
        \ \"etag\": \"W/\\\"9d178bc4-d615-40c5-8ca5-1aa4f15cbbfb\\\"\",\r\n  \"properties\":
        {\r\n    \"provisioningState\": \"Succeeded\",\r\n    \"addressPrefix\": \"10.0.0.0/24\",\r\n
        \   \"delegations\": [],\r\n    \"privateEndpointNetworkPolicies\": \"Enabled\",\r\n
        \   \"privateLinkServiceNetworkPolicies\": \"Enabled\"\r\n  },\r\n  \"type\":
        \"Microsoft.Network/virtualNetworks/subnets\"\r\n}"
    headers:
      cache-control:
      - no-cache
      content-length:
      - '605'
      content-type:
      - application/json; charset=utf-8
      date:
      - Wed, 30 Dec 2020 06:50:30 GMT
      etag:
      - W/"9d178bc4-d615-40c5-8ca5-1aa4f15cbbfb"
      expires:
      - '-1'
      pragma:
      - no-cache
      server:
      - Microsoft-HTTPAPI/2.0
      - Microsoft-HTTPAPI/2.0
      strict-transport-security:
      - max-age=31536000; includeSubDomains
      transfer-encoding:
      - chunked
      vary:
      - Accept-Encoding
      x-content-type-options:
      - nosniff
      x-ms-arm-service-request-id:
      - 9b769660-f4a8-4885-90a0-29bfaa437d34
    status:
      code: 200
      message: OK
- request:
    body: null
    headers:
      Accept:
      - application/json
      Accept-Encoding:
      - gzip, deflate
      CommandName:
      - mysql flexible-server create
      Connection:
      - keep-alive
      ParameterSetName:
      - -g -n --vnet -l --subnet
      User-Agent:
      - python/3.7.4 (Windows-10-10.0.19041-SP0) msrest/0.6.18 msrest_azure/0.6.3
        azure-mgmt-rdbms/2020-07-01-privatepreview Azure-SDK-For-Python AZURECLI/2.16.0
      accept-language:
      - en-US
    method: GET
    uri: https://management.azure.com/subscriptions/00000000-0000-0000-0000-000000000000/providers/Microsoft.DBForMySql/locations/westus2/capabilities?api-version=2020-07-01-privatepreview
  response:
    body:
      string: '{"value":[{"zone":"none","supportedFlexibleServerEditions":[{"name":"Burstable","supportedStorageEditions":[{"name":"PremiumFileShare","minStorageSize":{"name":"5120","storageSizeMB":5120},"maxStorageSize":{"name":"16777216","storageSizeMB":16777216},"minBackupRetentionDays":7,"maxBackupRetentionDays":35,"supportedStorageMB":[],"status":"Default"}],"supportedServerVersions":[{"name":"5.7","supportedVcores":[{"name":"Standard_B1s","vCores":1,"supportedIOPS":320,"supportedMemoryPerVcoreMB":1024,"status":"Available"},{"name":"Standard_B1ms","vCores":1,"supportedIOPS":640,"supportedMemoryPerVcoreMB":2048,"status":"Available"},{"name":"Standard_B2s","vCores":2,"supportedIOPS":1280,"supportedMemoryPerVcoreMB":2048,"status":"Available"}],"status":"Default"}],"status":"Available"},{"name":"GeneralPurpose","supportedStorageEditions":[{"name":"PremiumFileShare","minStorageSize":{"name":"5120","storageSizeMB":5120},"maxStorageSize":{"name":"16777216","storageSizeMB":16777216},"minBackupRetentionDays":7,"maxBackupRetentionDays":35,"supportedStorageMB":[],"status":"Default"}],"supportedServerVersions":[{"name":"5.7","supportedVcores":[{"name":"Standard_D2ds_v4","vCores":2,"supportedIOPS":3200,"supportedMemoryPerVcoreMB":4096,"status":"Available"},{"name":"Standard_D4ds_v4","vCores":4,"supportedIOPS":6400,"supportedMemoryPerVcoreMB":4096,"status":"Available"},{"name":"Standard_D8ds_v4","vCores":8,"supportedIOPS":12800,"supportedMemoryPerVcoreMB":4096,"status":"Available"},{"name":"Standard_D16ds_v4","vCores":16,"supportedIOPS":20000,"supportedMemoryPerVcoreMB":4096,"status":"Available"},{"name":"Standard_D32ds_v4","vCores":32,"supportedIOPS":20000,"supportedMemoryPerVcoreMB":4096,"status":"Available"},{"name":"Standard_D48ds_v4","vCores":48,"supportedIOPS":20000,"supportedMemoryPerVcoreMB":4096,"status":"Available"},{"name":"Standard_D64ds_v4","vCores":64,"supportedIOPS":20000,"supportedMemoryPerVcoreMB":4096,"status":"Available"}],"status":"Default"}],"status":"Default"},{"name":"MemoryOptimized","supportedStorageEditions":[{"name":"PremiumFileShare","minStorageSize":{"name":"5120","storageSizeMB":5120},"maxStorageSize":{"name":"16777216","storageSizeMB":16777216},"minBackupRetentionDays":7,"maxBackupRetentionDays":35,"supportedStorageMB":[],"status":"Default"}],"supportedServerVersions":[{"name":"5.7","supportedVcores":[{"name":"Standard_E2ds_v4","vCores":2,"supportedIOPS":3200,"supportedMemoryPerVcoreMB":8192,"status":"Available"},{"name":"Standard_E4ds_v4","vCores":4,"supportedIOPS":6400,"supportedMemoryPerVcoreMB":8192,"status":"Available"},{"name":"Standard_E8ds_v4","vCores":8,"supportedIOPS":12800,"supportedMemoryPerVcoreMB":8192,"status":"Available"},{"name":"Standard_E16ds_v4","vCores":16,"supportedIOPS":20000,"supportedMemoryPerVcoreMB":8192,"status":"Available"},{"name":"Standard_E32ds_v4","vCores":32,"supportedIOPS":20000,"supportedMemoryPerVcoreMB":8192,"status":"Available"},{"name":"Standard_E48ds_v4","vCores":48,"supportedIOPS":20000,"supportedMemoryPerVcoreMB":8192,"status":"Available"},{"name":"Standard_E64ds_v4","vCores":64,"supportedIOPS":20000,"supportedMemoryPerVcoreMB":8192,"status":"Available"}],"status":"Default"}],"status":"Available"}],"status":"Default"},{"zone":"1","supportedFlexibleServerEditions":[{"name":"Burstable","supportedStorageEditions":[{"name":"PremiumFileShare","minStorageSize":{"name":"5120","storageSizeMB":5120},"maxStorageSize":{"name":"16777216","storageSizeMB":16777216},"minBackupRetentionDays":7,"maxBackupRetentionDays":35,"supportedStorageMB":[],"status":"Default"}],"supportedServerVersions":[{"name":"5.7","supportedVcores":[{"name":"Standard_B1s","vCores":1,"supportedIOPS":320,"supportedMemoryPerVcoreMB":1024,"status":"Available"},{"name":"Standard_B1ms","vCores":1,"supportedIOPS":640,"supportedMemoryPerVcoreMB":2048,"status":"Available"},{"name":"Standard_B2s","vCores":2,"supportedIOPS":1280,"supportedMemoryPerVcoreMB":2048,"status":"Available"}],"status":"Default"}],"status":"Available"},{"name":"GeneralPurpose","supportedStorageEditions":[{"name":"PremiumFileShare","minStorageSize":{"name":"5120","storageSizeMB":5120},"maxStorageSize":{"name":"16777216","storageSizeMB":16777216},"minBackupRetentionDays":7,"maxBackupRetentionDays":35,"supportedStorageMB":[],"status":"Default"}],"supportedServerVersions":[{"name":"5.7","supportedVcores":[{"name":"Standard_D2ds_v4","vCores":2,"supportedIOPS":3200,"supportedMemoryPerVcoreMB":4096,"status":"Available"},{"name":"Standard_D4ds_v4","vCores":4,"supportedIOPS":6400,"supportedMemoryPerVcoreMB":4096,"status":"Available"},{"name":"Standard_D8ds_v4","vCores":8,"supportedIOPS":12800,"supportedMemoryPerVcoreMB":4096,"status":"Available"},{"name":"Standard_D16ds_v4","vCores":16,"supportedIOPS":20000,"supportedMemoryPerVcoreMB":4096,"status":"Available"},{"name":"Standard_D32ds_v4","vCores":32,"supportedIOPS":20000,"supportedMemoryPerVcoreMB":4096,"status":"Available"},{"name":"Standard_D48ds_v4","vCores":48,"supportedIOPS":20000,"supportedMemoryPerVcoreMB":4096,"status":"Available"},{"name":"Standard_D64ds_v4","vCores":64,"supportedIOPS":20000,"supportedMemoryPerVcoreMB":4096,"status":"Available"}],"status":"Default"}],"status":"Default"},{"name":"MemoryOptimized","supportedStorageEditions":[{"name":"PremiumFileShare","minStorageSize":{"name":"5120","storageSizeMB":5120},"maxStorageSize":{"name":"16777216","storageSizeMB":16777216},"minBackupRetentionDays":7,"maxBackupRetentionDays":35,"supportedStorageMB":[],"status":"Default"}],"supportedServerVersions":[{"name":"5.7","supportedVcores":[{"name":"Standard_E2ds_v4","vCores":2,"supportedIOPS":3200,"supportedMemoryPerVcoreMB":8192,"status":"Available"},{"name":"Standard_E4ds_v4","vCores":4,"supportedIOPS":6400,"supportedMemoryPerVcoreMB":8192,"status":"Available"},{"name":"Standard_E8ds_v4","vCores":8,"supportedIOPS":12800,"supportedMemoryPerVcoreMB":8192,"status":"Available"},{"name":"Standard_E16ds_v4","vCores":16,"supportedIOPS":20000,"supportedMemoryPerVcoreMB":8192,"status":"Available"},{"name":"Standard_E32ds_v4","vCores":32,"supportedIOPS":20000,"supportedMemoryPerVcoreMB":8192,"status":"Available"},{"name":"Standard_E48ds_v4","vCores":48,"supportedIOPS":20000,"supportedMemoryPerVcoreMB":8192,"status":"Available"},{"name":"Standard_E64ds_v4","vCores":64,"supportedIOPS":20000,"supportedMemoryPerVcoreMB":8192,"status":"Available"}],"status":"Default"}],"status":"Available"}],"status":"Available"},{"zone":"2","supportedFlexibleServerEditions":[{"name":"Burstable","supportedStorageEditions":[{"name":"PremiumFileShare","minStorageSize":{"name":"5120","storageSizeMB":5120},"maxStorageSize":{"name":"16777216","storageSizeMB":16777216},"minBackupRetentionDays":7,"maxBackupRetentionDays":35,"supportedStorageMB":[],"status":"Default"}],"supportedServerVersions":[{"name":"5.7","supportedVcores":[{"name":"Standard_B1s","vCores":1,"supportedIOPS":320,"supportedMemoryPerVcoreMB":1024,"status":"Available"},{"name":"Standard_B1ms","vCores":1,"supportedIOPS":640,"supportedMemoryPerVcoreMB":2048,"status":"Available"},{"name":"Standard_B2s","vCores":2,"supportedIOPS":1280,"supportedMemoryPerVcoreMB":2048,"status":"Available"}],"status":"Default"}],"status":"Available"},{"name":"GeneralPurpose","supportedStorageEditions":[{"name":"PremiumFileShare","minStorageSize":{"name":"5120","storageSizeMB":5120},"maxStorageSize":{"name":"16777216","storageSizeMB":16777216},"minBackupRetentionDays":7,"maxBackupRetentionDays":35,"supportedStorageMB":[],"status":"Default"}],"supportedServerVersions":[{"name":"5.7","supportedVcores":[{"name":"Standard_D2ds_v4","vCores":2,"supportedIOPS":3200,"supportedMemoryPerVcoreMB":4096,"status":"Available"},{"name":"Standard_D4ds_v4","vCores":4,"supportedIOPS":6400,"supportedMemoryPerVcoreMB":4096,"status":"Available"},{"name":"Standard_D8ds_v4","vCores":8,"supportedIOPS":12800,"supportedMemoryPerVcoreMB":4096,"status":"Available"},{"name":"Standard_D16ds_v4","vCores":16,"supportedIOPS":20000,"supportedMemoryPerVcoreMB":4096,"status":"Available"},{"name":"Standard_D32ds_v4","vCores":32,"supportedIOPS":20000,"supportedMemoryPerVcoreMB":4096,"status":"Available"},{"name":"Standard_D48ds_v4","vCores":48,"supportedIOPS":20000,"supportedMemoryPerVcoreMB":4096,"status":"Available"},{"name":"Standard_D64ds_v4","vCores":64,"supportedIOPS":20000,"supportedMemoryPerVcoreMB":4096,"status":"Available"}],"status":"Default"}],"status":"Default"},{"name":"MemoryOptimized","supportedStorageEditions":[{"name":"PremiumFileShare","minStorageSize":{"name":"5120","storageSizeMB":5120},"maxStorageSize":{"name":"16777216","storageSizeMB":16777216},"minBackupRetentionDays":7,"maxBackupRetentionDays":35,"supportedStorageMB":[],"status":"Default"}],"supportedServerVersions":[{"name":"5.7","supportedVcores":[{"name":"Standard_E2ds_v4","vCores":2,"supportedIOPS":3200,"supportedMemoryPerVcoreMB":8192,"status":"Available"},{"name":"Standard_E4ds_v4","vCores":4,"supportedIOPS":6400,"supportedMemoryPerVcoreMB":8192,"status":"Available"},{"name":"Standard_E8ds_v4","vCores":8,"supportedIOPS":12800,"supportedMemoryPerVcoreMB":8192,"status":"Available"},{"name":"Standard_E16ds_v4","vCores":16,"supportedIOPS":20000,"supportedMemoryPerVcoreMB":8192,"status":"Available"},{"name":"Standard_E32ds_v4","vCores":32,"supportedIOPS":20000,"supportedMemoryPerVcoreMB":8192,"status":"Available"},{"name":"Standard_E48ds_v4","vCores":48,"supportedIOPS":20000,"supportedMemoryPerVcoreMB":8192,"status":"Available"},{"name":"Standard_E64ds_v4","vCores":64,"supportedIOPS":20000,"supportedMemoryPerVcoreMB":8192,"status":"Available"}],"status":"Default"}],"status":"Available"}],"status":"Available"},{"zone":"3","supportedFlexibleServerEditions":[{"name":"Burstable","supportedStorageEditions":[{"name":"PremiumFileShare","minStorageSize":{"name":"5120","storageSizeMB":5120},"maxStorageSize":{"name":"16777216","storageSizeMB":16777216},"minBackupRetentionDays":7,"maxBackupRetentionDays":35,"supportedStorageMB":[],"status":"Default"}],"supportedServerVersions":[{"name":"5.7","supportedVcores":[{"name":"Standard_B1s","vCores":1,"supportedIOPS":320,"supportedMemoryPerVcoreMB":1024,"status":"Available"},{"name":"Standard_B1ms","vCores":1,"supportedIOPS":640,"supportedMemoryPerVcoreMB":2048,"status":"Available"},{"name":"Standard_B2s","vCores":2,"supportedIOPS":1280,"supportedMemoryPerVcoreMB":2048,"status":"Available"}],"status":"Default"}],"status":"Available"},{"name":"GeneralPurpose","supportedStorageEditions":[{"name":"PremiumFileShare","minStorageSize":{"name":"5120","storageSizeMB":5120},"maxStorageSize":{"name":"16777216","storageSizeMB":16777216},"minBackupRetentionDays":7,"maxBackupRetentionDays":35,"supportedStorageMB":[],"status":"Default"}],"supportedServerVersions":[{"name":"5.7","supportedVcores":[{"name":"Standard_D2ds_v4","vCores":2,"supportedIOPS":3200,"supportedMemoryPerVcoreMB":4096,"status":"Available"},{"name":"Standard_D4ds_v4","vCores":4,"supportedIOPS":6400,"supportedMemoryPerVcoreMB":4096,"status":"Available"},{"name":"Standard_D8ds_v4","vCores":8,"supportedIOPS":12800,"supportedMemoryPerVcoreMB":4096,"status":"Available"},{"name":"Standard_D16ds_v4","vCores":16,"supportedIOPS":20000,"supportedMemoryPerVcoreMB":4096,"status":"Available"},{"name":"Standard_D32ds_v4","vCores":32,"supportedIOPS":20000,"supportedMemoryPerVcoreMB":4096,"status":"Available"},{"name":"Standard_D48ds_v4","vCores":48,"supportedIOPS":20000,"supportedMemoryPerVcoreMB":4096,"status":"Available"},{"name":"Standard_D64ds_v4","vCores":64,"supportedIOPS":20000,"supportedMemoryPerVcoreMB":4096,"status":"Available"}],"status":"Default"}],"status":"Default"},{"name":"MemoryOptimized","supportedStorageEditions":[{"name":"PremiumFileShare","minStorageSize":{"name":"5120","storageSizeMB":5120},"maxStorageSize":{"name":"16777216","storageSizeMB":16777216},"minBackupRetentionDays":7,"maxBackupRetentionDays":35,"supportedStorageMB":[],"status":"Default"}],"supportedServerVersions":[{"name":"5.7","supportedVcores":[{"name":"Standard_E2ds_v4","vCores":2,"supportedIOPS":3200,"supportedMemoryPerVcoreMB":8192,"status":"Available"},{"name":"Standard_E4ds_v4","vCores":4,"supportedIOPS":6400,"supportedMemoryPerVcoreMB":8192,"status":"Available"},{"name":"Standard_E8ds_v4","vCores":8,"supportedIOPS":12800,"supportedMemoryPerVcoreMB":8192,"status":"Available"},{"name":"Standard_E16ds_v4","vCores":16,"supportedIOPS":20000,"supportedMemoryPerVcoreMB":8192,"status":"Available"},{"name":"Standard_E32ds_v4","vCores":32,"supportedIOPS":20000,"supportedMemoryPerVcoreMB":8192,"status":"Available"},{"name":"Standard_E48ds_v4","vCores":48,"supportedIOPS":20000,"supportedMemoryPerVcoreMB":8192,"status":"Available"},{"name":"Standard_E64ds_v4","vCores":64,"supportedIOPS":20000,"supportedMemoryPerVcoreMB":8192,"status":"Available"}],"status":"Default"}],"status":"Available"}],"status":"Available"}]}'
    headers:
      cache-control:
      - no-cache
      content-length:
      - '12872'
      content-type:
      - application/json; charset=utf-8
      date:
      - Wed, 30 Dec 2020 06:50:31 GMT
      expires:
      - '-1'
      pragma:
      - no-cache
      server:
      - Microsoft-HTTPAPI/2.0
      strict-transport-security:
      - max-age=31536000; includeSubDomains
      transfer-encoding:
      - chunked
      vary:
      - Accept-Encoding
      x-content-type-options:
      - nosniff
    status:
      code: 200
      message: OK
- request:
    body: '{"name": "azuredbclitest-000003", "type": "Microsoft.DBforMySQL/flexibleServers"}'
    headers:
      Accept:
      - application/json
      Accept-Encoding:
      - gzip, deflate
      CommandName:
      - mysql flexible-server create
      Connection:
      - keep-alive
      Content-Length:
      - '80'
      Content-Type:
      - application/json; charset=utf-8
      ParameterSetName:
      - -g -n --vnet -l --subnet
      User-Agent:
      - python/3.7.4 (Windows-10-10.0.19041-SP0) msrest/0.6.18 msrest_azure/0.6.3
        azure-mgmt-rdbms/2020-07-01-privatepreview Azure-SDK-For-Python AZURECLI/2.16.0
      accept-language:
      - en-US
    method: POST
    uri: https://management.azure.com/subscriptions/00000000-0000-0000-0000-000000000000/providers/Microsoft.DBForMySql/checkNameAvailability?api-version=2020-07-01-privatepreview
  response:
    body:
      string: '{"error":{"code":"InternalServerError","message":"An unexpected error
        occured while processing the request. Tracking ID: ''1add0bf3-0874-4968-8eb9-4e09a444680b''"}}'
    headers:
      cache-control:
      - no-cache
      connection:
      - close
      content-length:
      - '162'
      content-type:
      - application/json; charset=utf-8
      date:
      - Wed, 30 Dec 2020 06:51:01 GMT
      expires:
      - '-1'
      pragma:
      - no-cache
      server:
      - Microsoft-HTTPAPI/2.0
      strict-transport-security:
      - max-age=31536000; includeSubDomains
      x-content-type-options:
      - nosniff
      x-ms-failure-cause:
      - service
      x-ms-ratelimit-remaining-subscription-writes:
      - '1199'
    status:
      code: 500
      message: Internal Server Error
- request:
    body: '{"name": "azuredbclitest-000003", "type": "Microsoft.DBforMySQL/flexibleServers"}'
    headers:
      Accept:
      - application/json
      Accept-Encoding:
      - gzip, deflate
      CommandName:
      - mysql flexible-server create
      Connection:
      - keep-alive
      Content-Length:
      - '80'
      Content-Type:
      - application/json; charset=utf-8
      ParameterSetName:
      - -g -n --vnet -l --subnet
      User-Agent:
      - python/3.7.4 (Windows-10-10.0.19041-SP0) msrest/0.6.18 msrest_azure/0.6.3
        azure-mgmt-rdbms/2020-07-01-privatepreview Azure-SDK-For-Python AZURECLI/2.16.0
      accept-language:
      - en-US
    method: POST
    uri: https://management.azure.com/subscriptions/00000000-0000-0000-0000-000000000000/providers/Microsoft.DBForMySql/checkNameAvailability?api-version=2020-07-01-privatepreview
  response:
    body:
      string: '{"nameAvailable":true,"message":""}'
    headers:
      cache-control:
      - no-cache
      content-length:
      - '35'
      content-type:
      - application/json; charset=utf-8
      date:
      - Wed, 30 Dec 2020 06:51:03 GMT
      expires:
      - '-1'
      pragma:
      - no-cache
      server:
      - Microsoft-HTTPAPI/2.0
      strict-transport-security:
      - max-age=31536000; includeSubDomains
      transfer-encoding:
      - chunked
      vary:
      - Accept-Encoding
      x-content-type-options:
      - nosniff
      x-ms-ratelimit-remaining-subscription-writes:
      - '1199'
    status:
      code: 200
      message: OK
- request:
    body: null
    headers:
      Accept:
      - application/json
      Accept-Encoding:
      - gzip, deflate
      CommandName:
      - mysql flexible-server create
      Connection:
      - keep-alive
      ParameterSetName:
      - -g -n --vnet -l --subnet
      User-Agent:
      - python/3.7.4 (Windows-10-10.0.19041-SP0) msrest/0.6.18 msrest_azure/0.6.3
        azure-mgmt-resource/10.3.0 Azure-SDK-For-Python AZURECLI/2.16.0
      accept-language:
      - en-US
    method: HEAD
    uri: https://management.azure.com/subscriptions/00000000-0000-0000-0000-000000000000/resourcegroups/clitest.rg000001?api-version=2020-06-01
  response:
    body:
      string: ''
    headers:
      cache-control:
      - no-cache
      content-length:
      - '0'
      date:
      - Wed, 30 Dec 2020 06:51:03 GMT
      expires:
      - '-1'
      pragma:
      - no-cache
      strict-transport-security:
      - max-age=31536000; includeSubDomains
      x-content-type-options:
      - nosniff
    status:
      code: 204
      message: No Content
- request:
    body: null
    headers:
      Accept:
      - application/json
      Accept-Encoding:
      - gzip, deflate
      CommandName:
      - mysql flexible-server create
      Connection:
      - keep-alive
      ParameterSetName:
      - -g -n --vnet -l --subnet
      User-Agent:
      - AZURECLI/2.16.0 azsdk-python-azure-mgmt-network/17.0.0 Python/3.7.4 (Windows-10-10.0.19041-SP0)
    method: GET
    uri: https://management.azure.com/subscriptions/00000000-0000-0000-0000-000000000000/resourceGroups/clitest.rg000001/providers/Microsoft.Network/virtualNetworks/clitest.vn000002/subnets/default?api-version=2020-07-01
  response:
    body:
      string: "{\r\n  \"name\": \"default\",\r\n  \"id\": \"/subscriptions/00000000-0000-0000-0000-000000000000/resourceGroups/clitest.rg000001/providers/Microsoft.Network/virtualNetworks/clitest.vn000002/subnets/default\",\r\n
        \ \"etag\": \"W/\\\"9d178bc4-d615-40c5-8ca5-1aa4f15cbbfb\\\"\",\r\n  \"properties\":
        {\r\n    \"provisioningState\": \"Succeeded\",\r\n    \"addressPrefix\": \"10.0.0.0/24\",\r\n
        \   \"delegations\": [],\r\n    \"privateEndpointNetworkPolicies\": \"Enabled\",\r\n
        \   \"privateLinkServiceNetworkPolicies\": \"Enabled\"\r\n  },\r\n  \"type\":
        \"Microsoft.Network/virtualNetworks/subnets\"\r\n}"
    headers:
      cache-control:
      - no-cache
      content-length:
      - '605'
      content-type:
      - application/json; charset=utf-8
      date:
      - Wed, 30 Dec 2020 06:51:03 GMT
      etag:
      - W/"9d178bc4-d615-40c5-8ca5-1aa4f15cbbfb"
      expires:
      - '-1'
      pragma:
      - no-cache
      server:
      - Microsoft-HTTPAPI/2.0
      - Microsoft-HTTPAPI/2.0
      strict-transport-security:
      - max-age=31536000; includeSubDomains
      transfer-encoding:
      - chunked
      vary:
      - Accept-Encoding
      x-content-type-options:
      - nosniff
      x-ms-arm-service-request-id:
      - 05617087-64e9-4165-9bb9-a2e769670ee9
    status:
      code: 200
      message: OK
- request:
    body: '{"id": "/subscriptions/00000000-0000-0000-0000-000000000000/resourceGroups/clitest.rg000001/providers/Microsoft.Network/virtualNetworks/clitest.vn000002/subnets/default",
      "name": "default", "properties": {"addressPrefix": "10.0.0.0/24", "delegations":
      [{"name": "Microsoft.DBforMySQL/flexibleServers", "properties": {"serviceName":
      "Microsoft.DBforMySQL/flexibleServers"}}], "privateEndpointNetworkPolicies":
      "Enabled", "privateLinkServiceNetworkPolicies": "Enabled"}}'
    headers:
      Accept:
      - application/json
      Accept-Encoding:
      - gzip, deflate
      CommandName:
      - mysql flexible-server create
      Connection:
      - keep-alive
      Content-Length:
      - '535'
      Content-Type:
      - application/json
      ParameterSetName:
      - -g -n --vnet -l --subnet
      User-Agent:
      - AZURECLI/2.16.0 azsdk-python-azure-mgmt-network/17.0.0 Python/3.7.4 (Windows-10-10.0.19041-SP0)
    method: PUT
    uri: https://management.azure.com/subscriptions/00000000-0000-0000-0000-000000000000/resourceGroups/clitest.rg000001/providers/Microsoft.Network/virtualNetworks/clitest.vn000002/subnets/default?api-version=2020-07-01
  response:
    body:
      string: "{\r\n  \"name\": \"default\",\r\n  \"id\": \"/subscriptions/00000000-0000-0000-0000-000000000000/resourceGroups/clitest.rg000001/providers/Microsoft.Network/virtualNetworks/clitest.vn000002/subnets/default\",\r\n
        \ \"etag\": \"W/\\\"69d3fa36-ddc1-43f7-9f06-f15873d570bc\\\"\",\r\n  \"properties\":
        {\r\n    \"provisioningState\": \"Updating\",\r\n    \"addressPrefix\": \"10.0.0.0/24\",\r\n
        \   \"delegations\": [\r\n      {\r\n        \"name\": \"Microsoft.DBforMySQL/flexibleServers\",\r\n
        \       \"id\": \"/subscriptions/00000000-0000-0000-0000-000000000000/resourceGroups/clitest.rg000001/providers/Microsoft.Network/virtualNetworks/clitest.vn000002/subnets/default/delegations/Microsoft.DBforMySQL/flexibleServers\",\r\n
        \       \"etag\": \"W/\\\"69d3fa36-ddc1-43f7-9f06-f15873d570bc\\\"\",\r\n
        \       \"properties\": {\r\n          \"provisioningState\": \"Succeeded\",\r\n
        \         \"serviceName\": \"Microsoft.DBforMySQL/flexibleServers\",\r\n          \"actions\":
        [\r\n            \"Microsoft.Network/virtualNetworks/subnets/join/action\"\r\n
        \         ]\r\n        },\r\n        \"type\": \"Microsoft.Network/virtualNetworks/subnets/delegations\"\r\n
        \     }\r\n    ],\r\n    \"privateEndpointNetworkPolicies\": \"Enabled\",\r\n
        \   \"privateLinkServiceNetworkPolicies\": \"Enabled\"\r\n  },\r\n  \"type\":
        \"Microsoft.Network/virtualNetworks/subnets\"\r\n}"
    headers:
      azure-asyncoperation:
      - https://management.azure.com/subscriptions/00000000-0000-0000-0000-000000000000/providers/Microsoft.Network/locations/westus2/operations/3ca2ed5c-1ca4-416d-bc79-efb8ff00106e?api-version=2020-07-01
      cache-control:
      - no-cache
      content-length:
      - '1370'
      content-type:
      - application/json; charset=utf-8
      date:
      - Wed, 30 Dec 2020 06:51:03 GMT
      expires:
      - '-1'
      pragma:
      - no-cache
      server:
      - Microsoft-HTTPAPI/2.0
      - Microsoft-HTTPAPI/2.0
      strict-transport-security:
      - max-age=31536000; includeSubDomains
      transfer-encoding:
      - chunked
      vary:
      - Accept-Encoding
      x-content-type-options:
      - nosniff
      x-ms-arm-service-request-id:
      - 8c513cc0-0d5b-48f6-aa59-d3e0c6e795b8
      x-ms-ratelimit-remaining-subscription-writes:
      - '1198'
    status:
      code: 200
      message: OK
- request:
    body: null
    headers:
      Accept:
      - '*/*'
      Accept-Encoding:
      - gzip, deflate
      CommandName:
      - mysql flexible-server create
      Connection:
      - keep-alive
      ParameterSetName:
      - -g -n --vnet -l --subnet
      User-Agent:
      - AZURECLI/2.16.0 azsdk-python-azure-mgmt-network/17.0.0 Python/3.7.4 (Windows-10-10.0.19041-SP0)
    method: GET
    uri: https://management.azure.com/subscriptions/00000000-0000-0000-0000-000000000000/providers/Microsoft.Network/locations/westus2/operations/3ca2ed5c-1ca4-416d-bc79-efb8ff00106e?api-version=2020-07-01
  response:
    body:
      string: "{\r\n  \"status\": \"Succeeded\"\r\n}"
    headers:
      cache-control:
      - no-cache
      content-length:
      - '29'
      content-type:
      - application/json; charset=utf-8
      date:
      - Wed, 30 Dec 2020 06:51:07 GMT
      expires:
      - '-1'
      pragma:
      - no-cache
      server:
      - Microsoft-HTTPAPI/2.0
      - Microsoft-HTTPAPI/2.0
      strict-transport-security:
      - max-age=31536000; includeSubDomains
      transfer-encoding:
      - chunked
      vary:
      - Accept-Encoding
      x-content-type-options:
      - nosniff
      x-ms-arm-service-request-id:
      - 2d61fac2-28de-4c4c-aa23-ae8081c78e84
    status:
      code: 200
      message: OK
- request:
    body: null
    headers:
      Accept:
      - '*/*'
      Accept-Encoding:
      - gzip, deflate
      CommandName:
      - mysql flexible-server create
      Connection:
      - keep-alive
      ParameterSetName:
      - -g -n --vnet -l --subnet
      User-Agent:
      - AZURECLI/2.16.0 azsdk-python-azure-mgmt-network/17.0.0 Python/3.7.4 (Windows-10-10.0.19041-SP0)
    method: GET
    uri: https://management.azure.com/subscriptions/00000000-0000-0000-0000-000000000000/resourceGroups/clitest.rg000001/providers/Microsoft.Network/virtualNetworks/clitest.vn000002/subnets/default?api-version=2020-07-01
  response:
    body:
      string: "{\r\n  \"name\": \"default\",\r\n  \"id\": \"/subscriptions/00000000-0000-0000-0000-000000000000/resourceGroups/clitest.rg000001/providers/Microsoft.Network/virtualNetworks/clitest.vn000002/subnets/default\",\r\n
        \ \"etag\": \"W/\\\"e9a89bb8-eda5-41b9-8e07-8b0cb3ab01ea\\\"\",\r\n  \"properties\":
        {\r\n    \"provisioningState\": \"Succeeded\",\r\n    \"addressPrefix\": \"10.0.0.0/24\",\r\n
        \   \"delegations\": [\r\n      {\r\n        \"name\": \"Microsoft.DBforMySQL/flexibleServers\",\r\n
        \       \"id\": \"/subscriptions/00000000-0000-0000-0000-000000000000/resourceGroups/clitest.rg000001/providers/Microsoft.Network/virtualNetworks/clitest.vn000002/subnets/default/delegations/Microsoft.DBforMySQL/flexibleServers\",\r\n
        \       \"etag\": \"W/\\\"e9a89bb8-eda5-41b9-8e07-8b0cb3ab01ea\\\"\",\r\n
        \       \"properties\": {\r\n          \"provisioningState\": \"Succeeded\",\r\n
        \         \"serviceName\": \"Microsoft.DBforMySQL/flexibleServers\",\r\n          \"actions\":
        [\r\n            \"Microsoft.Network/virtualNetworks/subnets/join/action\"\r\n
        \         ]\r\n        },\r\n        \"type\": \"Microsoft.Network/virtualNetworks/subnets/delegations\"\r\n
        \     }\r\n    ],\r\n    \"privateEndpointNetworkPolicies\": \"Enabled\",\r\n
        \   \"privateLinkServiceNetworkPolicies\": \"Enabled\"\r\n  },\r\n  \"type\":
        \"Microsoft.Network/virtualNetworks/subnets\"\r\n}"
    headers:
      cache-control:
      - no-cache
      content-length:
      - '1371'
      content-type:
      - application/json; charset=utf-8
      date:
      - Wed, 30 Dec 2020 06:51:07 GMT
      etag:
      - W/"e9a89bb8-eda5-41b9-8e07-8b0cb3ab01ea"
      expires:
      - '-1'
      pragma:
      - no-cache
      server:
      - Microsoft-HTTPAPI/2.0
      - Microsoft-HTTPAPI/2.0
      strict-transport-security:
      - max-age=31536000; includeSubDomains
      transfer-encoding:
      - chunked
      vary:
      - Accept-Encoding
      x-content-type-options:
      - nosniff
      x-ms-arm-service-request-id:
      - 3f323575-d43e-4455-b04d-8bde1cdd549c
    status:
      code: 200
      message: OK
- request:
    body: '{"location": "westus2", "sku": {"name": "Standard_B1ms", "tier": "Burstable"},
      "properties": {"administratorLogin": "lastApple3", "administratorLoginPassword":
      "BYplYWUUEs02KsegOdo01w", "version": "5.7", "haEnabled": "Disabled", "storageProfile":
      {"backupRetentionDays": 7, "storageMB": 10240}, "delegatedSubnetArguments":
      {"subnetArmResourceId": "/subscriptions/00000000-0000-0000-0000-000000000000/resourceGroups/clitest.rg000001/providers/Microsoft.Network/virtualNetworks/clitest.vn000002/subnets/default"},
      "createMode": "Default"}}'
    headers:
      Accept:
      - application/json
      Accept-Encoding:
      - gzip, deflate
      CommandName:
      - mysql flexible-server create
      Connection:
      - keep-alive
      Content-Length:
      - '604'
      Content-Type:
      - application/json; charset=utf-8
      ParameterSetName:
      - -g -n --vnet -l --subnet
      User-Agent:
      - python/3.7.4 (Windows-10-10.0.19041-SP0) msrest/0.6.18 msrest_azure/0.6.3
        azure-mgmt-rdbms/2020-07-01-privatepreview Azure-SDK-For-Python AZURECLI/2.16.0
      accept-language:
      - en-US
    method: PUT
    uri: https://management.azure.com/subscriptions/00000000-0000-0000-0000-000000000000/resourceGroups/clitest.rg000001/providers/Microsoft.DBForMySql/flexibleServers/azuredbclitest-000003?api-version=2020-07-01-privatepreview
  response:
    body:
      string: '{"operation":"UpsertServerManagementOperationV2","startTime":"2020-12-30T06:51:09.92Z"}'
    headers:
      azure-asyncoperation:
      - https://management.azure.com/subscriptions/00000000-0000-0000-0000-000000000000/providers/Microsoft.DBforMySQL/locations/westus2/azureAsyncOperation/c324a7f8-7f8f-49b2-b818-c130e1779d5e?api-version=2020-07-01-privatepreview
      cache-control:
      - no-cache
      content-length:
      - '87'
      content-type:
      - application/json; charset=utf-8
      date:
      - Wed, 30 Dec 2020 06:51:09 GMT
      expires:
      - '-1'
      location:
      - https://management.azure.com/subscriptions/00000000-0000-0000-0000-000000000000/providers/Microsoft.DBforMySQL/locations/westus2/operationResults/c324a7f8-7f8f-49b2-b818-c130e1779d5e?api-version=2020-07-01-privatepreview
      pragma:
      - no-cache
      server:
      - Microsoft-HTTPAPI/2.0
      strict-transport-security:
      - max-age=31536000; includeSubDomains
      x-content-type-options:
      - nosniff
      x-ms-ratelimit-remaining-subscription-writes:
      - '1198'
    status:
      code: 202
      message: Accepted
- request:
    body: null
    headers:
      Accept:
      - application/json
      Accept-Encoding:
      - gzip, deflate
      CommandName:
      - mysql flexible-server create
      Connection:
      - keep-alive
      ParameterSetName:
      - -g -n --vnet -l --subnet
      User-Agent:
      - python/3.7.4 (Windows-10-10.0.19041-SP0) msrest/0.6.18 msrest_azure/0.6.3
        azure-mgmt-rdbms/2020-07-01-privatepreview Azure-SDK-For-Python AZURECLI/2.16.0
    method: GET
    uri: https://management.azure.com/subscriptions/00000000-0000-0000-0000-000000000000/providers/Microsoft.DBforMySQL/locations/westus2/azureAsyncOperation/c324a7f8-7f8f-49b2-b818-c130e1779d5e?api-version=2020-07-01-privatepreview
  response:
    body:
      string: '{"name":"c324a7f8-7f8f-49b2-b818-c130e1779d5e","status":"InProgress","startTime":"2020-12-30T06:51:09.92Z"}'
    headers:
      cache-control:
      - no-cache
      content-length:
      - '107'
      content-type:
      - application/json; charset=utf-8
      date:
      - Wed, 30 Dec 2020 06:52:10 GMT
      expires:
      - '-1'
      pragma:
      - no-cache
      server:
      - Microsoft-HTTPAPI/2.0
      strict-transport-security:
      - max-age=31536000; includeSubDomains
      transfer-encoding:
      - chunked
      vary:
      - Accept-Encoding
      x-content-type-options:
      - nosniff
    status:
      code: 200
      message: OK
- request:
    body: null
    headers:
      Accept:
      - application/json
      Accept-Encoding:
      - gzip, deflate
      CommandName:
      - mysql flexible-server create
      Connection:
      - keep-alive
      ParameterSetName:
      - -g -n --vnet -l --subnet
      User-Agent:
      - python/3.7.4 (Windows-10-10.0.19041-SP0) msrest/0.6.18 msrest_azure/0.6.3
        azure-mgmt-rdbms/2020-07-01-privatepreview Azure-SDK-For-Python AZURECLI/2.16.0
    method: GET
    uri: https://management.azure.com/subscriptions/00000000-0000-0000-0000-000000000000/providers/Microsoft.DBforMySQL/locations/westus2/azureAsyncOperation/c324a7f8-7f8f-49b2-b818-c130e1779d5e?api-version=2020-07-01-privatepreview
  response:
    body:
      string: '{"name":"c324a7f8-7f8f-49b2-b818-c130e1779d5e","status":"InProgress","startTime":"2020-12-30T06:51:09.92Z"}'
    headers:
      cache-control:
      - no-cache
      content-length:
      - '107'
      content-type:
      - application/json; charset=utf-8
      date:
      - Wed, 30 Dec 2020 06:53:10 GMT
      expires:
      - '-1'
      pragma:
      - no-cache
      server:
      - Microsoft-HTTPAPI/2.0
      strict-transport-security:
      - max-age=31536000; includeSubDomains
      transfer-encoding:
      - chunked
      vary:
      - Accept-Encoding
      x-content-type-options:
      - nosniff
    status:
      code: 200
      message: OK
- request:
    body: null
    headers:
      Accept:
      - application/json
      Accept-Encoding:
      - gzip, deflate
      CommandName:
      - mysql flexible-server create
      Connection:
      - keep-alive
      ParameterSetName:
      - -g -n --vnet -l --subnet
      User-Agent:
      - python/3.7.4 (Windows-10-10.0.19041-SP0) msrest/0.6.18 msrest_azure/0.6.3
        azure-mgmt-rdbms/2020-07-01-privatepreview Azure-SDK-For-Python AZURECLI/2.16.0
    method: GET
    uri: https://management.azure.com/subscriptions/00000000-0000-0000-0000-000000000000/providers/Microsoft.DBforMySQL/locations/westus2/azureAsyncOperation/c324a7f8-7f8f-49b2-b818-c130e1779d5e?api-version=2020-07-01-privatepreview
  response:
    body:
      string: '{"name":"c324a7f8-7f8f-49b2-b818-c130e1779d5e","status":"InProgress","startTime":"2020-12-30T06:51:09.92Z"}'
    headers:
      cache-control:
      - no-cache
      content-length:
      - '107'
      content-type:
      - application/json; charset=utf-8
      date:
      - Wed, 30 Dec 2020 06:54:10 GMT
      expires:
      - '-1'
      pragma:
      - no-cache
      server:
      - Microsoft-HTTPAPI/2.0
      strict-transport-security:
      - max-age=31536000; includeSubDomains
      transfer-encoding:
      - chunked
      vary:
      - Accept-Encoding
      x-content-type-options:
      - nosniff
    status:
      code: 200
      message: OK
- request:
    body: null
    headers:
      Accept:
      - application/json
      Accept-Encoding:
      - gzip, deflate
      CommandName:
      - mysql flexible-server create
      Connection:
      - keep-alive
      ParameterSetName:
      - -g -n --vnet -l --subnet
      User-Agent:
      - python/3.7.4 (Windows-10-10.0.19041-SP0) msrest/0.6.18 msrest_azure/0.6.3
        azure-mgmt-rdbms/2020-07-01-privatepreview Azure-SDK-For-Python AZURECLI/2.16.0
    method: GET
    uri: https://management.azure.com/subscriptions/00000000-0000-0000-0000-000000000000/providers/Microsoft.DBforMySQL/locations/westus2/azureAsyncOperation/c324a7f8-7f8f-49b2-b818-c130e1779d5e?api-version=2020-07-01-privatepreview
  response:
    body:
      string: '{"name":"c324a7f8-7f8f-49b2-b818-c130e1779d5e","status":"InProgress","startTime":"2020-12-30T06:51:09.92Z"}'
    headers:
      cache-control:
      - no-cache
      content-length:
      - '107'
      content-type:
      - application/json; charset=utf-8
      date:
      - Wed, 30 Dec 2020 06:55:10 GMT
      expires:
      - '-1'
      pragma:
      - no-cache
      server:
      - Microsoft-HTTPAPI/2.0
      strict-transport-security:
      - max-age=31536000; includeSubDomains
      transfer-encoding:
      - chunked
      vary:
      - Accept-Encoding
      x-content-type-options:
      - nosniff
    status:
      code: 200
      message: OK
- request:
    body: null
    headers:
      Accept:
      - application/json
      Accept-Encoding:
      - gzip, deflate
      CommandName:
      - mysql flexible-server create
      Connection:
      - keep-alive
      ParameterSetName:
      - -g -n --vnet -l --subnet
      User-Agent:
      - python/3.7.4 (Windows-10-10.0.19041-SP0) msrest/0.6.18 msrest_azure/0.6.3
        azure-mgmt-rdbms/2020-07-01-privatepreview Azure-SDK-For-Python AZURECLI/2.16.0
    method: GET
    uri: https://management.azure.com/subscriptions/00000000-0000-0000-0000-000000000000/providers/Microsoft.DBforMySQL/locations/westus2/azureAsyncOperation/c324a7f8-7f8f-49b2-b818-c130e1779d5e?api-version=2020-07-01-privatepreview
  response:
    body:
      string: '{"name":"c324a7f8-7f8f-49b2-b818-c130e1779d5e","status":"InProgress","startTime":"2020-12-30T06:51:09.92Z"}'
    headers:
      cache-control:
      - no-cache
      content-length:
      - '107'
      content-type:
      - application/json; charset=utf-8
      date:
      - Wed, 30 Dec 2020 06:56:10 GMT
      expires:
      - '-1'
      pragma:
      - no-cache
      server:
      - Microsoft-HTTPAPI/2.0
      strict-transport-security:
      - max-age=31536000; includeSubDomains
      transfer-encoding:
      - chunked
      vary:
      - Accept-Encoding
      x-content-type-options:
      - nosniff
    status:
      code: 200
      message: OK
- request:
    body: null
    headers:
      Accept:
      - application/json
      Accept-Encoding:
      - gzip, deflate
      CommandName:
      - mysql flexible-server create
      Connection:
      - keep-alive
      ParameterSetName:
      - -g -n --vnet -l --subnet
      User-Agent:
      - python/3.7.4 (Windows-10-10.0.19041-SP0) msrest/0.6.18 msrest_azure/0.6.3
        azure-mgmt-rdbms/2020-07-01-privatepreview Azure-SDK-For-Python AZURECLI/2.16.0
    method: GET
    uri: https://management.azure.com/subscriptions/00000000-0000-0000-0000-000000000000/providers/Microsoft.DBforMySQL/locations/westus2/azureAsyncOperation/c324a7f8-7f8f-49b2-b818-c130e1779d5e?api-version=2020-07-01-privatepreview
  response:
    body:
      string: '{"name":"c324a7f8-7f8f-49b2-b818-c130e1779d5e","status":"InProgress","startTime":"2020-12-30T06:51:09.92Z"}'
    headers:
      cache-control:
      - no-cache
      content-length:
      - '107'
      content-type:
      - application/json; charset=utf-8
      date:
      - Wed, 30 Dec 2020 06:57:10 GMT
      expires:
      - '-1'
      pragma:
      - no-cache
      server:
      - Microsoft-HTTPAPI/2.0
      strict-transport-security:
      - max-age=31536000; includeSubDomains
      transfer-encoding:
      - chunked
      vary:
      - Accept-Encoding
      x-content-type-options:
      - nosniff
    status:
      code: 200
      message: OK
- request:
    body: null
    headers:
      Accept:
      - application/json
      Accept-Encoding:
      - gzip, deflate
      CommandName:
      - mysql flexible-server create
      Connection:
      - keep-alive
      ParameterSetName:
      - -g -n --vnet -l --subnet
      User-Agent:
      - python/3.7.4 (Windows-10-10.0.19041-SP0) msrest/0.6.18 msrest_azure/0.6.3
        azure-mgmt-rdbms/2020-07-01-privatepreview Azure-SDK-For-Python AZURECLI/2.16.0
    method: GET
    uri: https://management.azure.com/subscriptions/00000000-0000-0000-0000-000000000000/providers/Microsoft.DBforMySQL/locations/westus2/azureAsyncOperation/c324a7f8-7f8f-49b2-b818-c130e1779d5e?api-version=2020-07-01-privatepreview
  response:
    body:
      string: '{"name":"c324a7f8-7f8f-49b2-b818-c130e1779d5e","status":"InProgress","startTime":"2020-12-30T06:51:09.92Z"}'
    headers:
      cache-control:
      - no-cache
      content-length:
      - '107'
      content-type:
      - application/json; charset=utf-8
      date:
      - Wed, 30 Dec 2020 06:58:11 GMT
      expires:
      - '-1'
      pragma:
      - no-cache
      server:
      - Microsoft-HTTPAPI/2.0
      strict-transport-security:
      - max-age=31536000; includeSubDomains
      transfer-encoding:
      - chunked
      vary:
      - Accept-Encoding
      x-content-type-options:
      - nosniff
    status:
      code: 200
      message: OK
- request:
    body: null
    headers:
      Accept:
      - application/json
      Accept-Encoding:
      - gzip, deflate
      CommandName:
      - mysql flexible-server create
      Connection:
      - keep-alive
      ParameterSetName:
      - -g -n --vnet -l --subnet
      User-Agent:
      - python/3.7.4 (Windows-10-10.0.19041-SP0) msrest/0.6.18 msrest_azure/0.6.3
        azure-mgmt-rdbms/2020-07-01-privatepreview Azure-SDK-For-Python AZURECLI/2.16.0
    method: GET
    uri: https://management.azure.com/subscriptions/00000000-0000-0000-0000-000000000000/providers/Microsoft.DBforMySQL/locations/westus2/azureAsyncOperation/c324a7f8-7f8f-49b2-b818-c130e1779d5e?api-version=2020-07-01-privatepreview
  response:
    body:
      string: '{"name":"c324a7f8-7f8f-49b2-b818-c130e1779d5e","status":"InProgress","startTime":"2020-12-30T06:51:09.92Z"}'
    headers:
      cache-control:
      - no-cache
      content-length:
      - '107'
      content-type:
      - application/json; charset=utf-8
      date:
      - Wed, 30 Dec 2020 06:59:11 GMT
      expires:
      - '-1'
      pragma:
      - no-cache
      server:
      - Microsoft-HTTPAPI/2.0
      strict-transport-security:
      - max-age=31536000; includeSubDomains
      transfer-encoding:
      - chunked
      vary:
      - Accept-Encoding
      x-content-type-options:
      - nosniff
    status:
      code: 200
      message: OK
- request:
    body: null
    headers:
      Accept:
      - application/json
      Accept-Encoding:
      - gzip, deflate
      CommandName:
      - mysql flexible-server create
      Connection:
      - keep-alive
      ParameterSetName:
      - -g -n --vnet -l --subnet
      User-Agent:
      - python/3.7.4 (Windows-10-10.0.19041-SP0) msrest/0.6.18 msrest_azure/0.6.3
        azure-mgmt-rdbms/2020-07-01-privatepreview Azure-SDK-For-Python AZURECLI/2.16.0
    method: GET
    uri: https://management.azure.com/subscriptions/00000000-0000-0000-0000-000000000000/providers/Microsoft.DBforMySQL/locations/westus2/azureAsyncOperation/c324a7f8-7f8f-49b2-b818-c130e1779d5e?api-version=2020-07-01-privatepreview
  response:
    body:
      string: '{"name":"c324a7f8-7f8f-49b2-b818-c130e1779d5e","status":"InProgress","startTime":"2020-12-30T06:51:09.92Z"}'
    headers:
      cache-control:
      - no-cache
      content-length:
      - '107'
      content-type:
      - application/json; charset=utf-8
      date:
      - Wed, 30 Dec 2020 07:00:11 GMT
      expires:
      - '-1'
      pragma:
      - no-cache
      server:
      - Microsoft-HTTPAPI/2.0
      strict-transport-security:
      - max-age=31536000; includeSubDomains
      transfer-encoding:
      - chunked
      vary:
      - Accept-Encoding
      x-content-type-options:
      - nosniff
    status:
      code: 200
      message: OK
- request:
    body: null
    headers:
      Accept:
      - application/json
      Accept-Encoding:
      - gzip, deflate
      CommandName:
      - mysql flexible-server create
      Connection:
      - keep-alive
      ParameterSetName:
      - -g -n --vnet -l --subnet
      User-Agent:
      - python/3.7.4 (Windows-10-10.0.19041-SP0) msrest/0.6.18 msrest_azure/0.6.3
        azure-mgmt-rdbms/2020-07-01-privatepreview Azure-SDK-For-Python AZURECLI/2.16.0
    method: GET
    uri: https://management.azure.com/subscriptions/00000000-0000-0000-0000-000000000000/providers/Microsoft.DBforMySQL/locations/westus2/azureAsyncOperation/c324a7f8-7f8f-49b2-b818-c130e1779d5e?api-version=2020-07-01-privatepreview
  response:
    body:
      string: '{"name":"c324a7f8-7f8f-49b2-b818-c130e1779d5e","status":"InProgress","startTime":"2020-12-30T06:51:09.92Z"}'
    headers:
      cache-control:
      - no-cache
      content-length:
      - '107'
      content-type:
      - application/json; charset=utf-8
      date:
      - Wed, 30 Dec 2020 07:01:11 GMT
      expires:
      - '-1'
      pragma:
      - no-cache
      server:
      - Microsoft-HTTPAPI/2.0
      strict-transport-security:
      - max-age=31536000; includeSubDomains
      transfer-encoding:
      - chunked
      vary:
      - Accept-Encoding
      x-content-type-options:
      - nosniff
    status:
      code: 200
      message: OK
- request:
    body: null
    headers:
      Accept:
      - application/json
      Accept-Encoding:
      - gzip, deflate
      CommandName:
      - mysql flexible-server create
      Connection:
      - keep-alive
      ParameterSetName:
      - -g -n --vnet -l --subnet
      User-Agent:
      - python/3.7.4 (Windows-10-10.0.19041-SP0) msrest/0.6.18 msrest_azure/0.6.3
        azure-mgmt-rdbms/2020-07-01-privatepreview Azure-SDK-For-Python AZURECLI/2.16.0
    method: GET
    uri: https://management.azure.com/subscriptions/00000000-0000-0000-0000-000000000000/providers/Microsoft.DBforMySQL/locations/westus2/azureAsyncOperation/c324a7f8-7f8f-49b2-b818-c130e1779d5e?api-version=2020-07-01-privatepreview
  response:
    body:
      string: '{"name":"c324a7f8-7f8f-49b2-b818-c130e1779d5e","status":"InProgress","startTime":"2020-12-30T06:51:09.92Z"}'
    headers:
      cache-control:
      - no-cache
      content-length:
      - '107'
      content-type:
      - application/json; charset=utf-8
      date:
      - Wed, 30 Dec 2020 07:02:11 GMT
      expires:
      - '-1'
      pragma:
      - no-cache
      server:
      - Microsoft-HTTPAPI/2.0
      strict-transport-security:
      - max-age=31536000; includeSubDomains
      transfer-encoding:
      - chunked
      vary:
      - Accept-Encoding
      x-content-type-options:
      - nosniff
    status:
      code: 200
      message: OK
- request:
    body: null
    headers:
      Accept:
      - application/json
      Accept-Encoding:
      - gzip, deflate
      CommandName:
      - mysql flexible-server create
      Connection:
      - keep-alive
      ParameterSetName:
      - -g -n --vnet -l --subnet
      User-Agent:
      - python/3.7.4 (Windows-10-10.0.19041-SP0) msrest/0.6.18 msrest_azure/0.6.3
        azure-mgmt-rdbms/2020-07-01-privatepreview Azure-SDK-For-Python AZURECLI/2.16.0
    method: GET
    uri: https://management.azure.com/subscriptions/00000000-0000-0000-0000-000000000000/providers/Microsoft.DBforMySQL/locations/westus2/azureAsyncOperation/c324a7f8-7f8f-49b2-b818-c130e1779d5e?api-version=2020-07-01-privatepreview
  response:
    body:
      string: '{"name":"c324a7f8-7f8f-49b2-b818-c130e1779d5e","status":"InProgress","startTime":"2020-12-30T06:51:09.92Z"}'
    headers:
      cache-control:
      - no-cache
      content-length:
      - '107'
      content-type:
      - application/json; charset=utf-8
      date:
      - Wed, 30 Dec 2020 07:03:12 GMT
      expires:
      - '-1'
      pragma:
      - no-cache
      server:
      - Microsoft-HTTPAPI/2.0
      strict-transport-security:
      - max-age=31536000; includeSubDomains
      transfer-encoding:
      - chunked
      vary:
      - Accept-Encoding
      x-content-type-options:
      - nosniff
    status:
      code: 200
      message: OK
- request:
    body: null
    headers:
      Accept:
      - application/json
      Accept-Encoding:
      - gzip, deflate
      CommandName:
      - mysql flexible-server create
      Connection:
      - keep-alive
      ParameterSetName:
      - -g -n --vnet -l --subnet
      User-Agent:
      - python/3.7.4 (Windows-10-10.0.19041-SP0) msrest/0.6.18 msrest_azure/0.6.3
        azure-mgmt-rdbms/2020-07-01-privatepreview Azure-SDK-For-Python AZURECLI/2.16.0
    method: GET
    uri: https://management.azure.com/subscriptions/00000000-0000-0000-0000-000000000000/providers/Microsoft.DBforMySQL/locations/westus2/azureAsyncOperation/c324a7f8-7f8f-49b2-b818-c130e1779d5e?api-version=2020-07-01-privatepreview
  response:
    body:
      string: '{"name":"c324a7f8-7f8f-49b2-b818-c130e1779d5e","status":"Succeeded","startTime":"2020-12-30T06:51:09.92Z"}'
    headers:
      cache-control:
      - no-cache
      content-length:
      - '106'
      content-type:
      - application/json; charset=utf-8
      date:
      - Wed, 30 Dec 2020 07:04:12 GMT
      expires:
      - '-1'
      pragma:
      - no-cache
      server:
      - Microsoft-HTTPAPI/2.0
      strict-transport-security:
      - max-age=31536000; includeSubDomains
      transfer-encoding:
      - chunked
      vary:
      - Accept-Encoding
      x-content-type-options:
      - nosniff
    status:
      code: 200
      message: OK
- request:
    body: null
    headers:
      Accept:
      - application/json
      Accept-Encoding:
      - gzip, deflate
      CommandName:
      - mysql flexible-server create
      Connection:
      - keep-alive
      ParameterSetName:
      - -g -n --vnet -l --subnet
      User-Agent:
      - python/3.7.4 (Windows-10-10.0.19041-SP0) msrest/0.6.18 msrest_azure/0.6.3
        azure-mgmt-rdbms/2020-07-01-privatepreview Azure-SDK-For-Python AZURECLI/2.16.0
    method: GET
    uri: https://management.azure.com/subscriptions/00000000-0000-0000-0000-000000000000/resourceGroups/clitest.rg000001/providers/Microsoft.DBForMySql/flexibleServers/azuredbclitest-000003?api-version=2020-07-01-privatepreview
  response:
    body:
      string: '{"sku":{"name":"Standard_B1ms","tier":"Burstable","capacity":0},"properties":{"administratorLogin":"lastApple3","storageProfile":{"storageMB":10240,"storageIops":0,"backupRetentionDays":7,"storageAutogrow":"Disabled","fileStorageSkuName":"Premium_LRS"},"version":"5.7","state":"Ready","haState":"NotEnabled","fullyQualifiedDomainName":"azuredbclitest-000003.mysql.database.azure.com","sourceServerId":"","publicNetworkAccess":"Disabled","sslEnforcement":"Disabled","haEnabled":"Disabled","earliestRestoreDate":"2020-12-30T07:04:13.1885221+00:00","maintenanceWindow":{"customWindow":"Disabled","dayOfWeek":0,"startHour":0,"startMinute":0},"replicationRole":"None","replicaCapacity":10,"delegatedSubnetArguments":{"subnetArmResourceId":"/subscriptions/00000000-0000-0000-0000-000000000000/resourceGroups/clitest.rg000001/providers/Microsoft.Network/virtualNetworks/clitest.vn000002/subnets/default"},"byokEnforcement":"Disabled"},"location":"West
        US 2","id":"/subscriptions/00000000-0000-0000-0000-000000000000/resourceGroups/clitest.rg000001/providers/Microsoft.DBforMySQL/flexibleServers/azuredbclitest-000003","name":"azuredbclitest-000003","type":"Microsoft.DBforMySQL/flexibleServers"}'
    headers:
      cache-control:
      - no-cache
      content-length:
      - '1311'
      content-type:
      - application/json; charset=utf-8
      date:
      - Wed, 30 Dec 2020 07:04:13 GMT
      expires:
      - '-1'
      pragma:
      - no-cache
      server:
      - Microsoft-HTTPAPI/2.0
      strict-transport-security:
      - max-age=31536000; includeSubDomains
      transfer-encoding:
      - chunked
      vary:
      - Accept-Encoding
      x-content-type-options:
      - nosniff
    status:
      code: 200
      message: OK
- request:
    body: null
    headers:
      Accept:
      - application/json
      Accept-Encoding:
      - gzip, deflate
      CommandName:
      - mysql flexible-server create
      Connection:
      - keep-alive
      ParameterSetName:
      - -g -n --vnet -l --subnet
      User-Agent:
      - python/3.7.4 (Windows-10-10.0.19041-SP0) msrest/0.6.18 msrest_azure/0.6.3
        azure-mgmt-rdbms/2020-07-01-privatepreview Azure-SDK-For-Python AZURECLI/2.16.0
      accept-language:
      - en-US
    method: GET
    uri: https://management.azure.com/subscriptions/00000000-0000-0000-0000-000000000000/resourceGroups/clitest.rg000001/providers/Microsoft.DBForMySql/flexibleServers/azuredbclitest-000003/databases/flexibleserverdb?api-version=2020-07-01-privatepreview
  response:
    body:
      string: '{"error":{"code":"ResourceNotFound","message":"The requested resource
        of type ''Microsoft.DBforMySQL/flexibleServers/databases'' with name ''flexibleserverdb''
        was not found."}}'
    headers:
      cache-control:
      - no-cache
      content-length:
      - '173'
      content-type:
      - application/json; charset=utf-8
      date:
      - Wed, 30 Dec 2020 07:04:14 GMT
      expires:
      - '-1'
      pragma:
      - no-cache
      server:
      - Microsoft-HTTPAPI/2.0
      strict-transport-security:
      - max-age=31536000; includeSubDomains
      x-content-type-options:
      - nosniff
    status:
      code: 404
      message: Not Found
- request:
    body: '{"properties": {"charset": "utf8"}}'
    headers:
      Accept:
      - application/json
      Accept-Encoding:
      - gzip, deflate
      CommandName:
      - mysql flexible-server create
      Connection:
      - keep-alive
      Content-Length:
      - '35'
      Content-Type:
      - application/json; charset=utf-8
      ParameterSetName:
      - -g -n --vnet -l --subnet
      User-Agent:
      - python/3.7.4 (Windows-10-10.0.19041-SP0) msrest/0.6.18 msrest_azure/0.6.3
        azure-mgmt-rdbms/2020-07-01-privatepreview Azure-SDK-For-Python AZURECLI/2.16.0
      accept-language:
      - en-US
    method: PUT
    uri: https://management.azure.com/subscriptions/00000000-0000-0000-0000-000000000000/resourceGroups/clitest.rg000001/providers/Microsoft.DBForMySql/flexibleServers/azuredbclitest-000003/databases/flexibleserverdb?api-version=2020-07-01-privatepreview
  response:
    body:
      string: '{"operation":"UpsertServerDatabaseManagementOperation","startTime":"2020-12-30T07:04:14.89Z"}'
    headers:
      azure-asyncoperation:
      - https://management.azure.com/subscriptions/00000000-0000-0000-0000-000000000000/providers/Microsoft.DBforMySQL/locations/westus2/azureAsyncOperation/faeb0f30-9022-4c86-adaa-3f88201a2213?api-version=2020-07-01-privatepreview
      cache-control:
      - no-cache
      content-length:
      - '93'
      content-type:
      - application/json; charset=utf-8
      date:
      - Wed, 30 Dec 2020 07:04:14 GMT
      expires:
      - '-1'
      location:
      - https://management.azure.com/subscriptions/00000000-0000-0000-0000-000000000000/providers/Microsoft.DBforMySQL/locations/westus2/operationResults/faeb0f30-9022-4c86-adaa-3f88201a2213?api-version=2020-07-01-privatepreview
      pragma:
      - no-cache
      server:
      - Microsoft-HTTPAPI/2.0
      strict-transport-security:
      - max-age=31536000; includeSubDomains
      x-content-type-options:
      - nosniff
      x-ms-ratelimit-remaining-subscription-writes:
      - '1198'
    status:
      code: 202
      message: Accepted
- request:
    body: null
    headers:
      Accept:
      - application/json
      Accept-Encoding:
      - gzip, deflate
      CommandName:
      - mysql flexible-server create
      Connection:
      - keep-alive
      ParameterSetName:
      - -g -n --vnet -l --subnet
      User-Agent:
      - python/3.7.4 (Windows-10-10.0.19041-SP0) msrest/0.6.18 msrest_azure/0.6.3
        azure-mgmt-rdbms/2020-07-01-privatepreview Azure-SDK-For-Python AZURECLI/2.16.0
    method: GET
    uri: https://management.azure.com/subscriptions/00000000-0000-0000-0000-000000000000/providers/Microsoft.DBforMySQL/locations/westus2/azureAsyncOperation/faeb0f30-9022-4c86-adaa-3f88201a2213?api-version=2020-07-01-privatepreview
  response:
    body:
      string: '{"name":"faeb0f30-9022-4c86-adaa-3f88201a2213","status":"Succeeded","startTime":"2020-12-30T07:04:14.89Z"}'
    headers:
      cache-control:
      - no-cache
      content-length:
      - '106'
      content-type:
      - application/json; charset=utf-8
      date:
      - Wed, 30 Dec 2020 07:04:29 GMT
      expires:
      - '-1'
      pragma:
      - no-cache
      server:
      - Microsoft-HTTPAPI/2.0
      strict-transport-security:
      - max-age=31536000; includeSubDomains
      transfer-encoding:
      - chunked
      vary:
      - Accept-Encoding
      x-content-type-options:
      - nosniff
    status:
      code: 200
      message: OK
- request:
    body: null
    headers:
      Accept:
      - application/json
      Accept-Encoding:
      - gzip, deflate
      CommandName:
      - mysql flexible-server create
      Connection:
      - keep-alive
      ParameterSetName:
      - -g -n --vnet -l --subnet
      User-Agent:
      - python/3.7.4 (Windows-10-10.0.19041-SP0) msrest/0.6.18 msrest_azure/0.6.3
        azure-mgmt-rdbms/2020-07-01-privatepreview Azure-SDK-For-Python AZURECLI/2.16.0
    method: GET
    uri: https://management.azure.com/subscriptions/00000000-0000-0000-0000-000000000000/resourceGroups/clitest.rg000001/providers/Microsoft.DBForMySql/flexibleServers/azuredbclitest-000003/databases/flexibleserverdb?api-version=2020-07-01-privatepreview
  response:
    body:
      string: '{"properties":{"charset":"latin1","collation":"latin1_swedish_ci"},"id":"/subscriptions/00000000-0000-0000-0000-000000000000/resourceGroups/clitest.rg000001/providers/Microsoft.DBforMySQL/flexibleServers/azuredbclitest-000003/databases/flexibleserverdb","name":"flexibleserverdb","type":"Microsoft.DBforMySQL/flexibleServers/databases"}'
    headers:
      cache-control:
      - no-cache
      content-length:
      - '394'
      content-type:
      - application/json; charset=utf-8
      date:
      - Wed, 30 Dec 2020 07:04:30 GMT
      expires:
      - '-1'
      pragma:
      - no-cache
      server:
      - Microsoft-HTTPAPI/2.0
      strict-transport-security:
      - max-age=31536000; includeSubDomains
      transfer-encoding:
      - chunked
      vary:
      - Accept-Encoding
      x-content-type-options:
      - nosniff
    status:
      code: 200
      message: OK
- request:
    body: null
    headers:
      Accept:
      - application/json
      Accept-Encoding:
      - gzip, deflate
      CommandName:
      - mysql flexible-server create
      Connection:
      - keep-alive
      ParameterSetName:
      - -g -n -l --vnet
      User-Agent:
      - python/3.7.4 (Windows-10-10.0.19041-SP0) msrest/0.6.18 msrest_azure/0.6.3
        azure-mgmt-rdbms/2020-07-01-privatepreview Azure-SDK-For-Python AZURECLI/2.16.0
      accept-language:
      - en-US
    method: GET
    uri: https://management.azure.com/subscriptions/00000000-0000-0000-0000-000000000000/providers/Microsoft.DBForMySql/locations/westus2/capabilities?api-version=2020-07-01-privatepreview
  response:
    body:
      string: '{"value":[{"zone":"none","supportedFlexibleServerEditions":[{"name":"Burstable","supportedStorageEditions":[{"name":"PremiumFileShare","minStorageSize":{"name":"5120","storageSizeMB":5120},"maxStorageSize":{"name":"16777216","storageSizeMB":16777216},"minBackupRetentionDays":7,"maxBackupRetentionDays":35,"supportedStorageMB":[],"status":"Default"}],"supportedServerVersions":[{"name":"5.7","supportedVcores":[{"name":"Standard_B1s","vCores":1,"supportedIOPS":320,"supportedMemoryPerVcoreMB":1024,"status":"Available"},{"name":"Standard_B1ms","vCores":1,"supportedIOPS":640,"supportedMemoryPerVcoreMB":2048,"status":"Available"},{"name":"Standard_B2s","vCores":2,"supportedIOPS":1280,"supportedMemoryPerVcoreMB":2048,"status":"Available"}],"status":"Default"}],"status":"Available"},{"name":"GeneralPurpose","supportedStorageEditions":[{"name":"PremiumFileShare","minStorageSize":{"name":"5120","storageSizeMB":5120},"maxStorageSize":{"name":"16777216","storageSizeMB":16777216},"minBackupRetentionDays":7,"maxBackupRetentionDays":35,"supportedStorageMB":[],"status":"Default"}],"supportedServerVersions":[{"name":"5.7","supportedVcores":[{"name":"Standard_D2ds_v4","vCores":2,"supportedIOPS":3200,"supportedMemoryPerVcoreMB":4096,"status":"Available"},{"name":"Standard_D4ds_v4","vCores":4,"supportedIOPS":6400,"supportedMemoryPerVcoreMB":4096,"status":"Available"},{"name":"Standard_D8ds_v4","vCores":8,"supportedIOPS":12800,"supportedMemoryPerVcoreMB":4096,"status":"Available"},{"name":"Standard_D16ds_v4","vCores":16,"supportedIOPS":20000,"supportedMemoryPerVcoreMB":4096,"status":"Available"},{"name":"Standard_D32ds_v4","vCores":32,"supportedIOPS":20000,"supportedMemoryPerVcoreMB":4096,"status":"Available"},{"name":"Standard_D48ds_v4","vCores":48,"supportedIOPS":20000,"supportedMemoryPerVcoreMB":4096,"status":"Available"},{"name":"Standard_D64ds_v4","vCores":64,"supportedIOPS":20000,"supportedMemoryPerVcoreMB":4096,"status":"Available"}],"status":"Default"}],"status":"Default"},{"name":"MemoryOptimized","supportedStorageEditions":[{"name":"PremiumFileShare","minStorageSize":{"name":"5120","storageSizeMB":5120},"maxStorageSize":{"name":"16777216","storageSizeMB":16777216},"minBackupRetentionDays":7,"maxBackupRetentionDays":35,"supportedStorageMB":[],"status":"Default"}],"supportedServerVersions":[{"name":"5.7","supportedVcores":[{"name":"Standard_E2ds_v4","vCores":2,"supportedIOPS":3200,"supportedMemoryPerVcoreMB":8192,"status":"Available"},{"name":"Standard_E4ds_v4","vCores":4,"supportedIOPS":6400,"supportedMemoryPerVcoreMB":8192,"status":"Available"},{"name":"Standard_E8ds_v4","vCores":8,"supportedIOPS":12800,"supportedMemoryPerVcoreMB":8192,"status":"Available"},{"name":"Standard_E16ds_v4","vCores":16,"supportedIOPS":20000,"supportedMemoryPerVcoreMB":8192,"status":"Available"},{"name":"Standard_E32ds_v4","vCores":32,"supportedIOPS":20000,"supportedMemoryPerVcoreMB":8192,"status":"Available"},{"name":"Standard_E48ds_v4","vCores":48,"supportedIOPS":20000,"supportedMemoryPerVcoreMB":8192,"status":"Available"},{"name":"Standard_E64ds_v4","vCores":64,"supportedIOPS":20000,"supportedMemoryPerVcoreMB":8192,"status":"Available"}],"status":"Default"}],"status":"Available"}],"status":"Default"},{"zone":"1","supportedFlexibleServerEditions":[{"name":"Burstable","supportedStorageEditions":[{"name":"PremiumFileShare","minStorageSize":{"name":"5120","storageSizeMB":5120},"maxStorageSize":{"name":"16777216","storageSizeMB":16777216},"minBackupRetentionDays":7,"maxBackupRetentionDays":35,"supportedStorageMB":[],"status":"Default"}],"supportedServerVersions":[{"name":"5.7","supportedVcores":[{"name":"Standard_B1s","vCores":1,"supportedIOPS":320,"supportedMemoryPerVcoreMB":1024,"status":"Available"},{"name":"Standard_B1ms","vCores":1,"supportedIOPS":640,"supportedMemoryPerVcoreMB":2048,"status":"Available"},{"name":"Standard_B2s","vCores":2,"supportedIOPS":1280,"supportedMemoryPerVcoreMB":2048,"status":"Available"}],"status":"Default"}],"status":"Available"},{"name":"GeneralPurpose","supportedStorageEditions":[{"name":"PremiumFileShare","minStorageSize":{"name":"5120","storageSizeMB":5120},"maxStorageSize":{"name":"16777216","storageSizeMB":16777216},"minBackupRetentionDays":7,"maxBackupRetentionDays":35,"supportedStorageMB":[],"status":"Default"}],"supportedServerVersions":[{"name":"5.7","supportedVcores":[{"name":"Standard_D2ds_v4","vCores":2,"supportedIOPS":3200,"supportedMemoryPerVcoreMB":4096,"status":"Available"},{"name":"Standard_D4ds_v4","vCores":4,"supportedIOPS":6400,"supportedMemoryPerVcoreMB":4096,"status":"Available"},{"name":"Standard_D8ds_v4","vCores":8,"supportedIOPS":12800,"supportedMemoryPerVcoreMB":4096,"status":"Available"},{"name":"Standard_D16ds_v4","vCores":16,"supportedIOPS":20000,"supportedMemoryPerVcoreMB":4096,"status":"Available"},{"name":"Standard_D32ds_v4","vCores":32,"supportedIOPS":20000,"supportedMemoryPerVcoreMB":4096,"status":"Available"},{"name":"Standard_D48ds_v4","vCores":48,"supportedIOPS":20000,"supportedMemoryPerVcoreMB":4096,"status":"Available"},{"name":"Standard_D64ds_v4","vCores":64,"supportedIOPS":20000,"supportedMemoryPerVcoreMB":4096,"status":"Available"}],"status":"Default"}],"status":"Default"},{"name":"MemoryOptimized","supportedStorageEditions":[{"name":"PremiumFileShare","minStorageSize":{"name":"5120","storageSizeMB":5120},"maxStorageSize":{"name":"16777216","storageSizeMB":16777216},"minBackupRetentionDays":7,"maxBackupRetentionDays":35,"supportedStorageMB":[],"status":"Default"}],"supportedServerVersions":[{"name":"5.7","supportedVcores":[{"name":"Standard_E2ds_v4","vCores":2,"supportedIOPS":3200,"supportedMemoryPerVcoreMB":8192,"status":"Available"},{"name":"Standard_E4ds_v4","vCores":4,"supportedIOPS":6400,"supportedMemoryPerVcoreMB":8192,"status":"Available"},{"name":"Standard_E8ds_v4","vCores":8,"supportedIOPS":12800,"supportedMemoryPerVcoreMB":8192,"status":"Available"},{"name":"Standard_E16ds_v4","vCores":16,"supportedIOPS":20000,"supportedMemoryPerVcoreMB":8192,"status":"Available"},{"name":"Standard_E32ds_v4","vCores":32,"supportedIOPS":20000,"supportedMemoryPerVcoreMB":8192,"status":"Available"},{"name":"Standard_E48ds_v4","vCores":48,"supportedIOPS":20000,"supportedMemoryPerVcoreMB":8192,"status":"Available"},{"name":"Standard_E64ds_v4","vCores":64,"supportedIOPS":20000,"supportedMemoryPerVcoreMB":8192,"status":"Available"}],"status":"Default"}],"status":"Available"}],"status":"Available"},{"zone":"2","supportedFlexibleServerEditions":[{"name":"Burstable","supportedStorageEditions":[{"name":"PremiumFileShare","minStorageSize":{"name":"5120","storageSizeMB":5120},"maxStorageSize":{"name":"16777216","storageSizeMB":16777216},"minBackupRetentionDays":7,"maxBackupRetentionDays":35,"supportedStorageMB":[],"status":"Default"}],"supportedServerVersions":[{"name":"5.7","supportedVcores":[{"name":"Standard_B1s","vCores":1,"supportedIOPS":320,"supportedMemoryPerVcoreMB":1024,"status":"Available"},{"name":"Standard_B1ms","vCores":1,"supportedIOPS":640,"supportedMemoryPerVcoreMB":2048,"status":"Available"},{"name":"Standard_B2s","vCores":2,"supportedIOPS":1280,"supportedMemoryPerVcoreMB":2048,"status":"Available"}],"status":"Default"}],"status":"Available"},{"name":"GeneralPurpose","supportedStorageEditions":[{"name":"PremiumFileShare","minStorageSize":{"name":"5120","storageSizeMB":5120},"maxStorageSize":{"name":"16777216","storageSizeMB":16777216},"minBackupRetentionDays":7,"maxBackupRetentionDays":35,"supportedStorageMB":[],"status":"Default"}],"supportedServerVersions":[{"name":"5.7","supportedVcores":[{"name":"Standard_D2ds_v4","vCores":2,"supportedIOPS":3200,"supportedMemoryPerVcoreMB":4096,"status":"Available"},{"name":"Standard_D4ds_v4","vCores":4,"supportedIOPS":6400,"supportedMemoryPerVcoreMB":4096,"status":"Available"},{"name":"Standard_D8ds_v4","vCores":8,"supportedIOPS":12800,"supportedMemoryPerVcoreMB":4096,"status":"Available"},{"name":"Standard_D16ds_v4","vCores":16,"supportedIOPS":20000,"supportedMemoryPerVcoreMB":4096,"status":"Available"},{"name":"Standard_D32ds_v4","vCores":32,"supportedIOPS":20000,"supportedMemoryPerVcoreMB":4096,"status":"Available"},{"name":"Standard_D48ds_v4","vCores":48,"supportedIOPS":20000,"supportedMemoryPerVcoreMB":4096,"status":"Available"},{"name":"Standard_D64ds_v4","vCores":64,"supportedIOPS":20000,"supportedMemoryPerVcoreMB":4096,"status":"Available"}],"status":"Default"}],"status":"Default"},{"name":"MemoryOptimized","supportedStorageEditions":[{"name":"PremiumFileShare","minStorageSize":{"name":"5120","storageSizeMB":5120},"maxStorageSize":{"name":"16777216","storageSizeMB":16777216},"minBackupRetentionDays":7,"maxBackupRetentionDays":35,"supportedStorageMB":[],"status":"Default"}],"supportedServerVersions":[{"name":"5.7","supportedVcores":[{"name":"Standard_E2ds_v4","vCores":2,"supportedIOPS":3200,"supportedMemoryPerVcoreMB":8192,"status":"Available"},{"name":"Standard_E4ds_v4","vCores":4,"supportedIOPS":6400,"supportedMemoryPerVcoreMB":8192,"status":"Available"},{"name":"Standard_E8ds_v4","vCores":8,"supportedIOPS":12800,"supportedMemoryPerVcoreMB":8192,"status":"Available"},{"name":"Standard_E16ds_v4","vCores":16,"supportedIOPS":20000,"supportedMemoryPerVcoreMB":8192,"status":"Available"},{"name":"Standard_E32ds_v4","vCores":32,"supportedIOPS":20000,"supportedMemoryPerVcoreMB":8192,"status":"Available"},{"name":"Standard_E48ds_v4","vCores":48,"supportedIOPS":20000,"supportedMemoryPerVcoreMB":8192,"status":"Available"},{"name":"Standard_E64ds_v4","vCores":64,"supportedIOPS":20000,"supportedMemoryPerVcoreMB":8192,"status":"Available"}],"status":"Default"}],"status":"Available"}],"status":"Available"},{"zone":"3","supportedFlexibleServerEditions":[{"name":"Burstable","supportedStorageEditions":[{"name":"PremiumFileShare","minStorageSize":{"name":"5120","storageSizeMB":5120},"maxStorageSize":{"name":"16777216","storageSizeMB":16777216},"minBackupRetentionDays":7,"maxBackupRetentionDays":35,"supportedStorageMB":[],"status":"Default"}],"supportedServerVersions":[{"name":"5.7","supportedVcores":[{"name":"Standard_B1s","vCores":1,"supportedIOPS":320,"supportedMemoryPerVcoreMB":1024,"status":"Available"},{"name":"Standard_B1ms","vCores":1,"supportedIOPS":640,"supportedMemoryPerVcoreMB":2048,"status":"Available"},{"name":"Standard_B2s","vCores":2,"supportedIOPS":1280,"supportedMemoryPerVcoreMB":2048,"status":"Available"}],"status":"Default"}],"status":"Available"},{"name":"GeneralPurpose","supportedStorageEditions":[{"name":"PremiumFileShare","minStorageSize":{"name":"5120","storageSizeMB":5120},"maxStorageSize":{"name":"16777216","storageSizeMB":16777216},"minBackupRetentionDays":7,"maxBackupRetentionDays":35,"supportedStorageMB":[],"status":"Default"}],"supportedServerVersions":[{"name":"5.7","supportedVcores":[{"name":"Standard_D2ds_v4","vCores":2,"supportedIOPS":3200,"supportedMemoryPerVcoreMB":4096,"status":"Available"},{"name":"Standard_D4ds_v4","vCores":4,"supportedIOPS":6400,"supportedMemoryPerVcoreMB":4096,"status":"Available"},{"name":"Standard_D8ds_v4","vCores":8,"supportedIOPS":12800,"supportedMemoryPerVcoreMB":4096,"status":"Available"},{"name":"Standard_D16ds_v4","vCores":16,"supportedIOPS":20000,"supportedMemoryPerVcoreMB":4096,"status":"Available"},{"name":"Standard_D32ds_v4","vCores":32,"supportedIOPS":20000,"supportedMemoryPerVcoreMB":4096,"status":"Available"},{"name":"Standard_D48ds_v4","vCores":48,"supportedIOPS":20000,"supportedMemoryPerVcoreMB":4096,"status":"Available"},{"name":"Standard_D64ds_v4","vCores":64,"supportedIOPS":20000,"supportedMemoryPerVcoreMB":4096,"status":"Available"}],"status":"Default"}],"status":"Default"},{"name":"MemoryOptimized","supportedStorageEditions":[{"name":"PremiumFileShare","minStorageSize":{"name":"5120","storageSizeMB":5120},"maxStorageSize":{"name":"16777216","storageSizeMB":16777216},"minBackupRetentionDays":7,"maxBackupRetentionDays":35,"supportedStorageMB":[],"status":"Default"}],"supportedServerVersions":[{"name":"5.7","supportedVcores":[{"name":"Standard_E2ds_v4","vCores":2,"supportedIOPS":3200,"supportedMemoryPerVcoreMB":8192,"status":"Available"},{"name":"Standard_E4ds_v4","vCores":4,"supportedIOPS":6400,"supportedMemoryPerVcoreMB":8192,"status":"Available"},{"name":"Standard_E8ds_v4","vCores":8,"supportedIOPS":12800,"supportedMemoryPerVcoreMB":8192,"status":"Available"},{"name":"Standard_E16ds_v4","vCores":16,"supportedIOPS":20000,"supportedMemoryPerVcoreMB":8192,"status":"Available"},{"name":"Standard_E32ds_v4","vCores":32,"supportedIOPS":20000,"supportedMemoryPerVcoreMB":8192,"status":"Available"},{"name":"Standard_E48ds_v4","vCores":48,"supportedIOPS":20000,"supportedMemoryPerVcoreMB":8192,"status":"Available"},{"name":"Standard_E64ds_v4","vCores":64,"supportedIOPS":20000,"supportedMemoryPerVcoreMB":8192,"status":"Available"}],"status":"Default"}],"status":"Available"}],"status":"Available"}]}'
    headers:
      cache-control:
      - no-cache
      content-length:
      - '12872'
      content-type:
      - application/json; charset=utf-8
      date:
      - Wed, 30 Dec 2020 07:04:30 GMT
      expires:
      - '-1'
      pragma:
      - no-cache
      server:
      - Microsoft-HTTPAPI/2.0
      strict-transport-security:
      - max-age=31536000; includeSubDomains
      transfer-encoding:
      - chunked
      vary:
      - Accept-Encoding
      x-content-type-options:
      - nosniff
    status:
      code: 200
      message: OK
- request:
    body: '{"name": "azuredbclitest-000004", "type": "Microsoft.DBforMySQL/flexibleServers"}'
    headers:
      Accept:
      - application/json
      Accept-Encoding:
      - gzip, deflate
      CommandName:
      - mysql flexible-server create
      Connection:
      - keep-alive
      Content-Length:
      - '80'
      Content-Type:
      - application/json; charset=utf-8
      ParameterSetName:
      - -g -n -l --vnet
      User-Agent:
      - python/3.7.4 (Windows-10-10.0.19041-SP0) msrest/0.6.18 msrest_azure/0.6.3
        azure-mgmt-rdbms/2020-07-01-privatepreview Azure-SDK-For-Python AZURECLI/2.16.0
      accept-language:
      - en-US
    method: POST
    uri: https://management.azure.com/subscriptions/00000000-0000-0000-0000-000000000000/providers/Microsoft.DBForMySql/checkNameAvailability?api-version=2020-07-01-privatepreview
  response:
    body:
      string: '{"nameAvailable":true,"message":""}'
    headers:
      cache-control:
      - no-cache
      content-length:
      - '35'
      content-type:
      - application/json; charset=utf-8
      date:
      - Wed, 30 Dec 2020 07:04:32 GMT
      expires:
      - '-1'
      pragma:
      - no-cache
      server:
      - Microsoft-HTTPAPI/2.0
      strict-transport-security:
      - max-age=31536000; includeSubDomains
      transfer-encoding:
      - chunked
      vary:
      - Accept-Encoding
      x-content-type-options:
      - nosniff
      x-ms-ratelimit-remaining-subscription-writes:
      - '1198'
    status:
      code: 200
      message: OK
- request:
    body: null
    headers:
      Accept:
      - application/json
      Accept-Encoding:
      - gzip, deflate
      CommandName:
      - mysql flexible-server create
      Connection:
      - keep-alive
      ParameterSetName:
      - -g -n -l --vnet
      User-Agent:
      - python/3.7.4 (Windows-10-10.0.19041-SP0) msrest/0.6.18 msrest_azure/0.6.3
        azure-mgmt-resource/10.3.0 Azure-SDK-For-Python AZURECLI/2.16.0
      accept-language:
      - en-US
    method: HEAD
    uri: https://management.azure.com/subscriptions/00000000-0000-0000-0000-000000000000/resourcegroups/clitest.rg000001?api-version=2020-06-01
  response:
    body:
      string: ''
    headers:
      cache-control:
      - no-cache
      content-length:
      - '0'
      date:
      - Wed, 30 Dec 2020 07:04:32 GMT
      expires:
      - '-1'
      pragma:
      - no-cache
      strict-transport-security:
      - max-age=31536000; includeSubDomains
      x-content-type-options:
      - nosniff
    status:
      code: 204
      message: No Content
- request:
    body: null
    headers:
      Accept:
      - application/json
      Accept-Encoding:
      - gzip, deflate
      CommandName:
      - mysql flexible-server create
      Connection:
      - keep-alive
      ParameterSetName:
      - -g -n -l --vnet
      User-Agent:
      - AZURECLI/2.16.0 azsdk-python-azure-mgmt-network/17.0.0 Python/3.7.4 (Windows-10-10.0.19041-SP0)
    method: GET
    uri: https://management.azure.com/subscriptions/00000000-0000-0000-0000-000000000000/resourceGroups/clitest.rg000001/providers/Microsoft.Network/virtualNetworks/clitestvnet6?api-version=2020-07-01
  response:
    body:
      string: '{"error":{"code":"ResourceNotFound","message":"The Resource ''Microsoft.Network/virtualNetworks/clitestvnet6''
        under resource group ''clitest.rg000001'' was not found. For more details
        please go to https://aka.ms/ARMResourceNotFoundFix"}}'
    headers:
      cache-control:
      - no-cache
      content-length:
      - '293'
      content-type:
      - application/json; charset=utf-8
      date:
      - Wed, 30 Dec 2020 07:04:32 GMT
      expires:
      - '-1'
      pragma:
      - no-cache
      strict-transport-security:
      - max-age=31536000; includeSubDomains
      x-content-type-options:
      - nosniff
      x-ms-failure-cause:
      - gateway
    status:
      code: 404
      message: Not Found
- request:
    body: '{"location": "westus2", "properties": {"addressSpace": {"addressPrefixes":
      ["10.0.0.0/16"]}, "enableDdosProtection": false, "enableVmProtection": false}}'
    headers:
      Accept:
      - application/json
      Accept-Encoding:
      - gzip, deflate
      CommandName:
      - mysql flexible-server create
      Connection:
      - keep-alive
      Content-Length:
      - '153'
      Content-Type:
      - application/json
      ParameterSetName:
      - -g -n -l --vnet
      User-Agent:
      - AZURECLI/2.16.0 azsdk-python-azure-mgmt-network/17.0.0 Python/3.7.4 (Windows-10-10.0.19041-SP0)
    method: PUT
    uri: https://management.azure.com/subscriptions/00000000-0000-0000-0000-000000000000/resourceGroups/clitest.rg000001/providers/Microsoft.Network/virtualNetworks/clitestvnet6?api-version=2020-07-01
  response:
    body:
      string: "{\r\n  \"name\": \"clitestvnet6\",\r\n  \"id\": \"/subscriptions/00000000-0000-0000-0000-000000000000/resourceGroups/clitest.rg000001/providers/Microsoft.Network/virtualNetworks/clitestvnet6\",\r\n
        \ \"etag\": \"W/\\\"85f3e483-c33a-44cb-8291-5a91e6319850\\\"\",\r\n  \"type\":
        \"Microsoft.Network/virtualNetworks\",\r\n  \"location\": \"westus2\",\r\n
        \ \"properties\": {\r\n    \"provisioningState\": \"Updating\",\r\n    \"resourceGuid\":
        \"7c249cfe-e787-4a55-9ff6-eb379743841a\",\r\n    \"addressSpace\": {\r\n      \"addressPrefixes\":
        [\r\n        \"10.0.0.0/16\"\r\n      ]\r\n    },\r\n    \"subnets\": [],\r\n
        \   \"virtualNetworkPeerings\": [],\r\n    \"enableDdosProtection\": false,\r\n
        \   \"enableVmProtection\": false\r\n  }\r\n}"
    headers:
      azure-asyncnotification:
      - Enabled
      azure-asyncoperation:
      - https://management.azure.com/subscriptions/00000000-0000-0000-0000-000000000000/providers/Microsoft.Network/locations/westus2/operations/20b5c1cd-31f8-4e74-8334-5ce7003d5f85?api-version=2020-07-01
      cache-control:
      - no-cache
      content-length:
      - '712'
      content-type:
      - application/json; charset=utf-8
      date:
      - Wed, 30 Dec 2020 07:04:34 GMT
      expires:
      - '-1'
      pragma:
      - no-cache
      server:
      - Microsoft-HTTPAPI/2.0
      - Microsoft-HTTPAPI/2.0
      strict-transport-security:
      - max-age=31536000; includeSubDomains
      x-content-type-options:
      - nosniff
      x-ms-arm-service-request-id:
      - 8a8fe565-b120-40a8-ad85-e8a8ce100990
      x-ms-ratelimit-remaining-subscription-writes:
      - '1199'
    status:
      code: 201
      message: Created
- request:
    body: '{"name": "Subnetbclitest-ljqsh", "properties": {"addressPrefix": "10.0.0.0/24",
      "delegations": [{"name": "Microsoft.DBforMySQL/flexibleServers", "properties":
      {"serviceName": "Microsoft.DBforMySQL/flexibleServers"}}]}}'
    headers:
      Accept:
      - application/json
      Accept-Encoding:
      - gzip, deflate
      CommandName:
      - mysql flexible-server create
      Connection:
      - keep-alive
      Content-Length:
      - '218'
      Content-Type:
      - application/json
      ParameterSetName:
      - -g -n -l --vnet
      User-Agent:
      - AZURECLI/2.16.0 azsdk-python-azure-mgmt-network/17.0.0 Python/3.7.4 (Windows-10-10.0.19041-SP0)
    method: PUT
    uri: https://management.azure.com/subscriptions/00000000-0000-0000-0000-000000000000/resourceGroups/clitest.rg000001/providers/Microsoft.Network/virtualNetworks/clitestvnet6/subnets/Subnetbclitest-ljqsh?api-version=2020-07-01
  response:
    body:
      string: "{\r\n  \"name\": \"Subnetbclitest-ljqsh\",\r\n  \"id\": \"/subscriptions/00000000-0000-0000-0000-000000000000/resourceGroups/clitest.rg000001/providers/Microsoft.Network/virtualNetworks/clitestvnet6/subnets/Subnetbclitest-ljqsh\",\r\n
        \ \"etag\": \"W/\\\"3fe407cb-6fe1-4f79-830f-2d6b2b3cf5fe\\\"\",\r\n  \"properties\":
        {\r\n    \"provisioningState\": \"Updating\",\r\n    \"addressPrefix\": \"10.0.0.0/24\",\r\n
        \   \"delegations\": [\r\n      {\r\n        \"name\": \"Microsoft.DBforMySQL/flexibleServers\",\r\n
        \       \"id\": \"/subscriptions/00000000-0000-0000-0000-000000000000/resourceGroups/clitest.rg000001/providers/Microsoft.Network/virtualNetworks/clitestvnet6/subnets/Subnetbclitest-ljqsh/delegations/Microsoft.DBforMySQL/flexibleServers\",\r\n
        \       \"etag\": \"W/\\\"3fe407cb-6fe1-4f79-830f-2d6b2b3cf5fe\\\"\",\r\n
        \       \"properties\": {\r\n          \"provisioningState\": \"Succeeded\",\r\n
        \         \"serviceName\": \"Microsoft.DBforMySQL/flexibleServers\",\r\n          \"actions\":
        [\r\n            \"Microsoft.Network/virtualNetworks/subnets/join/action\"\r\n
        \         ]\r\n        },\r\n        \"type\": \"Microsoft.Network/virtualNetworks/subnets/delegations\"\r\n
        \     }\r\n    ],\r\n    \"privateEndpointNetworkPolicies\": \"Enabled\",\r\n
        \   \"privateLinkServiceNetworkPolicies\": \"Enabled\"\r\n  },\r\n  \"type\":
        \"Microsoft.Network/virtualNetworks/subnets\"\r\n}"
    headers:
      azure-asyncoperation:
      - https://management.azure.com/subscriptions/00000000-0000-0000-0000-000000000000/providers/Microsoft.Network/locations/westus2/operations/a10da067-3f17-43f9-9d15-018421fbcac3?api-version=2020-07-01
      cache-control:
      - no-cache
      content-length:
      - '1385'
      content-type:
      - application/json; charset=utf-8
      date:
      - Wed, 30 Dec 2020 07:04:34 GMT
      expires:
      - '-1'
      pragma:
      - no-cache
      server:
      - Microsoft-HTTPAPI/2.0
      - Microsoft-HTTPAPI/2.0
      strict-transport-security:
      - max-age=31536000; includeSubDomains
      x-content-type-options:
      - nosniff
      x-ms-arm-service-request-id:
      - 7adab404-68cf-4917-92ca-79825146f7f8
      x-ms-ratelimit-remaining-subscription-writes:
      - '1198'
    status:
      code: 201
      message: Created
- request:
    body: null
    headers:
      Accept:
      - '*/*'
      Accept-Encoding:
      - gzip, deflate
      CommandName:
      - mysql flexible-server create
      Connection:
      - keep-alive
      ParameterSetName:
      - -g -n -l --vnet
      User-Agent:
      - AZURECLI/2.16.0 azsdk-python-azure-mgmt-network/17.0.0 Python/3.7.4 (Windows-10-10.0.19041-SP0)
    method: GET
    uri: https://management.azure.com/subscriptions/00000000-0000-0000-0000-000000000000/providers/Microsoft.Network/locations/westus2/operations/20b5c1cd-31f8-4e74-8334-5ce7003d5f85?api-version=2020-07-01
  response:
    body:
      string: "{\r\n  \"status\": \"Canceled\",\r\n  \"error\": {\r\n    \"code\":
        \"Canceled\",\r\n    \"message\": \"Operation was canceled.\",\r\n    \"details\":
        [\r\n      {\r\n        \"code\": \"CanceledAndSupersededDueToAnotherOperation\",\r\n
        \       \"message\": \"Operation PutVirtualNetworkOperation (20b5c1cd-31f8-4e74-8334-5ce7003d5f85)
        was canceled and superseded by operation PutSubnetOperation (a10da067-3f17-43f9-9d15-018421fbcac3).\"\r\n
        \     }\r\n    ]\r\n  }\r\n}"
    headers:
      cache-control:
      - no-cache
      canceled-by-azure-asyncoperation:
      - https://management.azure.com/subscriptions/7fec3109-5b78-4a24-b834-5d47d63e2596/providers/Microsoft.Network/locations/westus2/operations/a10da067-3f17-43f9-9d15-018421fbcac3?api-version=2020-07-01
      content-length:
      - '420'
      content-type:
      - application/json; charset=utf-8
      date:
      - Wed, 30 Dec 2020 07:04:37 GMT
      expires:
      - '-1'
      pragma:
      - no-cache
      server:
      - Microsoft-HTTPAPI/2.0
      - Microsoft-HTTPAPI/2.0
      strict-transport-security:
      - max-age=31536000; includeSubDomains
      transfer-encoding:
      - chunked
      vary:
      - Accept-Encoding
      x-content-type-options:
      - nosniff
      x-ms-arm-service-request-id:
      - 4006ec5b-8366-44ec-bc9b-c61da02d417c
    status:
      code: 200
      message: OK
- request:
    body: null
    headers:
      Accept:
      - '*/*'
      Accept-Encoding:
      - gzip, deflate
      CommandName:
      - mysql flexible-server create
      Connection:
      - keep-alive
      ParameterSetName:
      - -g -n -l --vnet
      User-Agent:
      - AZURECLI/2.16.0 azsdk-python-azure-mgmt-network/17.0.0 Python/3.7.4 (Windows-10-10.0.19041-SP0)
    method: GET
    uri: https://management.azure.com/subscriptions/00000000-0000-0000-0000-000000000000/providers/Microsoft.Network/locations/westus2/operations/a10da067-3f17-43f9-9d15-018421fbcac3?api-version=2020-07-01
  response:
    body:
      string: "{\r\n  \"status\": \"InProgress\"\r\n}"
    headers:
      cache-control:
      - no-cache
      content-length:
      - '30'
      content-type:
      - application/json; charset=utf-8
      date:
      - Wed, 30 Dec 2020 07:04:38 GMT
      expires:
      - '-1'
      pragma:
      - no-cache
      server:
      - Microsoft-HTTPAPI/2.0
      - Microsoft-HTTPAPI/2.0
      strict-transport-security:
      - max-age=31536000; includeSubDomains
      transfer-encoding:
      - chunked
      vary:
      - Accept-Encoding
      x-content-type-options:
      - nosniff
      x-ms-arm-service-request-id:
      - 0b7d9797-2729-4ece-a82b-79cb5a3a892e
    status:
      code: 200
      message: OK
- request:
    body: null
    headers:
      Accept:
      - '*/*'
      Accept-Encoding:
      - gzip, deflate
      CommandName:
      - mysql flexible-server create
      Connection:
      - keep-alive
      ParameterSetName:
      - -g -n -l --vnet
      User-Agent:
      - AZURECLI/2.16.0 azsdk-python-azure-mgmt-network/17.0.0 Python/3.7.4 (Windows-10-10.0.19041-SP0)
    method: GET
    uri: https://management.azure.com/subscriptions/00000000-0000-0000-0000-000000000000/providers/Microsoft.Network/locations/westus2/operations/a10da067-3f17-43f9-9d15-018421fbcac3?api-version=2020-07-01
  response:
    body:
      string: "{\r\n  \"status\": \"InProgress\"\r\n}"
    headers:
      cache-control:
      - no-cache
      content-length:
      - '30'
      content-type:
      - application/json; charset=utf-8
      date:
      - Wed, 30 Dec 2020 07:04:48 GMT
      expires:
      - '-1'
      pragma:
      - no-cache
      server:
      - Microsoft-HTTPAPI/2.0
      - Microsoft-HTTPAPI/2.0
      strict-transport-security:
      - max-age=31536000; includeSubDomains
      transfer-encoding:
      - chunked
      vary:
      - Accept-Encoding
      x-content-type-options:
      - nosniff
      x-ms-arm-service-request-id:
      - 140c4adf-6265-4c9e-ab0c-1c84b53ad8b3
    status:
      code: 200
      message: OK
- request:
    body: null
    headers:
      Accept:
      - '*/*'
      Accept-Encoding:
      - gzip, deflate
      CommandName:
      - mysql flexible-server create
      Connection:
      - keep-alive
      ParameterSetName:
      - -g -n -l --vnet
      User-Agent:
      - AZURECLI/2.16.0 azsdk-python-azure-mgmt-network/17.0.0 Python/3.7.4 (Windows-10-10.0.19041-SP0)
    method: GET
    uri: https://management.azure.com/subscriptions/00000000-0000-0000-0000-000000000000/providers/Microsoft.Network/locations/westus2/operations/a10da067-3f17-43f9-9d15-018421fbcac3?api-version=2020-07-01
  response:
    body:
      string: "{\r\n  \"status\": \"Succeeded\"\r\n}"
    headers:
      cache-control:
      - no-cache
      content-length:
      - '29'
      content-type:
      - application/json; charset=utf-8
      date:
      - Wed, 30 Dec 2020 07:05:08 GMT
      expires:
      - '-1'
      pragma:
      - no-cache
      server:
      - Microsoft-HTTPAPI/2.0
      - Microsoft-HTTPAPI/2.0
      strict-transport-security:
      - max-age=31536000; includeSubDomains
      transfer-encoding:
      - chunked
      vary:
      - Accept-Encoding
      x-content-type-options:
      - nosniff
      x-ms-arm-service-request-id:
      - d71b23cd-708f-4382-b53e-70c26100df11
    status:
      code: 200
      message: OK
- request:
    body: null
    headers:
      Accept:
      - '*/*'
      Accept-Encoding:
      - gzip, deflate
      CommandName:
      - mysql flexible-server create
      Connection:
      - keep-alive
      ParameterSetName:
      - -g -n -l --vnet
      User-Agent:
      - AZURECLI/2.16.0 azsdk-python-azure-mgmt-network/17.0.0 Python/3.7.4 (Windows-10-10.0.19041-SP0)
    method: GET
    uri: https://management.azure.com/subscriptions/00000000-0000-0000-0000-000000000000/resourceGroups/clitest.rg000001/providers/Microsoft.Network/virtualNetworks/clitestvnet6/subnets/Subnetbclitest-ljqsh?api-version=2020-07-01
  response:
    body:
      string: "{\r\n  \"name\": \"Subnetbclitest-ljqsh\",\r\n  \"id\": \"/subscriptions/00000000-0000-0000-0000-000000000000/resourceGroups/clitest.rg000001/providers/Microsoft.Network/virtualNetworks/clitestvnet6/subnets/Subnetbclitest-ljqsh\",\r\n
        \ \"etag\": \"W/\\\"e1162a5f-b7a2-44a3-83cc-f22ada838c44\\\"\",\r\n  \"properties\":
        {\r\n    \"provisioningState\": \"Succeeded\",\r\n    \"addressPrefix\": \"10.0.0.0/24\",\r\n
        \   \"delegations\": [\r\n      {\r\n        \"name\": \"Microsoft.DBforMySQL/flexibleServers\",\r\n
        \       \"id\": \"/subscriptions/00000000-0000-0000-0000-000000000000/resourceGroups/clitest.rg000001/providers/Microsoft.Network/virtualNetworks/clitestvnet6/subnets/Subnetbclitest-ljqsh/delegations/Microsoft.DBforMySQL/flexibleServers\",\r\n
        \       \"etag\": \"W/\\\"e1162a5f-b7a2-44a3-83cc-f22ada838c44\\\"\",\r\n
        \       \"properties\": {\r\n          \"provisioningState\": \"Succeeded\",\r\n
        \         \"serviceName\": \"Microsoft.DBforMySQL/flexibleServers\",\r\n          \"actions\":
        [\r\n            \"Microsoft.Network/virtualNetworks/subnets/join/action\"\r\n
        \         ]\r\n        },\r\n        \"type\": \"Microsoft.Network/virtualNetworks/subnets/delegations\"\r\n
        \     }\r\n    ],\r\n    \"privateEndpointNetworkPolicies\": \"Enabled\",\r\n
        \   \"privateLinkServiceNetworkPolicies\": \"Enabled\"\r\n  },\r\n  \"type\":
        \"Microsoft.Network/virtualNetworks/subnets\"\r\n}"
    headers:
      cache-control:
      - no-cache
      content-length:
      - '1386'
      content-type:
      - application/json; charset=utf-8
      date:
      - Wed, 30 Dec 2020 07:05:09 GMT
      etag:
      - W/"e1162a5f-b7a2-44a3-83cc-f22ada838c44"
      expires:
      - '-1'
      pragma:
      - no-cache
      server:
      - Microsoft-HTTPAPI/2.0
      - Microsoft-HTTPAPI/2.0
      strict-transport-security:
      - max-age=31536000; includeSubDomains
      transfer-encoding:
      - chunked
      vary:
      - Accept-Encoding
      x-content-type-options:
      - nosniff
      x-ms-arm-service-request-id:
      - f5d411c8-fb52-41c3-9fbb-c5f9cc542739
    status:
      code: 200
      message: OK
- request:
    body: null
    headers:
      Accept:
      - application/json
      Accept-Encoding:
      - gzip, deflate
      CommandName:
      - mysql flexible-server create
      Connection:
      - keep-alive
      ParameterSetName:
      - -g -n -l --vnet
      User-Agent:
      - python/3.7.4 (Windows-10-10.0.19041-SP0) msrest/0.6.18 msrest_azure/0.6.3
        azure-mgmt-resource/10.3.0 Azure-SDK-For-Python AZURECLI/2.16.0
      accept-language:
      - en-US
    method: GET
    uri: https://management.azure.com/subscriptions/00000000-0000-0000-0000-000000000000/resourcegroups/clitest.rg000001?api-version=2020-06-01
  response:
    body:
      string: '{"id":"/subscriptions/00000000-0000-0000-0000-000000000000/resourceGroups/clitest.rg000001","name":"clitest.rg000001","type":"Microsoft.Resources/resourceGroups","location":"westus2","tags":{"product":"azurecli","cause":"automation","date":"2020-12-30T06:50:25Z"},"properties":{"provisioningState":"Succeeded"}}'
    headers:
      cache-control:
      - no-cache
      content-length:
      - '429'
      content-type:
      - application/json; charset=utf-8
      date:
      - Wed, 30 Dec 2020 07:05:09 GMT
      expires:
      - '-1'
      pragma:
      - no-cache
      strict-transport-security:
      - max-age=31536000; includeSubDomains
      vary:
      - Accept-Encoding
      x-content-type-options:
      - nosniff
    status:
      code: 200
      message: OK
- request:
    body: '{"location": "westus2", "sku": {"name": "Standard_B1ms", "tier": "Burstable"},
      "properties": {"administratorLogin": "rundownDingo2", "administratorLoginPassword":
      "NjVsqrEb7CEVqfpLfxsJkA", "version": "5.7", "haEnabled": "Disabled", "storageProfile":
      {"backupRetentionDays": 7, "storageMB": 10240}, "delegatedSubnetArguments":
      {"subnetArmResourceId": "/subscriptions/00000000-0000-0000-0000-000000000000/resourceGroups/clitest.rg000001/providers/Microsoft.Network/virtualNetworks/clitestvnet6/subnets/Subnetbclitest-ljqsh"},
      "createMode": "Default"}}'
    headers:
      Accept:
      - application/json
      Accept-Encoding:
      - gzip, deflate
      CommandName:
      - mysql flexible-server create
      Connection:
      - keep-alive
      Content-Length:
      - '608'
      Content-Type:
      - application/json; charset=utf-8
      ParameterSetName:
      - -g -n -l --vnet
      User-Agent:
      - python/3.7.4 (Windows-10-10.0.19041-SP0) msrest/0.6.18 msrest_azure/0.6.3
        azure-mgmt-rdbms/2020-07-01-privatepreview Azure-SDK-For-Python AZURECLI/2.16.0
      accept-language:
      - en-US
    method: PUT
    uri: https://management.azure.com/subscriptions/00000000-0000-0000-0000-000000000000/resourceGroups/clitest.rg000001/providers/Microsoft.DBForMySql/flexibleServers/azuredbclitest-000004?api-version=2020-07-01-privatepreview
  response:
    body:
      string: '{"operation":"UpsertServerManagementOperationV2","startTime":"2020-12-30T07:05:11.64Z"}'
    headers:
      azure-asyncoperation:
      - https://management.azure.com/subscriptions/00000000-0000-0000-0000-000000000000/providers/Microsoft.DBforMySQL/locations/westus2/azureAsyncOperation/384bc4a1-54f6-4dcb-9bf6-f4efc6a15eb3?api-version=2020-07-01-privatepreview
      cache-control:
      - no-cache
      content-length:
      - '87'
      content-type:
      - application/json; charset=utf-8
      date:
      - Wed, 30 Dec 2020 07:05:10 GMT
      expires:
      - '-1'
      location:
      - https://management.azure.com/subscriptions/00000000-0000-0000-0000-000000000000/providers/Microsoft.DBforMySQL/locations/westus2/operationResults/384bc4a1-54f6-4dcb-9bf6-f4efc6a15eb3?api-version=2020-07-01-privatepreview
      pragma:
      - no-cache
      server:
      - Microsoft-HTTPAPI/2.0
      strict-transport-security:
      - max-age=31536000; includeSubDomains
      x-content-type-options:
      - nosniff
      x-ms-ratelimit-remaining-subscription-writes:
      - '1199'
    status:
      code: 202
      message: Accepted
- request:
    body: null
    headers:
      Accept:
      - application/json
      Accept-Encoding:
      - gzip, deflate
      CommandName:
      - mysql flexible-server create
      Connection:
      - keep-alive
      ParameterSetName:
      - -g -n -l --vnet
      User-Agent:
      - python/3.7.4 (Windows-10-10.0.19041-SP0) msrest/0.6.18 msrest_azure/0.6.3
        azure-mgmt-rdbms/2020-07-01-privatepreview Azure-SDK-For-Python AZURECLI/2.16.0
    method: GET
    uri: https://management.azure.com/subscriptions/00000000-0000-0000-0000-000000000000/providers/Microsoft.DBforMySQL/locations/westus2/azureAsyncOperation/384bc4a1-54f6-4dcb-9bf6-f4efc6a15eb3?api-version=2020-07-01-privatepreview
  response:
    body:
      string: '{"name":"384bc4a1-54f6-4dcb-9bf6-f4efc6a15eb3","status":"InProgress","startTime":"2020-12-30T07:05:11.64Z"}'
    headers:
      cache-control:
      - no-cache
      content-length:
      - '107'
      content-type:
      - application/json; charset=utf-8
      date:
      - Wed, 30 Dec 2020 07:06:11 GMT
      expires:
      - '-1'
      pragma:
      - no-cache
      server:
      - Microsoft-HTTPAPI/2.0
      strict-transport-security:
      - max-age=31536000; includeSubDomains
      transfer-encoding:
      - chunked
      vary:
      - Accept-Encoding
      x-content-type-options:
      - nosniff
    status:
      code: 200
      message: OK
- request:
    body: null
    headers:
      Accept:
      - application/json
      Accept-Encoding:
      - gzip, deflate
      CommandName:
      - mysql flexible-server create
      Connection:
      - keep-alive
      ParameterSetName:
      - -g -n -l --vnet
      User-Agent:
      - python/3.7.4 (Windows-10-10.0.19041-SP0) msrest/0.6.18 msrest_azure/0.6.3
        azure-mgmt-rdbms/2020-07-01-privatepreview Azure-SDK-For-Python AZURECLI/2.16.0
    method: GET
    uri: https://management.azure.com/subscriptions/00000000-0000-0000-0000-000000000000/providers/Microsoft.DBforMySQL/locations/westus2/azureAsyncOperation/384bc4a1-54f6-4dcb-9bf6-f4efc6a15eb3?api-version=2020-07-01-privatepreview
  response:
    body:
      string: '{"name":"384bc4a1-54f6-4dcb-9bf6-f4efc6a15eb3","status":"InProgress","startTime":"2020-12-30T07:05:11.64Z"}'
    headers:
      cache-control:
      - no-cache
      content-length:
      - '107'
      content-type:
      - application/json; charset=utf-8
      date:
      - Wed, 30 Dec 2020 07:07:11 GMT
      expires:
      - '-1'
      pragma:
      - no-cache
      server:
      - Microsoft-HTTPAPI/2.0
      strict-transport-security:
      - max-age=31536000; includeSubDomains
      transfer-encoding:
      - chunked
      vary:
      - Accept-Encoding
      x-content-type-options:
      - nosniff
    status:
      code: 200
      message: OK
- request:
    body: null
    headers:
      Accept:
      - application/json
      Accept-Encoding:
      - gzip, deflate
      CommandName:
      - mysql flexible-server create
      Connection:
      - keep-alive
      ParameterSetName:
      - -g -n -l --vnet
      User-Agent:
      - python/3.7.4 (Windows-10-10.0.19041-SP0) msrest/0.6.18 msrest_azure/0.6.3
        azure-mgmt-rdbms/2020-07-01-privatepreview Azure-SDK-For-Python AZURECLI/2.16.0
    method: GET
    uri: https://management.azure.com/subscriptions/00000000-0000-0000-0000-000000000000/providers/Microsoft.DBforMySQL/locations/westus2/azureAsyncOperation/384bc4a1-54f6-4dcb-9bf6-f4efc6a15eb3?api-version=2020-07-01-privatepreview
  response:
    body:
      string: '{"name":"384bc4a1-54f6-4dcb-9bf6-f4efc6a15eb3","status":"InProgress","startTime":"2020-12-30T07:05:11.64Z"}'
    headers:
      cache-control:
      - no-cache
      content-length:
      - '107'
      content-type:
      - application/json; charset=utf-8
      date:
      - Wed, 30 Dec 2020 07:08:12 GMT
      expires:
      - '-1'
      pragma:
      - no-cache
      server:
      - Microsoft-HTTPAPI/2.0
      strict-transport-security:
      - max-age=31536000; includeSubDomains
      transfer-encoding:
      - chunked
      vary:
      - Accept-Encoding
      x-content-type-options:
      - nosniff
    status:
      code: 200
      message: OK
- request:
    body: null
    headers:
      Accept:
      - application/json
      Accept-Encoding:
      - gzip, deflate
      CommandName:
      - mysql flexible-server create
      Connection:
      - keep-alive
      ParameterSetName:
      - -g -n -l --vnet
      User-Agent:
      - python/3.7.4 (Windows-10-10.0.19041-SP0) msrest/0.6.18 msrest_azure/0.6.3
        azure-mgmt-rdbms/2020-07-01-privatepreview Azure-SDK-For-Python AZURECLI/2.16.0
    method: GET
    uri: https://management.azure.com/subscriptions/00000000-0000-0000-0000-000000000000/providers/Microsoft.DBforMySQL/locations/westus2/azureAsyncOperation/384bc4a1-54f6-4dcb-9bf6-f4efc6a15eb3?api-version=2020-07-01-privatepreview
  response:
    body:
      string: '{"name":"384bc4a1-54f6-4dcb-9bf6-f4efc6a15eb3","status":"InProgress","startTime":"2020-12-30T07:05:11.64Z"}'
    headers:
      cache-control:
      - no-cache
      content-length:
      - '107'
      content-type:
      - application/json; charset=utf-8
      date:
      - Wed, 30 Dec 2020 07:09:12 GMT
      expires:
      - '-1'
      pragma:
      - no-cache
      server:
      - Microsoft-HTTPAPI/2.0
      strict-transport-security:
      - max-age=31536000; includeSubDomains
      transfer-encoding:
      - chunked
      vary:
      - Accept-Encoding
      x-content-type-options:
      - nosniff
    status:
      code: 200
      message: OK
- request:
    body: null
    headers:
      Accept:
      - application/json
      Accept-Encoding:
      - gzip, deflate
      CommandName:
      - mysql flexible-server create
      Connection:
      - keep-alive
      ParameterSetName:
      - -g -n -l --vnet
      User-Agent:
      - python/3.7.4 (Windows-10-10.0.19041-SP0) msrest/0.6.18 msrest_azure/0.6.3
        azure-mgmt-rdbms/2020-07-01-privatepreview Azure-SDK-For-Python AZURECLI/2.16.0
    method: GET
    uri: https://management.azure.com/subscriptions/00000000-0000-0000-0000-000000000000/providers/Microsoft.DBforMySQL/locations/westus2/azureAsyncOperation/384bc4a1-54f6-4dcb-9bf6-f4efc6a15eb3?api-version=2020-07-01-privatepreview
  response:
    body:
      string: '{"name":"384bc4a1-54f6-4dcb-9bf6-f4efc6a15eb3","status":"InProgress","startTime":"2020-12-30T07:05:11.64Z"}'
    headers:
      cache-control:
      - no-cache
      content-length:
      - '107'
      content-type:
      - application/json; charset=utf-8
      date:
      - Wed, 30 Dec 2020 07:10:12 GMT
      expires:
      - '-1'
      pragma:
      - no-cache
      server:
      - Microsoft-HTTPAPI/2.0
      strict-transport-security:
      - max-age=31536000; includeSubDomains
      transfer-encoding:
      - chunked
      vary:
      - Accept-Encoding
      x-content-type-options:
      - nosniff
    status:
      code: 200
      message: OK
- request:
    body: null
    headers:
      Accept:
      - application/json
      Accept-Encoding:
      - gzip, deflate
      CommandName:
      - mysql flexible-server create
      Connection:
      - keep-alive
      ParameterSetName:
      - -g -n -l --vnet
      User-Agent:
      - python/3.7.4 (Windows-10-10.0.19041-SP0) msrest/0.6.18 msrest_azure/0.6.3
        azure-mgmt-rdbms/2020-07-01-privatepreview Azure-SDK-For-Python AZURECLI/2.16.0
    method: GET
    uri: https://management.azure.com/subscriptions/00000000-0000-0000-0000-000000000000/providers/Microsoft.DBforMySQL/locations/westus2/azureAsyncOperation/384bc4a1-54f6-4dcb-9bf6-f4efc6a15eb3?api-version=2020-07-01-privatepreview
  response:
    body:
      string: '{"name":"384bc4a1-54f6-4dcb-9bf6-f4efc6a15eb3","status":"InProgress","startTime":"2020-12-30T07:05:11.64Z"}'
    headers:
      cache-control:
      - no-cache
      content-length:
      - '107'
      content-type:
      - application/json; charset=utf-8
      date:
      - Wed, 30 Dec 2020 07:11:12 GMT
      expires:
      - '-1'
      pragma:
      - no-cache
      server:
      - Microsoft-HTTPAPI/2.0
      strict-transport-security:
      - max-age=31536000; includeSubDomains
      transfer-encoding:
      - chunked
      vary:
      - Accept-Encoding
      x-content-type-options:
      - nosniff
    status:
      code: 200
      message: OK
- request:
    body: null
    headers:
      Accept:
      - application/json
      Accept-Encoding:
      - gzip, deflate
      CommandName:
      - mysql flexible-server create
      Connection:
      - keep-alive
      ParameterSetName:
      - -g -n -l --vnet
      User-Agent:
      - python/3.7.4 (Windows-10-10.0.19041-SP0) msrest/0.6.18 msrest_azure/0.6.3
        azure-mgmt-rdbms/2020-07-01-privatepreview Azure-SDK-For-Python AZURECLI/2.16.0
    method: GET
    uri: https://management.azure.com/subscriptions/00000000-0000-0000-0000-000000000000/providers/Microsoft.DBforMySQL/locations/westus2/azureAsyncOperation/384bc4a1-54f6-4dcb-9bf6-f4efc6a15eb3?api-version=2020-07-01-privatepreview
  response:
    body:
      string: '{"name":"384bc4a1-54f6-4dcb-9bf6-f4efc6a15eb3","status":"InProgress","startTime":"2020-12-30T07:05:11.64Z"}'
    headers:
      cache-control:
      - no-cache
      content-length:
      - '107'
      content-type:
      - application/json; charset=utf-8
      date:
      - Wed, 30 Dec 2020 07:12:12 GMT
      expires:
      - '-1'
      pragma:
      - no-cache
      server:
      - Microsoft-HTTPAPI/2.0
      strict-transport-security:
      - max-age=31536000; includeSubDomains
      transfer-encoding:
      - chunked
      vary:
      - Accept-Encoding
      x-content-type-options:
      - nosniff
    status:
      code: 200
      message: OK
- request:
    body: null
    headers:
      Accept:
      - application/json
      Accept-Encoding:
      - gzip, deflate
      CommandName:
      - mysql flexible-server create
      Connection:
      - keep-alive
      ParameterSetName:
      - -g -n -l --vnet
      User-Agent:
      - python/3.7.4 (Windows-10-10.0.19041-SP0) msrest/0.6.18 msrest_azure/0.6.3
        azure-mgmt-rdbms/2020-07-01-privatepreview Azure-SDK-For-Python AZURECLI/2.16.0
    method: GET
    uri: https://management.azure.com/subscriptions/00000000-0000-0000-0000-000000000000/providers/Microsoft.DBforMySQL/locations/westus2/azureAsyncOperation/384bc4a1-54f6-4dcb-9bf6-f4efc6a15eb3?api-version=2020-07-01-privatepreview
  response:
    body:
      string: '{"name":"384bc4a1-54f6-4dcb-9bf6-f4efc6a15eb3","status":"InProgress","startTime":"2020-12-30T07:05:11.64Z"}'
    headers:
      cache-control:
      - no-cache
      content-length:
      - '107'
      content-type:
      - application/json; charset=utf-8
      date:
      - Wed, 30 Dec 2020 07:13:12 GMT
      expires:
      - '-1'
      pragma:
      - no-cache
      server:
      - Microsoft-HTTPAPI/2.0
      strict-transport-security:
      - max-age=31536000; includeSubDomains
      transfer-encoding:
      - chunked
      vary:
      - Accept-Encoding
      x-content-type-options:
      - nosniff
    status:
      code: 200
      message: OK
- request:
    body: null
    headers:
      Accept:
      - application/json
      Accept-Encoding:
      - gzip, deflate
      CommandName:
      - mysql flexible-server create
      Connection:
      - keep-alive
      ParameterSetName:
      - -g -n -l --vnet
      User-Agent:
      - python/3.7.4 (Windows-10-10.0.19041-SP0) msrest/0.6.18 msrest_azure/0.6.3
        azure-mgmt-rdbms/2020-07-01-privatepreview Azure-SDK-For-Python AZURECLI/2.16.0
    method: GET
    uri: https://management.azure.com/subscriptions/00000000-0000-0000-0000-000000000000/providers/Microsoft.DBforMySQL/locations/westus2/azureAsyncOperation/384bc4a1-54f6-4dcb-9bf6-f4efc6a15eb3?api-version=2020-07-01-privatepreview
  response:
    body:
      string: '{"name":"384bc4a1-54f6-4dcb-9bf6-f4efc6a15eb3","status":"InProgress","startTime":"2020-12-30T07:05:11.64Z"}'
    headers:
      cache-control:
      - no-cache
      content-length:
      - '107'
      content-type:
      - application/json; charset=utf-8
      date:
      - Wed, 30 Dec 2020 07:14:13 GMT
      expires:
      - '-1'
      pragma:
      - no-cache
      server:
      - Microsoft-HTTPAPI/2.0
      strict-transport-security:
      - max-age=31536000; includeSubDomains
      transfer-encoding:
      - chunked
      vary:
      - Accept-Encoding
      x-content-type-options:
      - nosniff
    status:
      code: 200
      message: OK
- request:
    body: null
    headers:
      Accept:
      - application/json
      Accept-Encoding:
      - gzip, deflate
      CommandName:
      - mysql flexible-server create
      Connection:
      - keep-alive
      ParameterSetName:
      - -g -n -l --vnet
      User-Agent:
      - python/3.7.4 (Windows-10-10.0.19041-SP0) msrest/0.6.18 msrest_azure/0.6.3
        azure-mgmt-rdbms/2020-07-01-privatepreview Azure-SDK-For-Python AZURECLI/2.16.0
    method: GET
    uri: https://management.azure.com/subscriptions/00000000-0000-0000-0000-000000000000/providers/Microsoft.DBforMySQL/locations/westus2/azureAsyncOperation/384bc4a1-54f6-4dcb-9bf6-f4efc6a15eb3?api-version=2020-07-01-privatepreview
  response:
    body:
      string: '{"name":"384bc4a1-54f6-4dcb-9bf6-f4efc6a15eb3","status":"InProgress","startTime":"2020-12-30T07:05:11.64Z"}'
    headers:
      cache-control:
      - no-cache
      content-length:
      - '107'
      content-type:
      - application/json; charset=utf-8
      date:
      - Wed, 30 Dec 2020 07:15:13 GMT
      expires:
      - '-1'
      pragma:
      - no-cache
      server:
      - Microsoft-HTTPAPI/2.0
      strict-transport-security:
      - max-age=31536000; includeSubDomains
      transfer-encoding:
      - chunked
      vary:
      - Accept-Encoding
      x-content-type-options:
      - nosniff
    status:
      code: 200
      message: OK
- request:
    body: null
    headers:
      Accept:
      - application/json
      Accept-Encoding:
      - gzip, deflate
      CommandName:
      - mysql flexible-server create
      Connection:
      - keep-alive
      ParameterSetName:
      - -g -n -l --vnet
      User-Agent:
      - python/3.7.4 (Windows-10-10.0.19041-SP0) msrest/0.6.18 msrest_azure/0.6.3
        azure-mgmt-rdbms/2020-07-01-privatepreview Azure-SDK-For-Python AZURECLI/2.16.0
    method: GET
    uri: https://management.azure.com/subscriptions/00000000-0000-0000-0000-000000000000/providers/Microsoft.DBforMySQL/locations/westus2/azureAsyncOperation/384bc4a1-54f6-4dcb-9bf6-f4efc6a15eb3?api-version=2020-07-01-privatepreview
  response:
    body:
      string: '{"name":"384bc4a1-54f6-4dcb-9bf6-f4efc6a15eb3","status":"InProgress","startTime":"2020-12-30T07:05:11.64Z"}'
    headers:
      cache-control:
      - no-cache
      content-length:
      - '107'
      content-type:
      - application/json; charset=utf-8
      date:
      - Wed, 30 Dec 2020 07:16:13 GMT
      expires:
      - '-1'
      pragma:
      - no-cache
      server:
      - Microsoft-HTTPAPI/2.0
      strict-transport-security:
      - max-age=31536000; includeSubDomains
      transfer-encoding:
      - chunked
      vary:
      - Accept-Encoding
      x-content-type-options:
      - nosniff
    status:
      code: 200
      message: OK
- request:
    body: null
    headers:
      Accept:
      - application/json
      Accept-Encoding:
      - gzip, deflate
      CommandName:
      - mysql flexible-server create
      Connection:
      - keep-alive
      ParameterSetName:
      - -g -n -l --vnet
      User-Agent:
      - python/3.7.4 (Windows-10-10.0.19041-SP0) msrest/0.6.18 msrest_azure/0.6.3
        azure-mgmt-rdbms/2020-07-01-privatepreview Azure-SDK-For-Python AZURECLI/2.16.0
    method: GET
    uri: https://management.azure.com/subscriptions/00000000-0000-0000-0000-000000000000/providers/Microsoft.DBforMySQL/locations/westus2/azureAsyncOperation/384bc4a1-54f6-4dcb-9bf6-f4efc6a15eb3?api-version=2020-07-01-privatepreview
  response:
    body:
      string: '{"name":"384bc4a1-54f6-4dcb-9bf6-f4efc6a15eb3","status":"InProgress","startTime":"2020-12-30T07:05:11.64Z"}'
    headers:
      cache-control:
      - no-cache
      content-length:
      - '107'
      content-type:
      - application/json; charset=utf-8
      date:
      - Wed, 30 Dec 2020 07:17:14 GMT
      expires:
      - '-1'
      pragma:
      - no-cache
      server:
      - Microsoft-HTTPAPI/2.0
      strict-transport-security:
      - max-age=31536000; includeSubDomains
      transfer-encoding:
      - chunked
      vary:
      - Accept-Encoding
      x-content-type-options:
      - nosniff
    status:
      code: 200
      message: OK
- request:
    body: null
    headers:
      Accept:
      - application/json
      Accept-Encoding:
      - gzip, deflate
      CommandName:
      - mysql flexible-server create
      Connection:
      - keep-alive
      ParameterSetName:
      - -g -n -l --vnet
      User-Agent:
      - python/3.7.4 (Windows-10-10.0.19041-SP0) msrest/0.6.18 msrest_azure/0.6.3
        azure-mgmt-rdbms/2020-07-01-privatepreview Azure-SDK-For-Python AZURECLI/2.16.0
    method: GET
    uri: https://management.azure.com/subscriptions/00000000-0000-0000-0000-000000000000/providers/Microsoft.DBforMySQL/locations/westus2/azureAsyncOperation/384bc4a1-54f6-4dcb-9bf6-f4efc6a15eb3?api-version=2020-07-01-privatepreview
  response:
    body:
      string: '{"name":"384bc4a1-54f6-4dcb-9bf6-f4efc6a15eb3","status":"InProgress","startTime":"2020-12-30T07:05:11.64Z"}'
    headers:
      cache-control:
      - no-cache
      content-length:
      - '107'
      content-type:
      - application/json; charset=utf-8
      date:
      - Wed, 30 Dec 2020 07:18:14 GMT
      expires:
      - '-1'
      pragma:
      - no-cache
      server:
      - Microsoft-HTTPAPI/2.0
      strict-transport-security:
      - max-age=31536000; includeSubDomains
      transfer-encoding:
      - chunked
      vary:
      - Accept-Encoding
      x-content-type-options:
      - nosniff
    status:
      code: 200
      message: OK
- request:
    body: null
    headers:
      Accept:
      - application/json
      Accept-Encoding:
      - gzip, deflate
      CommandName:
      - mysql flexible-server create
      Connection:
      - keep-alive
      ParameterSetName:
      - -g -n -l --vnet
      User-Agent:
      - python/3.7.4 (Windows-10-10.0.19041-SP0) msrest/0.6.18 msrest_azure/0.6.3
        azure-mgmt-rdbms/2020-07-01-privatepreview Azure-SDK-For-Python AZURECLI/2.16.0
    method: GET
    uri: https://management.azure.com/subscriptions/00000000-0000-0000-0000-000000000000/providers/Microsoft.DBforMySQL/locations/westus2/azureAsyncOperation/384bc4a1-54f6-4dcb-9bf6-f4efc6a15eb3?api-version=2020-07-01-privatepreview
  response:
    body:
      string: '{"name":"384bc4a1-54f6-4dcb-9bf6-f4efc6a15eb3","status":"InProgress","startTime":"2020-12-30T07:05:11.64Z"}'
    headers:
      cache-control:
      - no-cache
      content-length:
      - '107'
      content-type:
      - application/json; charset=utf-8
      date:
      - Wed, 30 Dec 2020 07:19:13 GMT
      expires:
      - '-1'
      pragma:
      - no-cache
      server:
      - Microsoft-HTTPAPI/2.0
      strict-transport-security:
      - max-age=31536000; includeSubDomains
      transfer-encoding:
      - chunked
      vary:
      - Accept-Encoding
      x-content-type-options:
      - nosniff
    status:
      code: 200
      message: OK
- request:
    body: null
    headers:
      Accept:
      - application/json
      Accept-Encoding:
      - gzip, deflate
      CommandName:
      - mysql flexible-server create
      Connection:
      - keep-alive
      ParameterSetName:
      - -g -n -l --vnet
      User-Agent:
      - python/3.7.4 (Windows-10-10.0.19041-SP0) msrest/0.6.18 msrest_azure/0.6.3
        azure-mgmt-rdbms/2020-07-01-privatepreview Azure-SDK-For-Python AZURECLI/2.16.0
    method: GET
    uri: https://management.azure.com/subscriptions/00000000-0000-0000-0000-000000000000/providers/Microsoft.DBforMySQL/locations/westus2/azureAsyncOperation/384bc4a1-54f6-4dcb-9bf6-f4efc6a15eb3?api-version=2020-07-01-privatepreview
  response:
    body:
      string: '{"name":"384bc4a1-54f6-4dcb-9bf6-f4efc6a15eb3","status":"Succeeded","startTime":"2020-12-30T07:05:11.64Z"}'
    headers:
      cache-control:
      - no-cache
      content-length:
      - '106'
      content-type:
      - application/json; charset=utf-8
      date:
      - Wed, 30 Dec 2020 07:20:14 GMT
      expires:
      - '-1'
      pragma:
      - no-cache
      server:
      - Microsoft-HTTPAPI/2.0
      strict-transport-security:
      - max-age=31536000; includeSubDomains
      transfer-encoding:
      - chunked
      vary:
      - Accept-Encoding
      x-content-type-options:
      - nosniff
    status:
      code: 200
      message: OK
- request:
    body: null
    headers:
      Accept:
      - application/json
      Accept-Encoding:
      - gzip, deflate
      CommandName:
      - mysql flexible-server create
      Connection:
      - keep-alive
      ParameterSetName:
      - -g -n -l --vnet
      User-Agent:
      - python/3.7.4 (Windows-10-10.0.19041-SP0) msrest/0.6.18 msrest_azure/0.6.3
        azure-mgmt-rdbms/2020-07-01-privatepreview Azure-SDK-For-Python AZURECLI/2.16.0
    method: GET
    uri: https://management.azure.com/subscriptions/00000000-0000-0000-0000-000000000000/resourceGroups/clitest.rg000001/providers/Microsoft.DBForMySql/flexibleServers/azuredbclitest-000004?api-version=2020-07-01-privatepreview
  response:
    body:
      string: '{"sku":{"name":"Standard_B1ms","tier":"Burstable","capacity":0},"properties":{"administratorLogin":"rundownDingo2","storageProfile":{"storageMB":10240,"storageIops":0,"backupRetentionDays":7,"storageAutogrow":"Disabled","fileStorageSkuName":"Premium_LRS"},"version":"5.7","state":"Ready","haState":"NotEnabled","fullyQualifiedDomainName":"azuredbclitest-000004.mysql.database.azure.com","sourceServerId":"","publicNetworkAccess":"Disabled","sslEnforcement":"Disabled","haEnabled":"Disabled","earliestRestoreDate":"2020-12-30T07:20:15.0123367+00:00","maintenanceWindow":{"customWindow":"Disabled","dayOfWeek":0,"startHour":0,"startMinute":0},"replicationRole":"None","replicaCapacity":10,"delegatedSubnetArguments":{"subnetArmResourceId":"/subscriptions/00000000-0000-0000-0000-000000000000/resourceGroups/clitest.rg000001/providers/Microsoft.Network/virtualNetworks/clitestvnet6/subnets/Subnetbclitest-ljqsh"},"byokEnforcement":"Disabled"},"location":"West
        US 2","id":"/subscriptions/00000000-0000-0000-0000-000000000000/resourceGroups/clitest.rg000001/providers/Microsoft.DBforMySQL/flexibleServers/azuredbclitest-000004","name":"azuredbclitest-000004","type":"Microsoft.DBforMySQL/flexibleServers"}'
    headers:
      cache-control:
      - no-cache
      content-length:
      - '1315'
      content-type:
      - application/json; charset=utf-8
      date:
      - Wed, 30 Dec 2020 07:20:14 GMT
      expires:
      - '-1'
      pragma:
      - no-cache
      server:
      - Microsoft-HTTPAPI/2.0
      strict-transport-security:
      - max-age=31536000; includeSubDomains
      transfer-encoding:
      - chunked
      vary:
      - Accept-Encoding
      x-content-type-options:
      - nosniff
    status:
      code: 200
      message: OK
- request:
    body: null
    headers:
      Accept:
      - application/json
      Accept-Encoding:
      - gzip, deflate
      CommandName:
      - mysql flexible-server create
      Connection:
      - keep-alive
      ParameterSetName:
      - -g -n -l --vnet
      User-Agent:
      - python/3.7.4 (Windows-10-10.0.19041-SP0) msrest/0.6.18 msrest_azure/0.6.3
        azure-mgmt-rdbms/2020-07-01-privatepreview Azure-SDK-For-Python AZURECLI/2.16.0
      accept-language:
      - en-US
    method: GET
    uri: https://management.azure.com/subscriptions/00000000-0000-0000-0000-000000000000/resourceGroups/clitest.rg000001/providers/Microsoft.DBForMySql/flexibleServers/azuredbclitest-000004/databases/flexibleserverdb?api-version=2020-07-01-privatepreview
  response:
    body:
      string: '{"error":{"code":"ResourceNotFound","message":"The requested resource
        of type ''Microsoft.DBforMySQL/flexibleServers/databases'' with name ''flexibleserverdb''
        was not found."}}'
    headers:
      cache-control:
      - no-cache
      content-length:
      - '173'
      content-type:
      - application/json; charset=utf-8
      date:
      - Wed, 30 Dec 2020 07:20:15 GMT
      expires:
      - '-1'
      pragma:
      - no-cache
      server:
      - Microsoft-HTTPAPI/2.0
      strict-transport-security:
      - max-age=31536000; includeSubDomains
      x-content-type-options:
      - nosniff
    status:
      code: 404
      message: Not Found
- request:
    body: '{"properties": {"charset": "utf8"}}'
    headers:
      Accept:
      - application/json
      Accept-Encoding:
      - gzip, deflate
      CommandName:
      - mysql flexible-server create
      Connection:
      - keep-alive
      Content-Length:
      - '35'
      Content-Type:
      - application/json; charset=utf-8
      ParameterSetName:
      - -g -n -l --vnet
      User-Agent:
      - python/3.7.4 (Windows-10-10.0.19041-SP0) msrest/0.6.18 msrest_azure/0.6.3
        azure-mgmt-rdbms/2020-07-01-privatepreview Azure-SDK-For-Python AZURECLI/2.16.0
      accept-language:
      - en-US
    method: PUT
    uri: https://management.azure.com/subscriptions/00000000-0000-0000-0000-000000000000/resourceGroups/clitest.rg000001/providers/Microsoft.DBForMySql/flexibleServers/azuredbclitest-000004/databases/flexibleserverdb?api-version=2020-07-01-privatepreview
  response:
    body:
      string: '{"operation":"UpsertServerDatabaseManagementOperation","startTime":"2020-12-30T07:20:16.777Z"}'
    headers:
      azure-asyncoperation:
      - https://management.azure.com/subscriptions/00000000-0000-0000-0000-000000000000/providers/Microsoft.DBforMySQL/locations/westus2/azureAsyncOperation/cd915bfa-b0f2-4094-a43b-77ac2f0b11d1?api-version=2020-07-01-privatepreview
      cache-control:
      - no-cache
      content-length:
      - '94'
      content-type:
      - application/json; charset=utf-8
      date:
      - Wed, 30 Dec 2020 07:20:16 GMT
      expires:
      - '-1'
      location:
      - https://management.azure.com/subscriptions/00000000-0000-0000-0000-000000000000/providers/Microsoft.DBforMySQL/locations/westus2/operationResults/cd915bfa-b0f2-4094-a43b-77ac2f0b11d1?api-version=2020-07-01-privatepreview
      pragma:
      - no-cache
      server:
      - Microsoft-HTTPAPI/2.0
      strict-transport-security:
      - max-age=31536000; includeSubDomains
      x-content-type-options:
      - nosniff
      x-ms-ratelimit-remaining-subscription-writes:
      - '1199'
    status:
      code: 202
      message: Accepted
- request:
    body: null
    headers:
      Accept:
      - application/json
      Accept-Encoding:
      - gzip, deflate
      CommandName:
      - mysql flexible-server create
      Connection:
      - keep-alive
      ParameterSetName:
      - -g -n -l --vnet
      User-Agent:
      - python/3.7.4 (Windows-10-10.0.19041-SP0) msrest/0.6.18 msrest_azure/0.6.3
        azure-mgmt-rdbms/2020-07-01-privatepreview Azure-SDK-For-Python AZURECLI/2.16.0
    method: GET
    uri: https://management.azure.com/subscriptions/00000000-0000-0000-0000-000000000000/providers/Microsoft.DBforMySQL/locations/westus2/azureAsyncOperation/cd915bfa-b0f2-4094-a43b-77ac2f0b11d1?api-version=2020-07-01-privatepreview
  response:
    body:
      string: '{"name":"cd915bfa-b0f2-4094-a43b-77ac2f0b11d1","status":"Succeeded","startTime":"2020-12-30T07:20:16.777Z"}'
    headers:
      cache-control:
      - no-cache
      content-length:
      - '107'
      content-type:
      - application/json; charset=utf-8
      date:
      - Wed, 30 Dec 2020 07:20:32 GMT
      expires:
      - '-1'
      pragma:
      - no-cache
      server:
      - Microsoft-HTTPAPI/2.0
      strict-transport-security:
      - max-age=31536000; includeSubDomains
      transfer-encoding:
      - chunked
      vary:
      - Accept-Encoding
      x-content-type-options:
      - nosniff
    status:
      code: 200
      message: OK
- request:
    body: null
    headers:
      Accept:
      - application/json
      Accept-Encoding:
      - gzip, deflate
      CommandName:
      - mysql flexible-server create
      Connection:
      - keep-alive
      ParameterSetName:
      - -g -n -l --vnet
      User-Agent:
      - python/3.7.4 (Windows-10-10.0.19041-SP0) msrest/0.6.18 msrest_azure/0.6.3
        azure-mgmt-rdbms/2020-07-01-privatepreview Azure-SDK-For-Python AZURECLI/2.16.0
    method: GET
    uri: https://management.azure.com/subscriptions/00000000-0000-0000-0000-000000000000/resourceGroups/clitest.rg000001/providers/Microsoft.DBForMySql/flexibleServers/azuredbclitest-000004/databases/flexibleserverdb?api-version=2020-07-01-privatepreview
  response:
    body:
      string: '{"properties":{"charset":"latin1","collation":"latin1_swedish_ci"},"id":"/subscriptions/00000000-0000-0000-0000-000000000000/resourceGroups/clitest.rg000001/providers/Microsoft.DBforMySQL/flexibleServers/azuredbclitest-000004/databases/flexibleserverdb","name":"flexibleserverdb","type":"Microsoft.DBforMySQL/flexibleServers/databases"}'
    headers:
      cache-control:
      - no-cache
      content-length:
      - '394'
      content-type:
      - application/json; charset=utf-8
      date:
      - Wed, 30 Dec 2020 07:20:32 GMT
      expires:
      - '-1'
      pragma:
      - no-cache
      server:
      - Microsoft-HTTPAPI/2.0
      strict-transport-security:
      - max-age=31536000; includeSubDomains
      transfer-encoding:
      - chunked
      vary:
      - Accept-Encoding
      x-content-type-options:
      - nosniff
    status:
      code: 200
      message: OK
- request:
    body: null
    headers:
      Accept:
      - application/json
      Accept-Encoding:
      - gzip, deflate
      CommandName:
      - mysql flexible-server show
      Connection:
      - keep-alive
      ParameterSetName:
      - -g -n
      User-Agent:
      - python/3.7.4 (Windows-10-10.0.19041-SP0) msrest/0.6.18 msrest_azure/0.6.3
        azure-mgmt-rdbms/2020-07-01-privatepreview Azure-SDK-For-Python AZURECLI/2.16.0
      accept-language:
      - en-US
    method: GET
    uri: https://management.azure.com/subscriptions/00000000-0000-0000-0000-000000000000/resourceGroups/clitest.rg000001/providers/Microsoft.DBForMySql/flexibleServers/azuredbclitest-000003?api-version=2020-07-01-privatepreview
  response:
    body:
      string: '{"sku":{"name":"Standard_B1ms","tier":"Burstable","capacity":0},"properties":{"administratorLogin":"lastApple3","storageProfile":{"storageMB":10240,"storageIops":0,"backupRetentionDays":7,"storageAutogrow":"Disabled","fileStorageSkuName":"Premium_LRS"},"version":"5.7","state":"Ready","haState":"NotEnabled","fullyQualifiedDomainName":"azuredbclitest-000003.mysql.database.azure.com","sourceServerId":"","publicNetworkAccess":"Disabled","sslEnforcement":"Disabled","haEnabled":"Disabled","earliestRestoreDate":"2020-12-30T07:06:12.2804408+00:00","maintenanceWindow":{"customWindow":"Disabled","dayOfWeek":0,"startHour":0,"startMinute":0},"replicationRole":"None","replicaCapacity":10,"delegatedSubnetArguments":{"subnetArmResourceId":"/subscriptions/00000000-0000-0000-0000-000000000000/resourceGroups/clitest.rg000001/providers/Microsoft.Network/virtualNetworks/clitest.vn000002/subnets/default"},"byokEnforcement":"Disabled"},"location":"West
        US 2","id":"/subscriptions/00000000-0000-0000-0000-000000000000/resourceGroups/clitest.rg000001/providers/Microsoft.DBforMySQL/flexibleServers/azuredbclitest-000003","name":"azuredbclitest-000003","type":"Microsoft.DBforMySQL/flexibleServers"}'
    headers:
      cache-control:
      - no-cache
      content-length:
      - '1311'
      content-type:
      - application/json; charset=utf-8
      date:
      - Wed, 30 Dec 2020 07:20:33 GMT
      expires:
      - '-1'
      pragma:
      - no-cache
      server:
      - Microsoft-HTTPAPI/2.0
      strict-transport-security:
      - max-age=31536000; includeSubDomains
      transfer-encoding:
      - chunked
      vary:
      - Accept-Encoding
      x-content-type-options:
      - nosniff
    status:
      code: 200
      message: OK
- request:
    body: null
    headers:
      Accept:
      - application/json
      Accept-Encoding:
      - gzip, deflate
      CommandName:
      - mysql flexible-server show
      Connection:
      - keep-alive
      ParameterSetName:
      - -g -n
      User-Agent:
      - python/3.7.4 (Windows-10-10.0.19041-SP0) msrest/0.6.18 msrest_azure/0.6.3
        azure-mgmt-rdbms/2020-07-01-privatepreview Azure-SDK-For-Python AZURECLI/2.16.0
      accept-language:
      - en-US
    method: GET
    uri: https://management.azure.com/subscriptions/00000000-0000-0000-0000-000000000000/resourceGroups/clitest.rg000001/providers/Microsoft.DBForMySql/flexibleServers/azuredbclitest-000004?api-version=2020-07-01-privatepreview
  response:
    body:
      string: '{"sku":{"name":"Standard_B1ms","tier":"Burstable","capacity":0},"properties":{"administratorLogin":"rundownDingo2","storageProfile":{"storageMB":10240,"storageIops":0,"backupRetentionDays":7,"storageAutogrow":"Disabled","fileStorageSkuName":"Premium_LRS"},"version":"5.7","state":"Ready","haState":"NotEnabled","fullyQualifiedDomainName":"azuredbclitest-000004.mysql.database.azure.com","sourceServerId":"","publicNetworkAccess":"Disabled","sslEnforcement":"Disabled","haEnabled":"Disabled","earliestRestoreDate":"2020-12-30T07:20:33.9546875+00:00","maintenanceWindow":{"customWindow":"Disabled","dayOfWeek":0,"startHour":0,"startMinute":0},"replicationRole":"None","replicaCapacity":10,"delegatedSubnetArguments":{"subnetArmResourceId":"/subscriptions/00000000-0000-0000-0000-000000000000/resourceGroups/clitest.rg000001/providers/Microsoft.Network/virtualNetworks/clitestvnet6/subnets/Subnetbclitest-ljqsh"},"byokEnforcement":"Disabled"},"location":"West
        US 2","id":"/subscriptions/00000000-0000-0000-0000-000000000000/resourceGroups/clitest.rg000001/providers/Microsoft.DBforMySQL/flexibleServers/azuredbclitest-000004","name":"azuredbclitest-000004","type":"Microsoft.DBforMySQL/flexibleServers"}'
    headers:
      cache-control:
      - no-cache
      content-length:
      - '1315'
      content-type:
      - application/json; charset=utf-8
      date:
      - Wed, 30 Dec 2020 07:20:33 GMT
      expires:
      - '-1'
      pragma:
      - no-cache
      server:
      - Microsoft-HTTPAPI/2.0
      strict-transport-security:
      - max-age=31536000; includeSubDomains
      transfer-encoding:
      - chunked
      vary:
      - Accept-Encoding
      x-content-type-options:
      - nosniff
    status:
      code: 200
      message: OK
- request:
    body: null
    headers:
      Accept:
      - application/json
      Accept-Encoding:
      - gzip, deflate
      CommandName:
      - mysql flexible-server delete
      Connection:
      - keep-alive
      Content-Length:
      - '0'
      ParameterSetName:
      - -g -n --yes
      User-Agent:
      - python/3.7.4 (Windows-10-10.0.19041-SP0) msrest/0.6.18 msrest_azure/0.6.3
        azure-mgmt-rdbms/2020-07-01-privatepreview Azure-SDK-For-Python AZURECLI/2.16.0
      accept-language:
      - en-US
    method: DELETE
    uri: https://management.azure.com/subscriptions/00000000-0000-0000-0000-000000000000/resourceGroups/clitest.rg000001/providers/Microsoft.DBForMySql/flexibleServers/azuredbclitest-000003?api-version=2020-07-01-privatepreview
  response:
    body:
      string: '{"operation":"DropServerManagementOperation","startTime":"2020-12-30T07:20:34.423Z"}'
    headers:
      azure-asyncoperation:
      - https://management.azure.com/subscriptions/00000000-0000-0000-0000-000000000000/providers/Microsoft.DBforMySQL/locations/West%20US%202/azureAsyncOperation/827d17bf-860c-42f3-b4ff-e30da30b3cb6?api-version=2020-07-01-privatepreview
      cache-control:
      - no-cache
      content-length:
      - '84'
      content-type:
      - application/json; charset=utf-8
      date:
      - Wed, 30 Dec 2020 07:20:34 GMT
      expires:
      - '-1'
      location:
      - https://management.azure.com/subscriptions/00000000-0000-0000-0000-000000000000/providers/Microsoft.DBforMySQL/locations/West%20US%202/operationResults/827d17bf-860c-42f3-b4ff-e30da30b3cb6?api-version=2020-07-01-privatepreview
      pragma:
      - no-cache
      server:
      - Microsoft-HTTPAPI/2.0
      strict-transport-security:
      - max-age=31536000; includeSubDomains
      x-content-type-options:
      - nosniff
      x-ms-ratelimit-remaining-subscription-deletes:
      - '14999'
    status:
      code: 202
      message: Accepted
- request:
    body: null
    headers:
      Accept:
      - application/json
      Accept-Encoding:
      - gzip, deflate
      CommandName:
      - mysql flexible-server delete
      Connection:
      - keep-alive
      ParameterSetName:
      - -g -n --yes
      User-Agent:
      - python/3.7.4 (Windows-10-10.0.19041-SP0) msrest/0.6.18 msrest_azure/0.6.3
        azure-mgmt-rdbms/2020-07-01-privatepreview Azure-SDK-For-Python AZURECLI/2.16.0
    method: GET
    uri: https://management.azure.com/subscriptions/00000000-0000-0000-0000-000000000000/providers/Microsoft.DBforMySQL/locations/West%20US%202/azureAsyncOperation/827d17bf-860c-42f3-b4ff-e30da30b3cb6?api-version=2020-07-01-privatepreview
  response:
    body:
      string: '{"name":"827d17bf-860c-42f3-b4ff-e30da30b3cb6","status":"InProgress","startTime":"2020-12-30T07:20:34.423Z"}'
    headers:
      cache-control:
      - no-cache
      content-length:
      - '108'
      content-type:
      - application/json; charset=utf-8
      date:
      - Wed, 30 Dec 2020 07:20:49 GMT
      expires:
      - '-1'
      pragma:
      - no-cache
      server:
      - Microsoft-HTTPAPI/2.0
      strict-transport-security:
      - max-age=31536000; includeSubDomains
      transfer-encoding:
      - chunked
      vary:
      - Accept-Encoding
      x-content-type-options:
      - nosniff
    status:
      code: 200
      message: OK
- request:
    body: null
    headers:
      Accept:
      - application/json
      Accept-Encoding:
      - gzip, deflate
      CommandName:
      - mysql flexible-server delete
      Connection:
      - keep-alive
      ParameterSetName:
      - -g -n --yes
      User-Agent:
      - python/3.7.4 (Windows-10-10.0.19041-SP0) msrest/0.6.18 msrest_azure/0.6.3
        azure-mgmt-rdbms/2020-07-01-privatepreview Azure-SDK-For-Python AZURECLI/2.16.0
    method: GET
    uri: https://management.azure.com/subscriptions/00000000-0000-0000-0000-000000000000/providers/Microsoft.DBforMySQL/locations/West%20US%202/azureAsyncOperation/827d17bf-860c-42f3-b4ff-e30da30b3cb6?api-version=2020-07-01-privatepreview
  response:
    body:
      string: '{"name":"827d17bf-860c-42f3-b4ff-e30da30b3cb6","status":"InProgress","startTime":"2020-12-30T07:20:34.423Z"}'
    headers:
      cache-control:
      - no-cache
      content-length:
      - '108'
      content-type:
      - application/json; charset=utf-8
      date:
      - Wed, 30 Dec 2020 07:21:04 GMT
      expires:
      - '-1'
      pragma:
      - no-cache
      server:
      - Microsoft-HTTPAPI/2.0
      strict-transport-security:
      - max-age=31536000; includeSubDomains
      transfer-encoding:
      - chunked
      vary:
      - Accept-Encoding
      x-content-type-options:
      - nosniff
    status:
      code: 200
      message: OK
- request:
    body: null
    headers:
      Accept:
      - application/json
      Accept-Encoding:
      - gzip, deflate
      CommandName:
      - mysql flexible-server delete
      Connection:
      - keep-alive
      ParameterSetName:
      - -g -n --yes
      User-Agent:
      - python/3.7.4 (Windows-10-10.0.19041-SP0) msrest/0.6.18 msrest_azure/0.6.3
        azure-mgmt-rdbms/2020-07-01-privatepreview Azure-SDK-For-Python AZURECLI/2.16.0
    method: GET
    uri: https://management.azure.com/subscriptions/00000000-0000-0000-0000-000000000000/providers/Microsoft.DBforMySQL/locations/West%20US%202/azureAsyncOperation/827d17bf-860c-42f3-b4ff-e30da30b3cb6?api-version=2020-07-01-privatepreview
  response:
    body:
      string: '{"name":"827d17bf-860c-42f3-b4ff-e30da30b3cb6","status":"Succeeded","startTime":"2020-12-30T07:20:34.423Z"}'
    headers:
      cache-control:
      - no-cache
      content-length:
      - '107'
      content-type:
      - application/json; charset=utf-8
      date:
      - Wed, 30 Dec 2020 07:21:19 GMT
      expires:
      - '-1'
      pragma:
      - no-cache
      server:
      - Microsoft-HTTPAPI/2.0
      strict-transport-security:
      - max-age=31536000; includeSubDomains
      transfer-encoding:
      - chunked
      vary:
      - Accept-Encoding
      x-content-type-options:
      - nosniff
    status:
      code: 200
      message: OK
- request:
    body: null
    headers:
      Accept:
      - application/json
      Accept-Encoding:
      - gzip, deflate
      CommandName:
      - mysql flexible-server delete
      Connection:
      - keep-alive
      Content-Length:
      - '0'
      ParameterSetName:
      - -g -n --yes
      User-Agent:
      - python/3.7.4 (Windows-10-10.0.19041-SP0) msrest/0.6.18 msrest_azure/0.6.3
        azure-mgmt-rdbms/2020-07-01-privatepreview Azure-SDK-For-Python AZURECLI/2.16.0
      accept-language:
      - en-US
    method: DELETE
    uri: https://management.azure.com/subscriptions/00000000-0000-0000-0000-000000000000/resourceGroups/clitest.rg000001/providers/Microsoft.DBForMySql/flexibleServers/azuredbclitest-000004?api-version=2020-07-01-privatepreview
  response:
    body:
      string: '{"operation":"DropServerManagementOperation","startTime":"2020-12-30T07:21:21.237Z"}'
    headers:
      azure-asyncoperation:
      - https://management.azure.com/subscriptions/00000000-0000-0000-0000-000000000000/providers/Microsoft.DBforMySQL/locations/West%20US%202/azureAsyncOperation/ff29b2f5-1493-4f92-847d-46e346c18b2f?api-version=2020-07-01-privatepreview
      cache-control:
      - no-cache
      content-length:
      - '84'
      content-type:
      - application/json; charset=utf-8
      date:
      - Wed, 30 Dec 2020 07:21:20 GMT
      expires:
      - '-1'
      location:
      - https://management.azure.com/subscriptions/00000000-0000-0000-0000-000000000000/providers/Microsoft.DBforMySQL/locations/West%20US%202/operationResults/ff29b2f5-1493-4f92-847d-46e346c18b2f?api-version=2020-07-01-privatepreview
      pragma:
      - no-cache
      server:
      - Microsoft-HTTPAPI/2.0
      strict-transport-security:
      - max-age=31536000; includeSubDomains
      x-content-type-options:
      - nosniff
      x-ms-ratelimit-remaining-subscription-deletes:
      - '14999'
    status:
      code: 202
      message: Accepted
- request:
    body: null
    headers:
      Accept:
      - application/json
      Accept-Encoding:
      - gzip, deflate
      CommandName:
      - mysql flexible-server delete
      Connection:
      - keep-alive
      ParameterSetName:
      - -g -n --yes
      User-Agent:
      - python/3.7.4 (Windows-10-10.0.19041-SP0) msrest/0.6.18 msrest_azure/0.6.3
        azure-mgmt-rdbms/2020-07-01-privatepreview Azure-SDK-For-Python AZURECLI/2.16.0
    method: GET
    uri: https://management.azure.com/subscriptions/00000000-0000-0000-0000-000000000000/providers/Microsoft.DBforMySQL/locations/West%20US%202/azureAsyncOperation/ff29b2f5-1493-4f92-847d-46e346c18b2f?api-version=2020-07-01-privatepreview
  response:
    body:
      string: '{"name":"ff29b2f5-1493-4f92-847d-46e346c18b2f","status":"InProgress","startTime":"2020-12-30T07:21:21.237Z"}'
    headers:
      cache-control:
      - no-cache
      content-length:
      - '108'
      content-type:
      - application/json; charset=utf-8
      date:
      - Wed, 30 Dec 2020 07:21:35 GMT
      expires:
      - '-1'
      pragma:
      - no-cache
      server:
      - Microsoft-HTTPAPI/2.0
      strict-transport-security:
      - max-age=31536000; includeSubDomains
      transfer-encoding:
      - chunked
      vary:
      - Accept-Encoding
      x-content-type-options:
      - nosniff
    status:
      code: 200
      message: OK
- request:
    body: null
    headers:
      Accept:
      - application/json
      Accept-Encoding:
      - gzip, deflate
      CommandName:
      - mysql flexible-server delete
      Connection:
      - keep-alive
      ParameterSetName:
      - -g -n --yes
      User-Agent:
      - python/3.7.4 (Windows-10-10.0.19041-SP0) msrest/0.6.18 msrest_azure/0.6.3
        azure-mgmt-rdbms/2020-07-01-privatepreview Azure-SDK-For-Python AZURECLI/2.16.0
    method: GET
    uri: https://management.azure.com/subscriptions/00000000-0000-0000-0000-000000000000/providers/Microsoft.DBforMySQL/locations/West%20US%202/azureAsyncOperation/ff29b2f5-1493-4f92-847d-46e346c18b2f?api-version=2020-07-01-privatepreview
  response:
    body:
      string: '{"name":"ff29b2f5-1493-4f92-847d-46e346c18b2f","status":"InProgress","startTime":"2020-12-30T07:21:21.237Z"}'
    headers:
      cache-control:
      - no-cache
      content-length:
      - '108'
      content-type:
      - application/json; charset=utf-8
      date:
      - Wed, 30 Dec 2020 07:21:51 GMT
      expires:
      - '-1'
      pragma:
      - no-cache
      server:
      - Microsoft-HTTPAPI/2.0
      strict-transport-security:
      - max-age=31536000; includeSubDomains
      transfer-encoding:
      - chunked
      vary:
      - Accept-Encoding
      x-content-type-options:
      - nosniff
    status:
      code: 200
      message: OK
- request:
    body: null
    headers:
      Accept:
      - application/json
      Accept-Encoding:
      - gzip, deflate
      CommandName:
      - mysql flexible-server delete
      Connection:
      - keep-alive
      ParameterSetName:
      - -g -n --yes
      User-Agent:
      - python/3.7.4 (Windows-10-10.0.19041-SP0) msrest/0.6.18 msrest_azure/0.6.3
        azure-mgmt-rdbms/2020-07-01-privatepreview Azure-SDK-For-Python AZURECLI/2.16.0
    method: GET
    uri: https://management.azure.com/subscriptions/00000000-0000-0000-0000-000000000000/providers/Microsoft.DBforMySQL/locations/West%20US%202/azureAsyncOperation/ff29b2f5-1493-4f92-847d-46e346c18b2f?api-version=2020-07-01-privatepreview
  response:
    body:
      string: '{"name":"ff29b2f5-1493-4f92-847d-46e346c18b2f","status":"Succeeded","startTime":"2020-12-30T07:21:21.237Z"}'
    headers:
      cache-control:
      - no-cache
      content-length:
      - '107'
      content-type:
      - application/json; charset=utf-8
      date:
      - Wed, 30 Dec 2020 07:22:06 GMT
      expires:
      - '-1'
      pragma:
      - no-cache
      server:
      - Microsoft-HTTPAPI/2.0
      strict-transport-security:
      - max-age=31536000; includeSubDomains
      transfer-encoding:
      - chunked
      vary:
      - Accept-Encoding
      x-content-type-options:
      - nosniff
    status:
      code: 200
      message: OK
- request:
    body: null
    headers:
      Accept:
      - application/json
      Accept-Encoding:
      - gzip, deflate
      CommandName:
      - network vnet subnet update
      Connection:
      - keep-alive
      ParameterSetName:
      - -g --name --vnet-name --remove
      User-Agent:
      - AZURECLI/2.16.0 azsdk-python-azure-mgmt-network/17.0.0 Python/3.7.4 (Windows-10-10.0.19041-SP0)
    method: GET
    uri: https://management.azure.com/subscriptions/00000000-0000-0000-0000-000000000000/resourceGroups/clitest.rg000001/providers/Microsoft.Network/virtualNetworks/clitestvnet6/subnets/Subnetbclitest-ljqsh?api-version=2020-07-01
  response:
    body:
      string: "{\r\n  \"name\": \"Subnetbclitest-ljqsh\",\r\n  \"id\": \"/subscriptions/00000000-0000-0000-0000-000000000000/resourceGroups/clitest.rg000001/providers/Microsoft.Network/virtualNetworks/clitestvnet6/subnets/Subnetbclitest-ljqsh\",\r\n
        \ \"etag\": \"W/\\\"486471e6-d4d5-402b-a3d9-ce59d50ce55a\\\"\",\r\n  \"properties\":
        {\r\n    \"provisioningState\": \"Succeeded\",\r\n    \"addressPrefix\": \"10.0.0.0/24\",\r\n
        \   \"networkSecurityGroup\": {\r\n      \"id\": \"/subscriptions/00000000-0000-0000-0000-000000000000/resourceGroups/clitest.rg000001/providers/Microsoft.Network/networkSecurityGroups/clitestvnet6-Subnetbclitest-ljqsh-NRMS\"\r\n
        \   },\r\n    \"delegations\": [\r\n      {\r\n        \"name\": \"Microsoft.DBforMySQL/flexibleServers\",\r\n
        \       \"id\": \"/subscriptions/00000000-0000-0000-0000-000000000000/resourceGroups/clitest.rg000001/providers/Microsoft.Network/virtualNetworks/clitestvnet6/subnets/Subnetbclitest-ljqsh/delegations/Microsoft.DBforMySQL/flexibleServers\",\r\n
        \       \"etag\": \"W/\\\"486471e6-d4d5-402b-a3d9-ce59d50ce55a\\\"\",\r\n
        \       \"properties\": {\r\n          \"provisioningState\": \"Succeeded\",\r\n
        \         \"serviceName\": \"Microsoft.DBforMySQL/flexibleServers\",\r\n          \"actions\":
        [\r\n            \"Microsoft.Network/virtualNetworks/subnets/join/action\"\r\n
        \         ]\r\n        },\r\n        \"type\": \"Microsoft.Network/virtualNetworks/subnets/delegations\"\r\n
        \     }\r\n    ],\r\n    \"privateEndpointNetworkPolicies\": \"Enabled\",\r\n
        \   \"privateLinkServiceNetworkPolicies\": \"Enabled\"\r\n  },\r\n  \"type\":
        \"Microsoft.Network/virtualNetworks/subnets\"\r\n}"
    headers:
      cache-control:
      - no-cache
      content-length:
      - '1672'
      content-type:
      - application/json; charset=utf-8
      date:
      - Wed, 30 Dec 2020 07:37:09 GMT
      etag:
      - W/"486471e6-d4d5-402b-a3d9-ce59d50ce55a"
      expires:
      - '-1'
      pragma:
      - no-cache
      server:
      - Microsoft-HTTPAPI/2.0
      - Microsoft-HTTPAPI/2.0
      strict-transport-security:
      - max-age=31536000; includeSubDomains
      transfer-encoding:
      - chunked
      vary:
      - Accept-Encoding
      x-content-type-options:
      - nosniff
      x-ms-arm-service-request-id:
      - 9ecfe752-e270-4c91-bfbf-c6d458ccace8
    status:
      code: 200
      message: OK
- request:
    body: '{"id": "/subscriptions/00000000-0000-0000-0000-000000000000/resourceGroups/clitest.rg000001/providers/Microsoft.Network/virtualNetworks/clitestvnet6/subnets/Subnetbclitest-ljqsh",
      "name": "Subnetbclitest-ljqsh", "properties": {"addressPrefix": "10.0.0.0/24",
      "networkSecurityGroup": {"id": "/subscriptions/00000000-0000-0000-0000-000000000000/resourceGroups/clitest.rg000001/providers/Microsoft.Network/networkSecurityGroups/clitestvnet6-Subnetbclitest-ljqsh-NRMS"},
      "delegations": [], "privateEndpointNetworkPolicies": "Enabled", "privateLinkServiceNetworkPolicies":
      "Enabled"}}'
    headers:
      Accept:
      - application/json
      Accept-Encoding:
      - gzip, deflate
      CommandName:
      - network vnet subnet update
      Connection:
      - keep-alive
      Content-Length:
      - '697'
      Content-Type:
      - application/json
      ParameterSetName:
      - -g --name --vnet-name --remove
      User-Agent:
      - AZURECLI/2.16.0 azsdk-python-azure-mgmt-network/17.0.0 Python/3.7.4 (Windows-10-10.0.19041-SP0)
    method: PUT
    uri: https://management.azure.com/subscriptions/00000000-0000-0000-0000-000000000000/resourceGroups/clitest.rg000001/providers/Microsoft.Network/virtualNetworks/clitestvnet6/subnets/Subnetbclitest-ljqsh?api-version=2020-07-01
  response:
    body:
      string: "{\r\n  \"name\": \"Subnetbclitest-ljqsh\",\r\n  \"id\": \"/subscriptions/00000000-0000-0000-0000-000000000000/resourceGroups/clitest.rg000001/providers/Microsoft.Network/virtualNetworks/clitestvnet6/subnets/Subnetbclitest-ljqsh\",\r\n
        \ \"etag\": \"W/\\\"bd33e19c-221d-4bbc-bfb2-a88647657da0\\\"\",\r\n  \"properties\":
        {\r\n    \"provisioningState\": \"Updating\",\r\n    \"addressPrefix\": \"10.0.0.0/24\",\r\n
        \   \"networkSecurityGroup\": {\r\n      \"id\": \"/subscriptions/00000000-0000-0000-0000-000000000000/resourceGroups/clitest.rg000001/providers/Microsoft.Network/networkSecurityGroups/clitestvnet6-Subnetbclitest-ljqsh-NRMS\"\r\n
        \   },\r\n    \"delegations\": [],\r\n    \"privateEndpointNetworkPolicies\":
        \"Enabled\",\r\n    \"privateLinkServiceNetworkPolicies\": \"Enabled\"\r\n
        \ },\r\n  \"type\": \"Microsoft.Network/virtualNetworks/subnets\"\r\n}"
    headers:
      azure-asyncoperation:
      - https://management.azure.com/subscriptions/00000000-0000-0000-0000-000000000000/providers/Microsoft.Network/locations/westus2/operations/0c806e64-3f8e-4e53-962d-9f23485e293f?api-version=2020-07-01
      cache-control:
      - no-cache
      content-length:
      - '904'
      content-type:
      - application/json; charset=utf-8
      date:
      - Wed, 30 Dec 2020 07:37:09 GMT
      expires:
      - '-1'
      pragma:
      - no-cache
      server:
      - Microsoft-HTTPAPI/2.0
      - Microsoft-HTTPAPI/2.0
      strict-transport-security:
      - max-age=31536000; includeSubDomains
      transfer-encoding:
      - chunked
      vary:
      - Accept-Encoding
      x-content-type-options:
      - nosniff
      x-ms-arm-service-request-id:
      - 8a233209-ed1b-4d98-8697-71d96c87914d
      x-ms-ratelimit-remaining-subscription-writes:
      - '1199'
    status:
      code: 200
      message: OK
- request:
    body: null
    headers:
      Accept:
      - '*/*'
      Accept-Encoding:
      - gzip, deflate
      CommandName:
      - network vnet subnet update
      Connection:
      - keep-alive
      ParameterSetName:
      - -g --name --vnet-name --remove
      User-Agent:
      - AZURECLI/2.16.0 azsdk-python-azure-mgmt-network/17.0.0 Python/3.7.4 (Windows-10-10.0.19041-SP0)
    method: GET
    uri: https://management.azure.com/subscriptions/00000000-0000-0000-0000-000000000000/providers/Microsoft.Network/locations/westus2/operations/0c806e64-3f8e-4e53-962d-9f23485e293f?api-version=2020-07-01
  response:
    body:
      string: "{\r\n  \"status\": \"Succeeded\"\r\n}"
    headers:
      cache-control:
      - no-cache
      content-length:
      - '29'
      content-type:
      - application/json; charset=utf-8
      date:
      - Wed, 30 Dec 2020 07:37:12 GMT
      expires:
      - '-1'
      pragma:
      - no-cache
      server:
      - Microsoft-HTTPAPI/2.0
      - Microsoft-HTTPAPI/2.0
      strict-transport-security:
      - max-age=31536000; includeSubDomains
      transfer-encoding:
      - chunked
      vary:
      - Accept-Encoding
      x-content-type-options:
      - nosniff
      x-ms-arm-service-request-id:
      - 1171cfef-d4f2-44ed-8460-5af4aab268b7
    status:
      code: 200
      message: OK
- request:
    body: null
    headers:
      Accept:
      - '*/*'
      Accept-Encoding:
      - gzip, deflate
      CommandName:
      - network vnet subnet update
      Connection:
      - keep-alive
      ParameterSetName:
      - -g --name --vnet-name --remove
      User-Agent:
      - AZURECLI/2.16.0 azsdk-python-azure-mgmt-network/17.0.0 Python/3.7.4 (Windows-10-10.0.19041-SP0)
    method: GET
    uri: https://management.azure.com/subscriptions/00000000-0000-0000-0000-000000000000/resourceGroups/clitest.rg000001/providers/Microsoft.Network/virtualNetworks/clitestvnet6/subnets/Subnetbclitest-ljqsh?api-version=2020-07-01
  response:
    body:
      string: "{\r\n  \"name\": \"Subnetbclitest-ljqsh\",\r\n  \"id\": \"/subscriptions/00000000-0000-0000-0000-000000000000/resourceGroups/clitest.rg000001/providers/Microsoft.Network/virtualNetworks/clitestvnet6/subnets/Subnetbclitest-ljqsh\",\r\n
        \ \"etag\": \"W/\\\"055eaa8f-58e2-48f9-86a8-85884804b1d9\\\"\",\r\n  \"properties\":
        {\r\n    \"provisioningState\": \"Succeeded\",\r\n    \"addressPrefix\": \"10.0.0.0/24\",\r\n
        \   \"networkSecurityGroup\": {\r\n      \"id\": \"/subscriptions/00000000-0000-0000-0000-000000000000/resourceGroups/clitest.rg000001/providers/Microsoft.Network/networkSecurityGroups/clitestvnet6-Subnetbclitest-ljqsh-NRMS\"\r\n
        \   },\r\n    \"delegations\": [],\r\n    \"privateEndpointNetworkPolicies\":
        \"Enabled\",\r\n    \"privateLinkServiceNetworkPolicies\": \"Enabled\"\r\n
        \ },\r\n  \"type\": \"Microsoft.Network/virtualNetworks/subnets\"\r\n}"
    headers:
      cache-control:
      - no-cache
      content-length:
      - '905'
      content-type:
      - application/json; charset=utf-8
      date:
      - Wed, 30 Dec 2020 07:37:12 GMT
      etag:
      - W/"055eaa8f-58e2-48f9-86a8-85884804b1d9"
      expires:
      - '-1'
      pragma:
      - no-cache
      server:
      - Microsoft-HTTPAPI/2.0
      - Microsoft-HTTPAPI/2.0
      strict-transport-security:
      - max-age=31536000; includeSubDomains
      transfer-encoding:
      - chunked
      vary:
      - Accept-Encoding
      x-content-type-options:
      - nosniff
      x-ms-arm-service-request-id:
      - 2cc00308-4ac2-4eb2-838a-f57675d72861
    status:
      code: 200
      message: OK
- request:
    body: null
    headers:
      Accept:
      - application/json
      Accept-Encoding:
      - gzip, deflate
      CommandName:
      - network vnet delete
      Connection:
      - keep-alive
      Content-Length:
      - '0'
      ParameterSetName:
      - -g -n
      User-Agent:
      - AZURECLI/2.16.0 azsdk-python-azure-mgmt-network/17.0.0 Python/3.7.4 (Windows-10-10.0.19041-SP0)
    method: DELETE
    uri: https://management.azure.com/subscriptions/00000000-0000-0000-0000-000000000000/resourceGroups/clitest.rg000001/providers/Microsoft.Network/virtualNetworks/clitestvnet6?api-version=2020-07-01
  response:
    body:
      string: ''
    headers:
      azure-asyncnotification:
      - Enabled
      azure-asyncoperation:
      - https://management.azure.com/subscriptions/00000000-0000-0000-0000-000000000000/providers/Microsoft.Network/locations/westus2/operations/96951acc-6054-4843-a941-8589cb040e7e?api-version=2020-07-01
      cache-control:
      - no-cache
      content-length:
      - '0'
      date:
      - Wed, 30 Dec 2020 07:37:13 GMT
      expires:
      - '-1'
      location:
      - https://management.azure.com/subscriptions/00000000-0000-0000-0000-000000000000/providers/Microsoft.Network/locations/westus2/operationResults/96951acc-6054-4843-a941-8589cb040e7e?api-version=2020-07-01
      pragma:
      - no-cache
      server:
      - Microsoft-HTTPAPI/2.0
      - Microsoft-HTTPAPI/2.0
      strict-transport-security:
      - max-age=31536000; includeSubDomains
      x-content-type-options:
      - nosniff
      x-ms-arm-service-request-id:
      - 2389c5b1-a34f-4456-8ce2-2c568148fdd6
      x-ms-ratelimit-remaining-subscription-deletes:
      - '14999'
    status:
      code: 202
      message: Accepted
- request:
    body: null
    headers:
      Accept:
      - '*/*'
      Accept-Encoding:
      - gzip, deflate
      CommandName:
      - network vnet delete
      Connection:
      - keep-alive
      ParameterSetName:
      - -g -n
      User-Agent:
      - AZURECLI/2.16.0 azsdk-python-azure-mgmt-network/17.0.0 Python/3.7.4 (Windows-10-10.0.19041-SP0)
    method: GET
    uri: https://management.azure.com/subscriptions/00000000-0000-0000-0000-000000000000/providers/Microsoft.Network/locations/westus2/operations/96951acc-6054-4843-a941-8589cb040e7e?api-version=2020-07-01
  response:
    body:
      string: "{\r\n  \"status\": \"Succeeded\"\r\n}"
    headers:
      cache-control:
      - no-cache
      content-length:
      - '29'
      content-type:
      - application/json; charset=utf-8
      date:
      - Wed, 30 Dec 2020 07:37:23 GMT
      expires:
      - '-1'
      pragma:
      - no-cache
      server:
      - Microsoft-HTTPAPI/2.0
      - Microsoft-HTTPAPI/2.0
      strict-transport-security:
      - max-age=31536000; includeSubDomains
      transfer-encoding:
      - chunked
      vary:
      - Accept-Encoding
      x-content-type-options:
      - nosniff
      x-ms-arm-service-request-id:
      - fc56154b-6027-494e-ad38-86b4f29c324c
    status:
      code: 200
      message: OK
version: 1
